ERROR: unknown flag: --name
 - uat-572-ipv4-worker2 stopped (role: worker, 4.9s)
 - uat-572-ipv4-worker stopped (role: worker, 0.4s)
 - uat-572-ipv4-control-plane stopped (role: control-plane, 30.3s)
 - uat-572-ipv4-control-plane2 stopped (role: control-plane, 30.4s)
 - uat-572-ipv4-control-plane3 stopped (role: control-plane, 30.3s)
 - uat-572-ipv4-external-load-balancer stopped (role: external-load-balancer, 30.3s)
Cluster paused. Total time: 127.4s
 - uat-572-ipv4-worker stopped (role: worker, 5.2s)
 - uat-572-ipv4-worker2 stopped (role: worker, 0.6s)
 - uat-572-ipv4-control-plane stopped (role: control-plane, 30.3s)
 - uat-572-ipv4-control-plane2 stopped (role: control-plane, 30.3s)
 - uat-572-ipv4-control-plane3 stopped (role: control-plane, 30.3s)
 - uat-572-ipv4-external-load-balancer stopped (role: external-load-balancer, 30.2s)
Cluster paused. Total time: 127.7s
 - uat-572-ipv4-worker stopped (role: worker, 0.8s)
 - uat-572-ipv4-worker2 stopped (role: worker, 5.3s)
 - uat-572-ipv4-control-plane stopped (role: control-plane, 30.3s)
 - uat-572-ipv4-control-plane2 stopped (role: control-plane, 30.3s)
 - uat-572-ipv4-control-plane3 stopped (role: control-plane, 30.4s)
 - uat-572-ipv4-external-load-balancer stopped (role: external-load-balancer, 30.3s)
Cluster paused. Total time: 128.0s
 - uat-572-ipv4-worker2 stopped (role: worker, 0.6s)
 - uat-572-ipv4-worker stopped (role: worker, 5.3s)
 - uat-572-ipv4-control-plane stopped (role: control-plane, 30.3s)
 - uat-572-ipv4-control-plane2 stopped (role: control-plane, 30.4s)
 - uat-572-ipv4-control-plane3 stopped (role: control-plane, 30.4s)
 - uat-572-ipv4-external-load-balancer stopped (role: external-load-balancer, 30.3s)
Cluster paused. Total time: 127.8s
