=== Phase 58 Plan 01 — Phase 47 HA pause/resume live UAT ===
ETA ~10 min; cluster uat-58-01; log hack/uat-47-ha-smoke.log
HEAD:  b64ceae2e4e86b3217c4db6621cac14a90f30e1d
Date:  2026-05-19T16:19:03Z
--- make build ---
go build -v -o "/Users/patrykattc/work/git/kinder/bin/kinder" -trimpath -ldflags="-buildid= -w -X=sigs.k8s.io/kind/pkg/internal/kindversion.gitCommit=b64ceae2e4e86b3217c4db6621cac14a90f30e1d -X=sigs.k8s.io/kind/pkg/internal/kindversion.gitCommitCount=158"
kind v1.5.0 go1.25.7 darwin/arm64
Using: /Users/patrykattc/work/git/kinder/bin/kinder
Build: May 19 12:19:03 2026
PATH-resolved kinder: /opt/homebrew/bin/kinder
--- docker info (RAM headroom) ---
 CPUs: 24
 Total Memory: 15.84GiB
--- create cluster uat-58-01 (3 CP + 2 worker) ---
Creating cluster "uat-58-01" ...

NOTE: The following addon images will be pulled during cluster creation.
      Pre-load them and use --air-gapped to skip pulls:
        docker.io/envoyproxy/envoy:v1.36.2
        docker.io/envoyproxy/ratelimit:05c08d03
        docker.io/library/busybox:1.37.0
        docker.io/rancher/local-path-provisioner:v0.0.36
        envoyproxy/gateway:v1.7.2
        ghcr.io/headlamp-k8s/headlamp:v0.42.0
        quay.io/jetstack/cert-manager-cainjector:v1.20.2
        quay.io/jetstack/cert-manager-controller:v1.20.2
        quay.io/jetstack/cert-manager-webhook:v1.20.2
        quay.io/metallb/controller:v0.15.3
        quay.io/metallb/speaker:v0.15.3
        registry.k8s.io/metrics-server/metrics-server:v0.8.1
        registry:2

 • Ensuring node image (kindest/node:v1.35.1) 🖼  ...
HA cluster will use ip-pin resume strategy
 ✓ Ensuring node image (kindest/node:v1.35.1) 🖼
 • Preparing nodes 📦 📦 📦 📦 📦   ...
pinned 3 HA control-plane IPs (strategy=ip-pinned)
 ✓ Preparing nodes 📦 📦 📦 📦 📦 
 • Configuring the external load balancer ⚖️  ...
 ✓ Configuring the external load balancer ⚖️
 • Writing configuration 📜  ...
 ✓ Writing configuration 📜
 • Starting control-plane 🕹️  ...
 ✓ Starting control-plane 🕹️
 • Installing CNI 🔌  ...
 ✓ Installing CNI 🔌
 • Joining more control-plane nodes 🎮  ...
 ✓ Joining more control-plane nodes 🎮
 • Joining worker nodes 🚜  ...
 ✓ Joining worker nodes 🚜

Local Registry:
  Push:        docker push localhost:5001/myimage:latest
  Pull in pods: image: localhost:5001/myimage:latest

 * Skipping NVIDIA GPU (disabled in config)

Dashboard:
  Get token: kubectl -n kube-system get secret kinder-dashboard-token -o jsonpath='{.data.token}' | base64 -d
  Port-forward: kubectl port-forward -n kube-system service/headlamp 8080:80
  Then open: http://localhost:8080

 • Installing Envoy Gateway  ...
 ✓ Installing Envoy Gateway
On darwin, MetalLB LoadBalancer IPs are not directly reachable from the host.
   Use kubectl port-forward to access LoadBalancer services:
   kubectl port-forward svc/<service-name> <local-port>:<service-port>

Addons:
 * Local Registry       installed (1.1s)
 * MetalLB              installed (31.6s)
 * Metrics Server       installed (43.5s)
 * CoreDNS Tuning       installed (1.8s)
 * Dashboard            installed (46.6s)
 * Cert Manager         installed (13.9s)
 * Local Path Provisioner installed (7.0s)
 * NVIDIA GPU           skipped (disabled)
 * Envoy Gateway        installed (25.5s)
Set kubectl context to "kind-uat-58-01"
You can now use your cluster with:

kubectl cluster-info --context kind-uat-58-01

Thanks for using kinder! 😊
node/uat-58-01-control-plane condition met
node/uat-58-01-control-plane2 condition met
node/uat-58-01-control-plane3 condition met
node/uat-58-01-worker condition met
node/uat-58-01-worker2 condition met
--- SC1 baseline: docker stats + ps ---
unknown flag: --filter

Usage:  docker stats [OPTIONS] [CONTAINER...]

Run 'docker stats --help' for more information
uat-58-01-control-plane3: Up 2 minutes
uat-58-01-control-plane2: Up 2 minutes
uat-58-01-worker2: Up 2 minutes
uat-58-01-control-plane: Up 2 minutes
uat-58-01-worker: Up 2 minutes
uat-58-01-external-load-balancer: Up 2 minutes
--- test_03: get nodes <cluster> positional arg ---
NAME                              ROLE                    STATUS  VERSION  IMAGE                                                                                         SKEW
uat-58-01-control-plane3          control-plane           Ready   v1.35.1  kindest/node:v1.35.1@sha256:05d7bcdefbda08b4e038f644c4df690cdac3fba8b06f8289f30e10026720a1ab  ✓
uat-58-01-control-plane2          control-plane           Ready   v1.35.1  kindest/node:v1.35.1@sha256:05d7bcdefbda08b4e038f644c4df690cdac3fba8b06f8289f30e10026720a1ab  ✓
uat-58-01-worker2                 worker                  Ready   v1.35.1  kindest/node:v1.35.1@sha256:05d7bcdefbda08b4e038f644c4df690cdac3fba8b06f8289f30e10026720a1ab  ✓
uat-58-01-control-plane           control-plane           Ready   v1.35.1  kindest/node:v1.35.1@sha256:05d7bcdefbda08b4e038f644c4df690cdac3fba8b06f8289f30e10026720a1ab  ✓
uat-58-01-worker                  worker                  Ready   v1.35.1  kindest/node:v1.35.1@sha256:05d7bcdefbda08b4e038f644c4df690cdac3fba8b06f8289f30e10026720a1ab  ✓
uat-58-01-external-load-balancer  external-load-balancer  Ready   unknown  docker.io/envoyproxy/envoy:v1.36.2                                                            n/a
[OK] test_03 — get nodes uat-58-01 returned 6 rows
--- test_09: resume --wait 15m duration-string parsing ---
 - uat-58-01-worker2 stopped (role: worker, 0.6s)
 - uat-58-01-worker stopped (role: worker, 5.3s)
 - uat-58-01-control-plane stopped (role: control-plane, 30.3s)
 - uat-58-01-control-plane2 stopped (role: control-plane, 30.3s)
 - uat-58-01-control-plane3 stopped (role: control-plane, 30.3s)
 - uat-58-01-external-load-balancer stopped (role: external-load-balancer, 30.2s)
Cluster paused. Total time: 127.7s
node/uat-58-01-control-plane condition met
node/uat-58-01-control-plane2 condition met
node/uat-58-01-control-plane3 condition met
node/uat-58-01-worker condition met
node/uat-58-01-worker2 condition met
[OK] test_09 — --wait 15m accepted; no ParseInt; cluster Ready
--- test_12: doctor reports a healthy HA cluster (3/3 etcd OR leader-rotated post-resume) ---
[FAIL] Cluster uat-58-01 left up for inspection. Run: /Users/patrykattc/work/git/kinder/bin/kinder delete cluster --name uat-58-01
