[12:48:43] uat-57.3-cert-regen.sh starting; KINDER_BIN=/Users/patrykattc/work/git/kinder/bin/kinder
[12:48:43] === Phase 57.3 cert-regen live UAT ===
[12:48:43] HEAD: ea205e36ca9c76acd4f50c2321adc359ebb13251
[12:48:43] macOS: 26.3.1
[12:48:43] Docker: 29.4.3
[12:48:43] make build (rebuild against current HEAD)
go build -v -o "/Users/patrykattc/work/git/kinder/bin/kinder" -trimpath -ldflags="-buildid= -w -X=sigs.k8s.io/kind/pkg/internal/kindversion.gitCommit=ea205e36ca9c76acd4f50c2321adc359ebb13251 -X=sigs.k8s.io/kind/pkg/internal/kindversion.gitCommitCount=139"
sigs.k8s.io/kind/pkg/internal/lifecycle
sigs.k8s.io/kind/pkg/cmd/kind/pause
sigs.k8s.io/kind/pkg/cmd/kind/resume
sigs.k8s.io/kind/pkg/cmd/kind/doctor/decode
sigs.k8s.io/kind/pkg/cmd/kind/dev
sigs.k8s.io/kind/pkg/cmd/kind/status
sigs.k8s.io/kind/pkg/cmd/kind/get/clusters
sigs.k8s.io/kind/pkg/cmd/kind/get/nodes
sigs.k8s.io/kind/pkg/internal/snapshot
sigs.k8s.io/kind/pkg/cmd/kind/doctor
sigs.k8s.io/kind/pkg/cmd/kind/get
sigs.k8s.io/kind/pkg/cmd/kind/snapshot
sigs.k8s.io/kind/pkg/cmd/kind
sigs.k8s.io/kind
[12:48:44]   ok binary marker present: kubeadm certs renew %s failed on %s
[12:48:44]   ok binary marker present: apiserver-etcd-client
[12:48:44]   ok binary marker present: --strategy=
[12:48:44]   ok binary marker present: Cluster state is undefined
[12:48:44]   ok binary marker present: etcd ready-gate timed out
[12:48:44]   ok binary marker present: apiserver healthz timed out
kind v1.5.0 go1.25.7 darwin/arm64
[12:48:45] === fixture: uat-573-ipv4 (loopback=127.0.0.1, expected_nodes=5) ===
[12:48:45] uat-573-ipv4: kinder create cluster
Creating cluster "uat-573-ipv4" ...

NOTE: The following addon images will be pulled during cluster creation.
      Pre-load them and use --air-gapped to skip pulls:
        docker.io/envoyproxy/envoy:v1.36.2
        docker.io/envoyproxy/ratelimit:05c08d03
        docker.io/library/busybox:1.37.0
        docker.io/rancher/local-path-provisioner:v0.0.36
        envoyproxy/gateway:v1.7.2
        ghcr.io/headlamp-k8s/headlamp:v0.42.0
        quay.io/jetstack/cert-manager-cainjector:v1.20.2
        quay.io/jetstack/cert-manager-controller:v1.20.2
        quay.io/jetstack/cert-manager-webhook:v1.20.2
        quay.io/metallb/controller:v0.15.3
        quay.io/metallb/speaker:v0.15.3
        registry.k8s.io/metrics-server/metrics-server:v0.8.1
        registry:2

 • Ensuring node image (kindest/node:v1.35.1) 🖼  ...
HA cluster will use cert-regen resume strategy: IP reassigned from 172.200.0.2 to invalid IP across stop/start
 ✓ Ensuring node image (kindest/node:v1.35.1) 🖼
 • Preparing nodes 📦 📦 📦 📦 📦   ...
 ✓ Preparing nodes 📦 📦 📦 📦 📦 
 • Configuring the external load balancer ⚖️  ...
 ✓ Configuring the external load balancer ⚖️
 • Writing configuration 📜  ...
 ✓ Writing configuration 📜
 • Starting control-plane 🕹️  ...
 ✓ Starting control-plane 🕹️
 • Installing CNI 🔌  ...
 ✓ Installing CNI 🔌
 • Joining more control-plane nodes 🎮  ...
 ✓ Joining more control-plane nodes 🎮
 • Joining worker nodes 🚜  ...
 ✓ Joining worker nodes 🚜

Local Registry:
  Push:        docker push localhost:5001/myimage:latest
  Pull in pods: image: localhost:5001/myimage:latest

 * Skipping NVIDIA GPU (disabled in config)

Dashboard:
  Get token: kubectl -n kube-system get secret kinder-dashboard-token -o jsonpath='{.data.token}' | base64 -d
  Port-forward: kubectl port-forward -n kube-system service/headlamp 8080:80
  Then open: http://localhost:8080

 • Installing Envoy Gateway  ...
 ✓ Installing Envoy Gateway
On darwin, MetalLB LoadBalancer IPs are not directly reachable from the host.
   Use kubectl port-forward to access LoadBalancer services:
   kubectl port-forward svc/<service-name> <local-port>:<service-port>

Addons:
 * Local Registry       installed (1.0s)
 * MetalLB              installed (30.6s)
 * Metrics Server       installed (43.4s)
 * CoreDNS Tuning       installed (2.3s)
 * Dashboard            installed (46.2s)
 * Cert Manager         installed (15.0s)
 * Local Path Provisioner installed (6.0s)
 * NVIDIA GPU           skipped (disabled)
 * Envoy Gateway        installed (21.4s)
Set kubectl context to "kind-uat-573-ipv4"
You can now use your cluster with:

kubectl cluster-info --context kind-uat-573-ipv4

Not sure what to do next? 😅  Check out https://kind.sigs.k8s.io/docs/user/quick-start/
[12:50:51] uat-573-ipv4: capture pre-resume cert serials
[12:50:51] uat-573-ipv4: kinder pause
 - uat-573-ipv4-worker stopped (role: worker, 5.3s)
 - uat-573-ipv4-worker2 stopped (role: worker, 0.6s)
 - uat-573-ipv4-control-plane stopped (role: control-plane, 30.4s)
 - uat-573-ipv4-control-plane2 stopped (role: control-plane, 30.3s)
 - uat-573-ipv4-control-plane3 stopped (role: control-plane, 30.4s)
 - uat-573-ipv4-external-load-balancer stopped (role: external-load-balancer, 30.3s)
Cluster paused. Total time: 127.9s
[12:52:59] uat-573-ipv4: kinder resume --strategy=cert-regen --wait 15m
 • ✓ uat-573-ipv4-external-load-balancer (role=external-load-balancer, 0.1s)
 • ✓ uat-573-ipv4-control-plane (role=control-plane, 0.1s)
 • ✓ uat-573-ipv4-control-plane2 (role=control-plane, 0.1s)
 • ✓ uat-573-ipv4-control-plane3 (role=control-plane, 0.1s)
 • ✓ uat-573-ipv4-worker (role=worker, 0.1s)
 • ✓ uat-573-ipv4-worker2 (role=worker, 0.1s)
cert regen phase 1: regenerating cert files on all 3 CP nodes
  [phase 1] regenerating certs on uat-573-ipv4-control-plane (1/3)
  [phase 1] regenerating certs on uat-573-ipv4-control-plane2 (2/3)
  [phase 1] regenerating certs on uat-573-ipv4-control-plane3 (3/3)
cert regen phase 1 complete: all 3 CP nodes have fresh cert files
cert regen phase 1.5: waiting for etcd quorum on bootstrap CP (uat-573-ipv4-control-plane)
cert regen phase 1.5: etcd quorum wait failed on uat-573-ipv4-control-plane, attempting force-new-cluster bootstrap: etcd ready-gate timed out after 1m0s at https://127.0.0.1:2379: etcdctl exec failed: command "docker exec --privileged uat-573-ipv4-control-plane crictl exec fed185c52fd1f307a675a8d1136c3456f5a2677008c1515d252eb36d79a5ba0b etcdctl --cacert=/etc/kubernetes/pki/etcd/ca.crt --cert=/etc/kubernetes/pki/etcd/peer.crt --key=/etc/kubernetes/pki/etcd/peer.key --endpoints=https://127.0.0.1:2379 endpoint health --write-out=json" failed with error: exit status 1
  [force-new-cluster] starting recovery bootstrap for 3 CP nodes
  [force-new-cluster] step 2: stopping all etcd instances (mv-out + crictl stop)
  [force-new-cluster] step 2 complete: all etcd containers stopped
  [force-new-cluster] step 3: injecting --force-new-cluster into uat-573-ipv4-control-plane manifest (at backup path)
  [force-new-cluster] step 4: starting cp1 (uat-573-ipv4-control-plane) with --force-new-cluster (mv-in + kubelet restart)
  [force-new-cluster] step 5: waiting for cp1 etcd to be healthy
  [force-new-cluster] step 5 complete: cp1 etcd healthy (single-member)
  [force-new-cluster] step 5.5: removing --force-new-cluster from uat-573-ipv4-control-plane manifest before member joins
  [force-new-cluster] step 5.5: waiting for cp1 etcd healthy after --force-new-cluster removal
  [force-new-cluster] step 5.5 complete: cp1 stable as single-member cluster (no --force-new-cluster)
  [force-new-cluster] step 6 (1/2): adding member uat-573-ipv4-control-plane2 with peer URL https://172.19.0.4:2380
=== cert-regen diagnostic dump (failed at: force-new-cluster on uat-573-ipv4-control-plane) ===
etcdctl member list:
+------------------+---------+----------------------------+-------------------------+-------------------------+------------+
|        ID        | STATUS  |            NAME            |       PEER ADDRS        |      CLIENT ADDRS       | IS LEARNER |
+------------------+---------+----------------------------+-------------------------+-------------------------+------------+
| 4e3c161948c74816 | started | uat-573-ipv4-control-plane | https://172.19.0.4:2380 | https://172.19.0.3:2379 |      false |
+------------------+---------+----------------------------+-------------------------+-------------------------+------------+
kubeadm certs check-expiration:
[check-expiration] Reading configuration from the "kubeadm-config" ConfigMap in namespace "kube-system"...
[check-expiration] Use 'kubeadm init phase upload-config kubeadm --config your-config-file' to re-upload it.

CERTIFICATE                EXPIRES                  RESIDUAL TIME   CERTIFICATE AUTHORITY   EXTERNALLY MANAGED
admin.conf                 May 17, 2027 16:48 UTC   364d            ca                      no      
apiserver                  May 17, 2027 16:53 UTC   364d            ca                      no      
apiserver-etcd-client      May 17, 2027 16:53 UTC   364d            etcd-ca                 no      
apiserver-kubelet-client   May 17, 2027 16:48 UTC   364d            ca                      no      
controller-manager.conf    May 17, 2027 16:48 UTC   364d            ca                      no      
etcd-healthcheck-client    May 17, 2027 16:53 UTC   364d            etcd-ca                 no      
etcd-peer                  May 17, 2027 16:53 UTC   364d            etcd-ca                 no      
etcd-server                May 17, 2027 16:53 UTC   364d            etcd-ca                 no      
front-proxy-client         May 17, 2027 16:48 UTC   364d            front-proxy-ca          no      
scheduler.conf             May 17, 2027 16:48 UTC   364d            ca                      no      
super-admin.conf           May 17, 2027 16:48 UTC   364d            ca                      no      

CERTIFICATE AUTHORITY   EXPIRES                  RESIDUAL TIME   EXTERNALLY MANAGED
ca                      May 14, 2036 16:48 UTC   9y              no      
etcd-ca                 May 14, 2036 16:48 UTC   9y              no      
front-proxy-ca          May 14, 2036 16:48 UTC   9y              no      
kube-apiserver last 20 lines:
cert serials:
/etc/kubernetes/pki/etcd/peer.crt: serial=3A0720545C7073AD
/etc/kubernetes/pki/etcd/server.crt: serial=49D7DE3F91E0671D
/etc/kubernetes/pki/etcd/healthcheck-client.crt: serial=27572D29A78D69AC
/etc/kubernetes/pki/apiserver-etcd-client.crt: serial=6C1B35D4F944EA25
Cluster resumed. Total time: 109.8s
ERROR: HA resume cert-regen failed: delete and recreate the cluster: cert regen phase 1.5 (force-new-cluster bootstrap) failed on uat-573-ipv4-control-plane. Cluster state is undefined — delete and recreate the cluster: force-new-cluster: etcdctl member add uat-573-ipv4-control-plane2 failed: command "docker exec --privileged uat-573-ipv4-control-plane crictl exec 585ad36b44be998c08ad33e2dd48413abf7bbdfe14cf1690732474adc755135b etcdctl --cacert=/etc/kubernetes/pki/etcd/ca.crt --cert=/etc/kubernetes/pki/etcd/peer.crt --key=/etc/kubernetes/pki/etcd/peer.key --endpoints=https://127.0.0.1:2379 member add uat-573-ipv4-control-plane2 --peer-urls=https://172.19.0.4:2380" failed with error: exit status 1

Command Output: {"level":"warn","ts":"2026-05-17T16:54:49.284617Z","logger":"etcd-client","caller":"v3@v3.6.6/retry_interceptor.go:65","msg":"retrying of unary invoker failed","target":"etcd-endpoints://0x40000ca3c0/127.0.0.1:2379","method":"/etcdserverpb.Cluster/MemberAdd","attempt":0,"error":"rpc error: code = FailedPrecondition desc = etcdserver: Peer URLs already exists"}
Error: etcdserver: Peer URLs already exists
execing command in container 585ad36b44be998c08ad33e2dd48413abf7bbdfe14cf1690732474adc755135b: command terminated with exit code 1
[12:54:49] FAIL: uat-573-ipv4: kinder resume --strategy=cert-regen exited 1 (see /Users/patrykattc/work/git/kinder/.planning/phases/57.3-ha-cluster-cert-regen-recovery/uat-logs/uat-573-ipv4-resume.log)
[12:54:49] cleanup: SKIPPED — clusters preserved for forensics
[12:54:49]   inspect with: docker ps --filter label=io.x-k8s.kind.cluster
[12:54:49]   manual delete: /Users/patrykattc/work/git/kinder/bin/kinder delete cluster --name <name>
