=== Phase 58 Plan 01 — Phase 47 HA pause/resume live UAT ===
ETA ~10 min; cluster uat-58-01; log hack/uat-47-ha-smoke.log
HEAD:  e0ec855e2a77587230621544346221ce4a594e1a
Date:  2026-05-30T11:45:46Z
--- make build ---
go build -v -o "/Users/patrykattc/work/git/kinder/bin/kinder" -trimpath -ldflags="-buildid= -w -X=sigs.k8s.io/kind/pkg/internal/kindversion.gitCommit=e0ec855e2a77587230621544346221ce4a594e1a -X=sigs.k8s.io/kind/pkg/internal/kindversion.gitCommitCount=163"
sigs.k8s.io/kind
kind v1.5.0 go1.25.7 darwin/arm64
Using: /Users/patrykattc/work/git/kinder/bin/kinder
Build: May 30 07:45:48 2026
PATH-resolved kinder: /opt/homebrew/bin/kinder
--- docker info (RAM headroom) ---
 CPUs: 24
 Total Memory: 15.84GiB
--- create cluster uat-58-01 (3 CP + 2 worker) ---
Creating cluster "uat-58-01" ...

NOTE: The following addon images will be pulled during cluster creation.
      Pre-load them and use --air-gapped to skip pulls:
        docker.io/envoyproxy/envoy:v1.36.2
        docker.io/envoyproxy/ratelimit:05c08d03
        docker.io/library/busybox:1.37.0
        docker.io/rancher/local-path-provisioner:v0.0.36
        envoyproxy/gateway:v1.7.2
        ghcr.io/headlamp-k8s/headlamp:v0.42.0
        quay.io/jetstack/cert-manager-cainjector:v1.20.2
        quay.io/jetstack/cert-manager-controller:v1.20.2
        quay.io/jetstack/cert-manager-webhook:v1.20.2
        quay.io/metallb/controller:v0.15.3
        quay.io/metallb/speaker:v0.15.3
        registry.k8s.io/metrics-server/metrics-server:v0.8.1
        registry:2

 • Ensuring node image (kindest/node:v1.35.1) 🖼  ...
HA cluster will use ip-pin resume strategy
 ✓ Ensuring node image (kindest/node:v1.35.1) 🖼
 • Preparing nodes 📦 📦 📦 📦 📦   ...
pinned 3 HA control-plane IPs (strategy=ip-pinned)
 ✓ Preparing nodes 📦 📦 📦 📦 📦 
 • Configuring the external load balancer ⚖️  ...
 ✓ Configuring the external load balancer ⚖️
 • Writing configuration 📜  ...
 ✓ Writing configuration 📜
 • Starting control-plane 🕹️  ...
 ✓ Starting control-plane 🕹️
 • Installing CNI 🔌  ...
 ✓ Installing CNI 🔌
 • Joining more control-plane nodes 🎮  ...
 ✓ Joining more control-plane nodes 🎮
 • Joining worker nodes 🚜  ...
 ✓ Joining worker nodes 🚜

Local Registry:
  Push:        docker push localhost:5001/myimage:latest
  Pull in pods: image: localhost:5001/myimage:latest

 * Skipping NVIDIA GPU (disabled in config)

Dashboard:
  Get token: kubectl -n kube-system get secret kinder-dashboard-token -o jsonpath='{.data.token}' | base64 -d
  Port-forward: kubectl port-forward -n kube-system service/headlamp 8080:80
  Then open: http://localhost:8080

 • Installing Envoy Gateway  ...
 ✓ Installing Envoy Gateway
On darwin, MetalLB LoadBalancer IPs are not directly reachable from the host.
   Use kubectl port-forward to access LoadBalancer services:
   kubectl port-forward svc/<service-name> <local-port>:<service-port>

Addons:
 * Local Registry       installed (1.0s)
 * MetalLB              installed (29.6s)
 * Metrics Server       installed (37.4s)
 * CoreDNS Tuning       installed (1.2s)
 * Dashboard            installed (51.3s)
 * Cert Manager         installed (12.9s)
 * Local Path Provisioner installed (6.0s)
 * NVIDIA GPU           skipped (disabled)
 * Envoy Gateway        installed (24.4s)
Set kubectl context to "kind-uat-58-01"
You can now use your cluster with:

kubectl cluster-info --context kind-uat-58-01

Thanks for using kinder! 😊
node/uat-58-01-control-plane condition met
node/uat-58-01-control-plane2 condition met
node/uat-58-01-control-plane3 condition met
node/uat-58-01-worker condition met
node/uat-58-01-worker2 condition met
--- SC1 baseline: docker stats + ps ---
unknown flag: --filter

Usage:  docker stats [OPTIONS] [CONTAINER...]

Run 'docker stats --help' for more information
uat-58-01-worker2: Up 2 minutes
uat-58-01-worker: Up 2 minutes
uat-58-01-control-plane2: Up 2 minutes
uat-58-01-control-plane: Up 2 minutes
uat-58-01-control-plane3: Up 2 minutes
uat-58-01-external-load-balancer: Up 2 minutes
--- test_03: get nodes <cluster> positional arg ---
NAME                              ROLE                    STATUS  VERSION  IMAGE                                                                                         SKEW
uat-58-01-worker2                 worker                  Ready   v1.35.1  kindest/node:v1.35.1@sha256:05d7bcdefbda08b4e038f644c4df690cdac3fba8b06f8289f30e10026720a1ab  ✓
uat-58-01-worker                  worker                  Ready   v1.35.1  kindest/node:v1.35.1@sha256:05d7bcdefbda08b4e038f644c4df690cdac3fba8b06f8289f30e10026720a1ab  ✓
uat-58-01-control-plane2          control-plane           Ready   v1.35.1  kindest/node:v1.35.1@sha256:05d7bcdefbda08b4e038f644c4df690cdac3fba8b06f8289f30e10026720a1ab  ✓
uat-58-01-control-plane           control-plane           Ready   v1.35.1  kindest/node:v1.35.1@sha256:05d7bcdefbda08b4e038f644c4df690cdac3fba8b06f8289f30e10026720a1ab  ✓
uat-58-01-control-plane3          control-plane           Ready   v1.35.1  kindest/node:v1.35.1@sha256:05d7bcdefbda08b4e038f644c4df690cdac3fba8b06f8289f30e10026720a1ab  ✓
uat-58-01-external-load-balancer  external-load-balancer  Ready   unknown  docker.io/envoyproxy/envoy:v1.36.2                                                            n/a
[OK] test_03 — get nodes uat-58-01 returned 6 rows
--- test_09: resume --wait 15m duration-string parsing ---
 - uat-58-01-worker2 stopped (role: worker, 5.3s)
 - uat-58-01-worker stopped (role: worker, 0.8s)
 - uat-58-01-control-plane stopped (role: control-plane, 30.3s)
 - uat-58-01-control-plane2 stopped (role: control-plane, 30.4s)
 - uat-58-01-control-plane3 stopped (role: control-plane, 30.3s)
 - uat-58-01-external-load-balancer stopped (role: external-load-balancer, 30.3s)
Cluster paused. Total time: 128.1s
node/uat-58-01-control-plane condition met
node/uat-58-01-control-plane2 condition met
node/uat-58-01-control-plane3 condition met
node/uat-58-01-worker condition met
node/uat-58-01-worker2 condition met
[OK] test_09 — --wait 15m accepted; no ParseInt; cluster Ready
--- test_12: doctor reports a healthy HA cluster (3/3 etcd OR leader-rotated post-resume) ---
[OK] test_12 — cluster-resume-readiness reports healthy (etcd quorum OR leader-rotated post-resume)
--- test_13: doctor warns when 2/3 CPs are stopped (quorum at risk) ---
node/uat-58-01-control-plane condition met
node/uat-58-01-control-plane2 condition met
node/uat-58-01-control-plane3 condition met
node/uat-58-01-worker condition met
node/uat-58-01-worker2 condition met
[OK] test_13 — warn fired on quorum loss (NOTE: Phase 57 SC2 wording gap — actual reason is 'etcd endpoint health probe failed'; filed as v2.5)
--- test_14: /kind/pause-snapshot.json contains non-empty leaderID ---
[OK] test_14 — leaderID = 5518589444163575808
 • ✓ uat-58-01-external-load-balancer (role=external-load-balancer, 0.1s)
 • ✓ uat-58-01-control-plane (role=control-plane, 0.1s)
 • ✓ uat-58-01-control-plane2 (role=control-plane, 0.1s)
 • ✓ uat-58-01-control-plane3 (role=control-plane, 0.1s)
 • ✓ uat-58-01-worker2 (role=worker, 0.1s)
 • ✓ uat-58-01-worker (role=worker, 0.1s)
Cluster resumed. Total time: 18.9s
node/uat-58-01-control-plane condition met
node/uat-58-01-control-plane2 condition met
node/uat-58-01-control-plane3 condition met
node/uat-58-01-worker condition met
node/uat-58-01-worker2 condition met
--- SC1 evidence: post-pause docker ps shows all Exited ---
 - uat-58-01-worker2 stopped (role: worker, 30.1s)
 - uat-58-01-worker stopped (role: worker, 0.4s)
 - uat-58-01-control-plane stopped (role: control-plane, 30.3s)
 - uat-58-01-control-plane2 stopped (role: control-plane, 30.3s)
 - uat-58-01-control-plane3 stopped (role: control-plane, 30.3s)
 - uat-58-01-external-load-balancer stopped (role: external-load-balancer, 30.3s)
Cluster paused. Total time: 152.4s
uat-58-01-worker2: Exited (130) 2 minutes ago
uat-58-01-worker: Exited (130) 2 minutes ago
uat-58-01-control-plane2: Exited (137) About a minute ago
uat-58-01-control-plane: Exited (137) About a minute ago
uat-58-01-control-plane3: Exited (137) 30 seconds ago
uat-58-01-external-load-balancer: Exited (137) Less than a second ago
[OK] SC1 — all uat-58-01-* containers are Exited post-pause
 • ✓ uat-58-01-external-load-balancer (role=external-load-balancer, 0.1s)
 • ✓ uat-58-01-control-plane (role=control-plane, 0.1s)
 • ✓ uat-58-01-control-plane2 (role=control-plane, 0.1s)
 • ✓ uat-58-01-control-plane3 (role=control-plane, 0.1s)
 • ✓ uat-58-01-worker2 (role=worker, 0.1s)
 • ✓ uat-58-01-worker (role=worker, 0.1s)
Cluster resumed. Total time: 18.5s
node/uat-58-01-control-plane condition met
node/uat-58-01-control-plane2 condition met
node/uat-58-01-control-plane3 condition met
node/uat-58-01-worker condition met
node/uat-58-01-worker2 condition met
--- SC2 evidence: Deployment + PVC + Service round-trip ---
persistentvolumeclaim/uat-pvc created
deployment.apps/uat-deploy created
service/uat-svc created
Waiting for deployment spec update to be observed...
Waiting for deployment spec update to be observed...
Waiting for deployment "uat-deploy" rollout to finish: 0 out of 1 new replicas have been updated...
Waiting for deployment "uat-deploy" rollout to finish: 0 of 1 updated replicas are available...
deployment "uat-deploy" successfully rolled out
pod/uat-deploy-7dc98b4759-lw6hf condition met
 - uat-58-01-worker2 stopped (role: worker, 5.3s)
 - uat-58-01-worker stopped (role: worker, 30.3s)
 - uat-58-01-control-plane stopped (role: control-plane, 30.3s)
 - uat-58-01-control-plane2 stopped (role: control-plane, 30.3s)
 - uat-58-01-control-plane3 stopped (role: control-plane, 30.3s)
 - uat-58-01-external-load-balancer stopped (role: external-load-balancer, 30.2s)
Cluster paused. Total time: 157.4s
 • ✓ uat-58-01-external-load-balancer (role=external-load-balancer, 0.1s)
 • ✓ uat-58-01-control-plane (role=control-plane, 0.1s)
 • ✓ uat-58-01-control-plane2 (role=control-plane, 0.1s)
 • ✓ uat-58-01-control-plane3 (role=control-plane, 0.1s)
 • ✓ uat-58-01-worker2 (role=worker, 0.1s)
 • ✓ uat-58-01-worker (role=worker, 0.1s)
Cluster resumed. Total time: 19.7s
Waiting for deployment "uat-deploy" rollout to finish: 0 of 1 updated replicas are available...
deployment "uat-deploy" successfully rolled out
pod/uat-deploy-7dc98b4759-lw6hf condition met
[OK] SC2 — pod UID, ClusterIP, PVC sentinel all identical across pause+resume
--- ordering: pause = workers->CP->LB; resume = LB->CP->workers ---
 - uat-58-01-worker2 stopped (role: worker, 10.7s)
 - uat-58-01-worker stopped (role: worker, 30.2s)
 - uat-58-01-control-plane stopped (role: control-plane, 30.3s)
 - uat-58-01-control-plane2 stopped (role: control-plane, 30.3s)
 - uat-58-01-control-plane3 stopped (role: control-plane, 30.3s)
 - uat-58-01-external-load-balancer stopped (role: external-load-balancer, 30.3s)
Cluster paused. Total time: 162.8s
[OK] ordering — pause workers(1) < CP(3) < LB(6)
 • ✓ uat-58-01-external-load-balancer (role=external-load-balancer, 0.1s)
 • ✓ uat-58-01-control-plane (role=control-plane, 0.1s)
 • ✓ uat-58-01-control-plane2 (role=control-plane, 0.1s)
 • ✓ uat-58-01-control-plane3 (role=control-plane, 0.1s)
 • ✓ uat-58-01-worker2 (role=worker, 0.1s)
 • ✓ uat-58-01-worker (role=worker, 0.1s)
Cluster resumed. Total time: 18.6s
node/uat-58-01-control-plane condition met
node/uat-58-01-control-plane2 condition met
node/uat-58-01-control-plane3 condition met
node/uat-58-01-worker condition met
node/uat-58-01-worker2 condition met
=== ALL TESTS PASSED ===
Cluster uat-58-01 left up. Clean up with:
  /Users/patrykattc/work/git/kinder/bin/kinder delete cluster --name uat-58-01
