[17:28:26] uat-57.3-cert-regen.sh starting; KINDER_BIN=/Users/patrykattc/work/git/kinder/bin/kinder
[17:28:26] === Phase 57.3 cert-regen live UAT ===
[17:28:26] HEAD: fd117511f644d95bf1d9520fecdf99a7aaa4d314
[17:28:26] macOS: 26.3.1
[17:28:26] Docker: 29.4.3
[17:28:26] make build (rebuild against current HEAD)
go build -v -o "/Users/patrykattc/work/git/kinder/bin/kinder" -trimpath -ldflags="-buildid= -w -X=sigs.k8s.io/kind/pkg/internal/kindversion.gitCommit=fd117511f644d95bf1d9520fecdf99a7aaa4d314 -X=sigs.k8s.io/kind/pkg/internal/kindversion.gitCommitCount=141"
[17:28:27]   ok binary marker present: kubeadm certs renew %s failed on %s
[17:28:27]   ok binary marker present: apiserver-etcd-client
[17:28:27]   ok binary marker present: --strategy=
[17:28:27]   ok binary marker present: Cluster state is undefined
[17:28:27]   ok binary marker present: etcd ready-gate timed out
[17:28:27]   ok binary marker present: apiserver healthz timed out
kind v1.5.0 go1.25.7 darwin/arm64
[17:28:33] === fixture: uat-573-ipv4 (loopback=127.0.0.1, expected_nodes=5) ===
[17:28:33] uat-573-ipv4: kinder create cluster
Creating cluster "uat-573-ipv4" ...

NOTE: The following addon images will be pulled during cluster creation.
      Pre-load them and use --air-gapped to skip pulls:
        docker.io/envoyproxy/envoy:v1.36.2
        docker.io/envoyproxy/ratelimit:05c08d03
        docker.io/library/busybox:1.37.0
        docker.io/rancher/local-path-provisioner:v0.0.36
        envoyproxy/gateway:v1.7.2
        ghcr.io/headlamp-k8s/headlamp:v0.42.0
        quay.io/jetstack/cert-manager-cainjector:v1.20.2
        quay.io/jetstack/cert-manager-controller:v1.20.2
        quay.io/jetstack/cert-manager-webhook:v1.20.2
        quay.io/metallb/controller:v0.15.3
        quay.io/metallb/speaker:v0.15.3
        registry.k8s.io/metrics-server/metrics-server:v0.8.1
        registry:2

 • Ensuring node image (kindest/node:v1.35.1) 🖼  ...
HA cluster will use cert-regen resume strategy: IP reassigned from 172.200.0.2 to invalid IP across stop/start
 ✓ Ensuring node image (kindest/node:v1.35.1) 🖼
 • Preparing nodes 📦 📦 📦 📦 📦   ...
 ✓ Preparing nodes 📦 📦 📦 📦 📦 
 • Configuring the external load balancer ⚖️  ...
 ✓ Configuring the external load balancer ⚖️
 • Writing configuration 📜  ...
 ✓ Writing configuration 📜
 • Starting control-plane 🕹️  ...
 ✓ Starting control-plane 🕹️
 • Installing CNI 🔌  ...
 ✓ Installing CNI 🔌
 • Joining more control-plane nodes 🎮  ...
 ✓ Joining more control-plane nodes 🎮
 • Joining worker nodes 🚜  ...
 ✓ Joining worker nodes 🚜

Local Registry:
  Push:        docker push localhost:5001/myimage:latest
  Pull in pods: image: localhost:5001/myimage:latest

 * Skipping NVIDIA GPU (disabled in config)

Dashboard:
  Get token: kubectl -n kube-system get secret kinder-dashboard-token -o jsonpath='{.data.token}' | base64 -d
  Port-forward: kubectl port-forward -n kube-system service/headlamp 8080:80
  Then open: http://localhost:8080

 • Installing Envoy Gateway  ...
 ✓ Installing Envoy Gateway
On darwin, MetalLB LoadBalancer IPs are not directly reachable from the host.
   Use kubectl port-forward to access LoadBalancer services:
   kubectl port-forward svc/<service-name> <local-port>:<service-port>

Addons:
 * Local Registry       installed (0.9s)
 * MetalLB              installed (27.6s)
 * Metrics Server       installed (51.4s)
 * CoreDNS Tuning       installed (1.6s)
 * Dashboard            installed (55.9s)
 * Cert Manager         installed (16.0s)
 * Local Path Provisioner installed (6.8s)
 * NVIDIA GPU           skipped (disabled)
 * Envoy Gateway        installed (26.4s)
Set kubectl context to "kind-uat-573-ipv4"
You can now use your cluster with:

kubectl cluster-info --context kind-uat-573-ipv4

Have a nice day! 👋
[17:30:54] uat-573-ipv4: capture pre-resume cert serials
[17:30:54] uat-573-ipv4: kinder pause
 - uat-573-ipv4-worker stopped (role: worker, 5.4s)
 - uat-573-ipv4-worker2 stopped (role: worker, 0.4s)
 - uat-573-ipv4-control-plane stopped (role: control-plane, 30.3s)
 - uat-573-ipv4-control-plane2 stopped (role: control-plane, 30.3s)
 - uat-573-ipv4-control-plane3 stopped (role: control-plane, 30.3s)
 - uat-573-ipv4-external-load-balancer stopped (role: external-load-balancer, 30.3s)
Cluster paused. Total time: 127.6s
[17:33:02] uat-573-ipv4: kinder resume --strategy=cert-regen --wait 15m
 • ✓ uat-573-ipv4-external-load-balancer (role=external-load-balancer, 0.1s)
 • ✓ uat-573-ipv4-control-plane (role=control-plane, 0.1s)
 • ✓ uat-573-ipv4-control-plane2 (role=control-plane, 0.1s)
 • ✓ uat-573-ipv4-control-plane3 (role=control-plane, 0.1s)
 • ✓ uat-573-ipv4-worker (role=worker, 0.1s)
 • ✓ uat-573-ipv4-worker2 (role=worker, 0.1s)
cert regen phase 1: regenerating cert files on all 3 CP nodes
  [phase 1] regenerating certs on uat-573-ipv4-control-plane (1/3)
  [phase 1] regenerating certs on uat-573-ipv4-control-plane2 (2/3)
  [phase 1] regenerating certs on uat-573-ipv4-control-plane3 (3/3)
cert regen phase 1 complete: all 3 CP nodes have fresh cert files
cert regen phase 1.5: waiting for etcd quorum on bootstrap CP (uat-573-ipv4-control-plane)
cert regen phase 1.5 complete: etcd quorum confirmed on uat-573-ipv4-control-plane
cert regen phase 1.6: verifying and updating etcd member peer URLs
  [phase 1.6] updating etcd member uat-573-ipv4-control-plane3 (1ddc8c04c77ea072) peer URL: https://172.19.0.6:2380 → https://172.19.0.5:2380
  [phase 1.6] updated 1 etcd member peer URLs
cert regen phase 1.6 complete: etcd member peer URLs verified
cert regen phase 2: cycling manifests on all 3 CP nodes
cert regen phase 2a: simultaneous etcd restart (all 3 CPs)
  [phase 2 etcd] simultaneous etcd restart across 3 CPs
  [phase 2 etcd] simultaneous etcd restart complete: all 3 CPs healthy
cert regen phase 2a complete: etcd cluster restarted simultaneously
cert regen phase 2b: cycling kube-apiserver manifests on all 3 CPs
cert regen phase 2b complete: all 3 kube-apiserver pods healthy
cert regen phase 2 complete: all 3 CP nodes healthy
Cluster resumed. Total time: 166.3s
[17:35:48] uat-573-ipv4: capture post-resume cert serials
[17:35:48] uat-573-ipv4: ok cert serials advanced (pre/post diff)
1,4c1,4
< /etc/kubernetes/pki/etcd/peer.crt: serial=685E169E4950BCD1
< /etc/kubernetes/pki/etcd/server.crt: serial=7E12EAA98B84F05A
< /etc/kubernetes/pki/etcd/healthcheck-client.crt: serial=18D2F9A6C1AB3F1E
< /etc/kubernetes/pki/apiserver-etcd-client.crt: serial=7E56C8D9D89FA62D
---
> /etc/kubernetes/pki/etcd/peer.crt: serial=129A3B1F243CE6D1
> /etc/kubernetes/pki/etcd/server.crt: serial=6439F4B14A50DE70
> /etc/kubernetes/pki/etcd/healthcheck-client.crt: serial=36E9747FF627EB37
> /etc/kubernetes/pki/apiserver-etcd-client.crt: serial=5BD2B95F02FEC7EB
[17:35:48] uat-573-ipv4: apiserver healthz from inside cp1 at https://127.0.0.1:6443/healthz
[17:35:48] uat-573-ipv4: ok apiserver healthz returned 200 (SC1/SC3 satisfied)
[17:35:48] uat-573-ipv4: capture kubeconfig + assert all 5 nodes Ready (15m deadline)
[17:35:49] uat-573-ipv4: ok all 5 nodes Ready (SC2 satisfied)
[17:35:49] === fixture uat-573-ipv4: PASS ===
[17:35:49] === fixture: uat-573-ipv6 (loopback=[::1], expected_nodes=5) ===
[17:35:49] uat-573-ipv6: kinder create cluster
Creating cluster "uat-573-ipv6" ...

NOTE: The following addon images will be pulled during cluster creation.
      Pre-load them and use --air-gapped to skip pulls:
        docker.io/envoyproxy/envoy:v1.36.2
        docker.io/envoyproxy/ratelimit:05c08d03
        docker.io/library/busybox:1.37.0
        docker.io/rancher/local-path-provisioner:v0.0.36
        envoyproxy/gateway:v1.7.2
        ghcr.io/headlamp-k8s/headlamp:v0.42.0
        quay.io/jetstack/cert-manager-cainjector:v1.20.2
        quay.io/jetstack/cert-manager-controller:v1.20.2
        quay.io/jetstack/cert-manager-webhook:v1.20.2
        quay.io/metallb/controller:v0.15.3
        quay.io/metallb/speaker:v0.15.3
        registry.k8s.io/metrics-server/metrics-server:v0.8.1
        registry:2

 • Ensuring node image (kindest/node:v1.35.1) 🖼  ...
HA cluster will use cert-regen resume strategy: probe runtime error: inspect returned invalid IP "invalid IP"
 ✓ Ensuring node image (kindest/node:v1.35.1) 🖼
 • Preparing nodes 📦 📦 📦 📦 📦   ...
 ✓ Preparing nodes 📦 📦 📦 📦 📦 
 • Configuring the external load balancer ⚖️  ...
 ✓ Configuring the external load balancer ⚖️
 • Writing configuration 📜  ...
 ✓ Writing configuration 📜
 • Starting control-plane 🕹️  ...
 ✓ Starting control-plane 🕹️
 • Installing CNI 🔌  ...
 ✓ Installing CNI 🔌
 • Joining more control-plane nodes 🎮  ...
 ✓ Joining more control-plane nodes 🎮
 • Joining worker nodes 🚜  ...
 ✓ Joining worker nodes 🚜

Local Registry:
  Push:        docker push localhost:5001/myimage:latest
  Pull in pods: image: localhost:5001/myimage:latest

 * Skipping NVIDIA GPU (disabled in config)

Dashboard:
  Get token: kubectl -n kube-system get secret kinder-dashboard-token -o jsonpath='{.data.token}' | base64 -d
  Port-forward: kubectl port-forward -n kube-system service/headlamp 8080:80
  Then open: http://localhost:8080

 • Installing Envoy Gateway  ...
 ✓ Installing Envoy Gateway
On darwin, MetalLB LoadBalancer IPs are not directly reachable from the host.
   Use kubectl port-forward to access LoadBalancer services:
   kubectl port-forward svc/<service-name> <local-port>:<service-port>

Addons:
 * Local Registry       installed (1.0s)
 * MetalLB              installed (30.5s)
 * Metrics Server       installed (38.4s)
 * CoreDNS Tuning       installed (14.3s)
 * Dashboard            installed (42.4s)
 * Cert Manager         installed (18.0s)
 * Local Path Provisioner installed (9.0s)
 * NVIDIA GPU           skipped (disabled)
 * Envoy Gateway        installed (36.1s)
Set kubectl context to "kind-uat-573-ipv6"
You can now use your cluster with:

kubectl cluster-info --context kind-uat-573-ipv6

Have a question, bug, or feature request? Let us know! https://kind.sigs.k8s.io/#community 🙂
[17:38:26] uat-573-ipv6: capture pre-resume cert serials
[17:38:26] uat-573-ipv6: kinder pause
failed to capture etcd leader id for HA pause snapshot (continuing): etcdctl endpoint status via crictl exec failed: command "docker exec --privileged uat-573-ipv6-control-plane crictl exec a2a63f081eb552fe1be802a9d4eeeee19e4d2fd24b814ecec386d46342b8bcae etcdctl --cacert=/etc/kubernetes/pki/etcd/ca.crt --cert=/etc/kubernetes/pki/etcd/peer.crt --key=/etc/kubernetes/pki/etcd/peer.key --endpoints=https://127.0.0.1:2379 endpoint status --cluster --write-out=json" failed with error: exit status 1
 - uat-573-ipv6-worker stopped (role: worker, 1.4s)
 - uat-573-ipv6-worker2 stopped (role: worker, 5.3s)
 - uat-573-ipv6-control-plane stopped (role: control-plane, 30.3s)
 - uat-573-ipv6-control-plane2 stopped (role: control-plane, 30.3s)
 - uat-573-ipv6-control-plane3 stopped (role: control-plane, 30.3s)
 - uat-573-ipv6-external-load-balancer stopped (role: external-load-balancer, 30.2s)
Cluster paused. Total time: 133.4s
[17:40:39] uat-573-ipv6: kinder resume --strategy=cert-regen --wait 15m
 • ✓ uat-573-ipv6-external-load-balancer (role=external-load-balancer, 0.1s)
 • ✓ uat-573-ipv6-control-plane (role=control-plane, 0.1s)
 • ✓ uat-573-ipv6-control-plane2 (role=control-plane, 0.1s)
 • ✓ uat-573-ipv6-control-plane3 (role=control-plane, 0.1s)
⚠ cluster-resume-readiness: etcd leader changed since pause — leader id rotated; previous=14285351119565967360, current=2151748674130976768
 • ✓ uat-573-ipv6-worker (role=worker, 0.1s)
 • ✓ uat-573-ipv6-worker2 (role=worker, 0.1s)
cert regen phase 1: regenerating cert files on all 3 CP nodes
  [phase 1] regenerating certs on uat-573-ipv6-control-plane (1/3)
  [phase 1] regenerating certs on uat-573-ipv6-control-plane2 (2/3)
  [phase 1] regenerating certs on uat-573-ipv6-control-plane3 (3/3)
cert regen phase 1 complete: all 3 CP nodes have fresh cert files
cert regen phase 1.5: waiting for etcd quorum on bootstrap CP (uat-573-ipv6-control-plane)
cert regen phase 1.5: etcd quorum wait failed on uat-573-ipv6-control-plane, attempting force-new-cluster bootstrap: etcd ready-gate timed out after 5m0s at https://[::1]:2379: etcdctl exec failed: command "docker exec --privileged uat-573-ipv6-control-plane crictl exec 980d1d45cf01a35cfdae0a017299fd872c8870a1df03b45a98619a54a04c7c46 etcdctl --cacert=/etc/kubernetes/pki/etcd/ca.crt --cert=/etc/kubernetes/pki/etcd/peer.crt --key=/etc/kubernetes/pki/etcd/peer.key '--endpoints=https://[::1]:2379' endpoint health --write-out=json" failed with error: exit status 1
  [force-new-cluster] starting recovery bootstrap for 3 CP nodes
  [force-new-cluster] step 2: stopping all etcd instances (mv-out + crictl stop)
  [force-new-cluster] step 2 complete: all etcd containers stopped
  [force-new-cluster] step 3: injecting --force-new-cluster into uat-573-ipv6-control-plane manifest (at backup path)
  [force-new-cluster] step 4: starting cp1 (uat-573-ipv6-control-plane) with --force-new-cluster (mv-in + kubelet restart)
  [force-new-cluster] step 5: waiting for cp1 etcd to be healthy
  [force-new-cluster] step 5 complete: cp1 etcd healthy (single-member)
  [force-new-cluster] step 5.1: updating cp1 peer URL in WAL: https://[fc00:4d57:1afd:1f1b::c]:2380 → https://[fc00:4d57:1afd:1f1b::a]:2380
  [force-new-cluster] step 5.1 complete: cp1 peer URL updated to https://[fc00:4d57:1afd:1f1b::a]:2380
  [force-new-cluster] step 5.5: removing --force-new-cluster from uat-573-ipv6-control-plane manifest before member joins
  [force-new-cluster] step 5.5: waiting for cp1 etcd healthy after --force-new-cluster removal
  [force-new-cluster] step 5.5 complete: cp1 stable as single-member cluster (no --force-new-cluster)
  [force-new-cluster] step 6 (1/2): adding member uat-573-ipv6-control-plane2 with peer URL https://[fc00:4d57:1afd:1f1b::b]:2380
  [force-new-cluster] step 9 (1/2): waiting for uat-573-ipv6-control-plane2 etcd to be healthy
  [force-new-cluster] step 9 (1/2): uat-573-ipv6-control-plane2 etcd healthy
  [force-new-cluster] step 6 (2/2): adding member uat-573-ipv6-control-plane3 with peer URL https://[fc00:4d57:1afd:1f1b::c]:2380
  [force-new-cluster] step 9 (2/2): waiting for uat-573-ipv6-control-plane3 etcd to be healthy
  [force-new-cluster] step 9 (2/2): uat-573-ipv6-control-plane3 etcd healthy
  [force-new-cluster] steps 6-9 complete: all 2 remaining CPs registered and healthy
  [force-new-cluster] bootstrap recovery complete
cert regen phase 1.5 complete: force-new-cluster bootstrap succeeded, etcd cluster reformed
cert regen phase 2: cycling manifests on all 3 CP nodes
cert regen phase 2a: skipped (force-new-cluster bootstrap already restarted etcd cluster)
cert regen phase 2b: cycling kube-apiserver manifests on all 3 CPs
cert regen phase 2b complete: all 3 kube-apiserver pods healthy
cert regen phase 2 complete: all 3 CP nodes healthy
Cluster resumed. Total time: 504.8s
[17:49:04] uat-573-ipv6: capture post-resume cert serials
[17:49:04] uat-573-ipv6: ok cert serials advanced (pre/post diff)
1,4c1,4
< /etc/kubernetes/pki/etcd/peer.crt: serial=0C07B6608CF8CF28
< /etc/kubernetes/pki/etcd/server.crt: serial=3B4BF8930EEDACE0
< /etc/kubernetes/pki/etcd/healthcheck-client.crt: serial=58BA359B2D7C1DE8
< /etc/kubernetes/pki/apiserver-etcd-client.crt: serial=7659FD9A54975876
---
> /etc/kubernetes/pki/etcd/peer.crt: serial=7FC932299F779744
> /etc/kubernetes/pki/etcd/server.crt: serial=41A9E1A2A80827D5
> /etc/kubernetes/pki/etcd/healthcheck-client.crt: serial=2868339A192F7631
> /etc/kubernetes/pki/apiserver-etcd-client.crt: serial=6CBEEE33FE42C967
[17:49:04] uat-573-ipv6: apiserver healthz from inside cp1 at https://[::1]:6443/healthz
[17:49:04] uat-573-ipv6: ok apiserver healthz returned 200 (SC1/SC3 satisfied)
[17:49:04] uat-573-ipv6: capture kubeconfig + assert all 5 nodes Ready (15m deadline)
[17:49:05] uat-573-ipv6: ok all 5 nodes Ready (SC2 satisfied)
[17:49:05] === fixture uat-573-ipv6: PASS ===
[17:49:05] === fixture: uat-573-dual (loopback=127.0.0.1, expected_nodes=5) ===
[17:49:05] uat-573-dual: kinder create cluster
Creating cluster "uat-573-dual" ...

NOTE: The following addon images will be pulled during cluster creation.
      Pre-load them and use --air-gapped to skip pulls:
        docker.io/envoyproxy/envoy:v1.36.2
        docker.io/envoyproxy/ratelimit:05c08d03
        docker.io/library/busybox:1.37.0
        docker.io/rancher/local-path-provisioner:v0.0.36
        envoyproxy/gateway:v1.7.2
        ghcr.io/headlamp-k8s/headlamp:v0.42.0
        quay.io/jetstack/cert-manager-cainjector:v1.20.2
        quay.io/jetstack/cert-manager-controller:v1.20.2
        quay.io/jetstack/cert-manager-webhook:v1.20.2
        quay.io/metallb/controller:v0.15.3
        quay.io/metallb/speaker:v0.15.3
        registry.k8s.io/metrics-server/metrics-server:v0.8.1
        registry:2

 • Ensuring node image (kindest/node:v1.35.1) 🖼  ...
HA cluster will use cert-regen resume strategy: probe runtime error: inspect returned invalid IP "invalid IP"
 ✓ Ensuring node image (kindest/node:v1.35.1) 🖼
 • Preparing nodes 📦 📦 📦 📦 📦   ...
 ✓ Preparing nodes 📦 📦 📦 📦 📦 
 • Configuring the external load balancer ⚖️  ...
 ✓ Configuring the external load balancer ⚖️
 • Writing configuration 📜  ...
 ✓ Writing configuration 📜
 • Starting control-plane 🕹️  ...
 ✓ Starting control-plane 🕹️
 • Installing CNI 🔌  ...
 ✓ Installing CNI 🔌
 • Joining more control-plane nodes 🎮  ...
 ✓ Joining more control-plane nodes 🎮
 • Joining worker nodes 🚜  ...
 ✓ Joining worker nodes 🚜

Local Registry:
  Push:        docker push localhost:5001/myimage:latest
  Pull in pods: image: localhost:5001/myimage:latest

 * Skipping NVIDIA GPU (disabled in config)

Dashboard:
  Get token: kubectl -n kube-system get secret kinder-dashboard-token -o jsonpath='{.data.token}' | base64 -d
  Port-forward: kubectl port-forward -n kube-system service/headlamp 8080:80
  Then open: http://localhost:8080

 • Installing Envoy Gateway  ...
 ✓ Installing Envoy Gateway
On darwin, MetalLB LoadBalancer IPs are not directly reachable from the host.
   Use kubectl port-forward to access LoadBalancer services:
   kubectl port-forward svc/<service-name> <local-port>:<service-port>

Addons:
 * Local Registry       installed (1.0s)
 * MetalLB              installed (33.6s)
 * Metrics Server       installed (46.4s)
 * CoreDNS Tuning       installed (3.1s)
 * Dashboard            installed (47.4s)
 * Cert Manager         installed (14.9s)
 * Local Path Provisioner installed (9.1s)
 * NVIDIA GPU           skipped (disabled)
 * Envoy Gateway        installed (27.3s)
Set kubectl context to "kind-uat-573-dual"
You can now use your cluster with:

kubectl cluster-info --context kind-uat-573-dual

Thanks for using kinder! 😊
[17:51:09] uat-573-dual: capture pre-resume cert serials
[17:51:09] uat-573-dual: kinder pause
 - uat-573-dual-worker stopped (role: worker, 0.7s)
 - uat-573-dual-worker2 stopped (role: worker, 5.2s)
 - uat-573-dual-control-plane stopped (role: control-plane, 30.3s)
 - uat-573-dual-control-plane2 stopped (role: control-plane, 30.4s)
 - uat-573-dual-control-plane3 stopped (role: control-plane, 30.3s)
 - uat-573-dual-external-load-balancer stopped (role: external-load-balancer, 30.2s)
Cluster paused. Total time: 128.0s
[17:53:17] uat-573-dual: kinder resume --strategy=cert-regen --wait 15m
 • ✓ uat-573-dual-external-load-balancer (role=external-load-balancer, 0.1s)
 • ✓ uat-573-dual-control-plane (role=control-plane, 0.1s)
 • ✓ uat-573-dual-control-plane2 (role=control-plane, 0.1s)
 • ✓ uat-573-dual-control-plane3 (role=control-plane, 0.1s)
 • ✓ uat-573-dual-worker (role=worker, 0.1s)
 • ✓ uat-573-dual-worker2 (role=worker, 0.1s)
cert regen phase 1: regenerating cert files on all 3 CP nodes
  [phase 1] regenerating certs on uat-573-dual-control-plane (1/3)
  [phase 1] regenerating certs on uat-573-dual-control-plane2 (2/3)
  [phase 1] regenerating certs on uat-573-dual-control-plane3 (3/3)
cert regen phase 1 complete: all 3 CP nodes have fresh cert files
cert regen phase 1.5: waiting for etcd quorum on bootstrap CP (uat-573-dual-control-plane)
cert regen phase 1.5 complete: etcd quorum confirmed on uat-573-dual-control-plane
cert regen phase 1.6: verifying and updating etcd member peer URLs
  [phase 1.6] updating etcd member uat-573-dual-control-plane (132c941ecfb85cb4) peer URL: https://172.19.0.17:2380 → https://172.19.0.16:2380
  [phase 1.6] updating etcd member uat-573-dual-control-plane2 (1e160c222202581) peer URL: https://172.19.0.19:2380 → https://172.19.0.17:2380
  [phase 1.6] updated 2 etcd member peer URLs
cert regen phase 1.6 complete: etcd member peer URLs verified
cert regen phase 1.7: patching etcd/apiserver manifests with 3 IP remappings
cert regen phase 1.7 complete: manifests patched
cert regen phase 2: cycling manifests on all 3 CP nodes
cert regen phase 2a: simultaneous etcd restart (all 3 CPs)
  [phase 2 etcd] simultaneous etcd restart across 3 CPs
=== cert-regen diagnostic dump (failed at: etcd-simultaneous on uat-573-dual-control-plane) ===
etcdctl member list:
kubeadm certs check-expiration:
[check-expiration] Reading configuration from the "kubeadm-config" ConfigMap in namespace "kube-system"...
[check-expiration] Use 'kubeadm init phase upload-config kubeadm --config your-config-file' to re-upload it.
[check-expiration] Error reading configuration from the Cluster. Falling back to default configuration

CERTIFICATE                EXPIRES                  RESIDUAL TIME   CERTIFICATE AUTHORITY   EXTERNALLY MANAGED
admin.conf                 May 17, 2027 21:49 UTC   364d            ca                      no      
apiserver                  May 17, 2027 21:53 UTC   364d            ca                      no      
apiserver-etcd-client      May 17, 2027 21:53 UTC   364d            etcd-ca                 no      
apiserver-kubelet-client   May 17, 2027 21:49 UTC   364d            ca                      no      
controller-manager.conf    May 17, 2027 21:49 UTC   364d            ca                      no      
etcd-healthcheck-client    May 17, 2027 21:53 UTC   364d            etcd-ca                 no      
etcd-peer                  May 17, 2027 21:53 UTC   364d            etcd-ca                 no      
etcd-server                May 17, 2027 21:53 UTC   364d            etcd-ca                 no      
front-proxy-client         May 17, 2027 21:49 UTC   364d            front-proxy-ca          no      
scheduler.conf             May 17, 2027 21:49 UTC   364d            ca                      no      
super-admin.conf           May 17, 2027 21:49 UTC   364d            ca                      no      

CERTIFICATE AUTHORITY   EXPIRES                  RESIDUAL TIME   EXTERNALLY MANAGED
ca                      May 14, 2036 21:49 UTC   9y              no      
etcd-ca                 May 14, 2036 21:49 UTC   9y              no      
front-proxy-ca          May 14, 2036 21:49 UTC   9y              no      
kube-apiserver last 20 lines: <kube-apiserver container not running>
cert serials:
/etc/kubernetes/pki/etcd/peer.crt: serial=03449CDCE05164C1
/etc/kubernetes/pki/etcd/server.crt: serial=791D119E0400FBFE
/etc/kubernetes/pki/etcd/healthcheck-client.crt: serial=57748B4A62440E1A
/etc/kubernetes/pki/apiserver-etcd-client.crt: serial=5BD962881921E669
Cluster resumed. Total time: 355.5s
ERROR: HA resume cert-regen failed: delete and recreate the cluster: cert regen phase 2a (simultaneous etcd restart) failed. Cluster state is undefined — delete and recreate the cluster: etcd ready-gate failed on uat-573-dual-control-plane (1/3) after simultaneous restart: etcd ready-gate timed out after 5m0s at https://127.0.0.1:2379: etcdctl exec failed: command "docker exec --privileged uat-573-dual-control-plane crictl exec 8bb2e0a943bf80879a94dad6b7feb2a749b205efa26ddd8378a7f88bc48c63a7 etcdctl --cacert=/etc/kubernetes/pki/etcd/ca.crt --cert=/etc/kubernetes/pki/etcd/peer.crt --key=/etc/kubernetes/pki/etcd/peer.key --endpoints=https://127.0.0.1:2379 endpoint health --write-out=json" failed with error: exit status 1

Command Output: {"level":"warn","ts":"2026-05-17T21:58:56.596786Z","logger":"client","caller":"v3@v3.6.6/retry_interceptor.go:65","msg":"retrying of unary invoker failed","target":"etcd-endpoints://0x40003ae960/127.0.0.1:2379","method":"/etcdserverpb.KV/Range","attempt":0,"error":"rpc error: code = DeadlineExceeded desc = context deadline exceeded while waiting for connections to become ready"}
Error: unhealthy cluster
[{"endpoint":"https://127.0.0.1:2379","health":false,"took":"5.003200669s","error":"context deadline exceeded"}]
execing command in container 8bb2e0a943bf80879a94dad6b7feb2a749b205efa26ddd8378a7f88bc48c63a7: command terminated with exit code 1
[17:59:13] FAIL: uat-573-dual: kinder resume --strategy=cert-regen exited 1 (see /Users/patrykattc/work/git/kinder/.planning/phases/57.3-ha-cluster-cert-regen-recovery/uat-logs/uat-573-dual-resume.log)
[17:59:13] cleanup: SKIPPED — clusters preserved for forensics
[17:59:13]   inspect with: docker ps --filter label=io.x-k8s.kind.cluster
[17:59:13]   manual delete: /Users/patrykattc/work/git/kinder/bin/kinder delete cluster --name <name>
