Creating cluster "uat-574-ipam" ...

NOTE: The following addon images will be pulled during cluster creation.
      Pre-load them and use --air-gapped to skip pulls:
        docker.io/envoyproxy/envoy:v1.36.2
        docker.io/envoyproxy/ratelimit:05c08d03
        docker.io/library/busybox:1.37.0
        docker.io/rancher/local-path-provisioner:v0.0.36
        envoyproxy/gateway:v1.7.2
        ghcr.io/headlamp-k8s/headlamp:v0.42.0
        quay.io/jetstack/cert-manager-cainjector:v1.20.2
        quay.io/jetstack/cert-manager-controller:v1.20.2
        quay.io/jetstack/cert-manager-webhook:v1.20.2
        quay.io/metallb/controller:v0.15.3
        quay.io/metallb/speaker:v0.15.3
        registry.k8s.io/metrics-server/metrics-server:v0.8.1
        registry:2

 • Ensuring node image (kindest/node:v1.35.1) 🖼  ...
HA cluster will use ip-pin resume strategy
 ✓ Ensuring node image (kindest/node:v1.35.1) 🖼
 • Preparing nodes 📦 📦 📦   ...
pinned 3 HA control-plane IPs (strategy=ip-pinned)
 ✓ Preparing nodes 📦 📦 📦 
 • Configuring the external load balancer ⚖️  ...
 ✓ Configuring the external load balancer ⚖️
 • Writing configuration 📜  ...
 ✓ Writing configuration 📜
 • Starting control-plane 🕹️  ...
 ✓ Starting control-plane 🕹️
 • Installing CNI 🔌  ...
 ✓ Installing CNI 🔌
 • Joining more control-plane nodes 🎮  ...
 ✓ Joining more control-plane nodes 🎮

Local Registry:
  Push:        docker push localhost:5001/myimage:latest
  Pull in pods: image: localhost:5001/myimage:latest

Addon Metrics Server failed to install (cluster still usable): Metrics Server deployment did not become available: command "docker exec --privileged uat-574-ipam-control-plane kubectl --kubeconfig=/etc/kubernetes/admin.conf wait --namespace=kube-system --for=condition=Available deployment/metrics-server --timeout=120s" failed with error: exit status 1
Addon MetalLB failed to install (cluster still usable): MetalLB controller did not become available: command "docker exec --privileged uat-574-ipam-control-plane kubectl --kubeconfig=/etc/kubernetes/admin.conf wait --namespace=metallb-system --for=condition=Available deployment/controller --timeout=120s" failed with error: exit status 1
Addon Dashboard failed to install (cluster still usable): Headlamp deployment did not become available: command "docker exec --privileged uat-574-ipam-control-plane kubectl --kubeconfig=/etc/kubernetes/admin.conf wait --namespace=kube-system --for=condition=Available deployment/headlamp --timeout=120s" failed with error: exit status 1
 * Skipping NVIDIA GPU (disabled in config)
Addon Local Path Provisioner failed to install (cluster still usable): local-path-provisioner deployment did not become available: command "docker exec --privileged uat-574-ipam-control-plane kubectl --kubeconfig=/etc/kubernetes/admin.conf wait --namespace=local-path-storage --for=condition=Available deployment/local-path-provisioner --timeout=120s" failed with error: exit status 1
Addon Cert Manager failed to install (cluster still usable): cert-manager deployment cert-manager did not become available: command "docker exec --privileged uat-574-ipam-control-plane kubectl --kubeconfig=/etc/kubernetes/admin.conf wait --namespace=cert-manager --for=condition=Available deployment/cert-manager --timeout=300s" failed with error: exit status 1
 • Installing Envoy Gateway  ...
 ✗ Installing Envoy Gateway
Addon Envoy Gateway failed to install (cluster still usable): Envoy Gateway certgen job did not complete: command "docker exec --privileged uat-574-ipam-control-plane kubectl --kubeconfig=/etc/kubernetes/admin.conf wait --namespace=envoy-gateway-system --for=condition=Complete job/eg-gateway-helm-certgen --timeout=120s" failed with error: exit status 1
On darwin, MetalLB LoadBalancer IPs are not directly reachable from the host.
   Use kubectl port-forward to access LoadBalancer services:
   kubectl port-forward svc/<service-name> <local-port>:<service-port>

Addons:
 * Local Registry       installed (1.1s)
 * MetalLB              FAILED: MetalLB controller did not become available: command "docker exec --privileged uat-574-ipam-control-plane kubectl --kubeconfig=/etc/kubernetes/admin.conf wait --namespace=metallb-system --for=condition=Available deployment/controller --timeout=120s" failed with error: exit status 1 (121.1s)
 * Metrics Server       FAILED: Metrics Server deployment did not become available: command "docker exec --privileged uat-574-ipam-control-plane kubectl --kubeconfig=/etc/kubernetes/admin.conf wait --namespace=kube-system --for=condition=Available deployment/metrics-server --timeout=120s" failed with error: exit status 1 (120.5s)
 * CoreDNS Tuning       installed (1.4s)
 * Dashboard            FAILED: Headlamp deployment did not become available: command "docker exec --privileged uat-574-ipam-control-plane kubectl --kubeconfig=/etc/kubernetes/admin.conf wait --namespace=kube-system --for=condition=Available deployment/headlamp --timeout=120s" failed with error: exit status 1 (120.5s)
 * Cert Manager         FAILED: cert-manager deployment cert-manager did not become available: command "docker exec --privileged uat-574-ipam-control-plane kubectl --kubeconfig=/etc/kubernetes/admin.conf wait --namespace=cert-manager --for=condition=Available deployment/cert-manager --timeout=300s" failed with error: exit status 1 (300.9s)
 * Local Path Provisioner FAILED: local-path-provisioner deployment did not become available: command "docker exec --privileged uat-574-ipam-control-plane kubectl --kubeconfig=/etc/kubernetes/admin.conf wait --namespace=local-path-storage --for=condition=Available deployment/local-path-provisioner --timeout=120s" failed with error: exit status 1 (120.5s)
 * NVIDIA GPU           skipped (disabled)
 * Envoy Gateway        FAILED: Envoy Gateway certgen job did not complete: command "docker exec --privileged uat-574-ipam-control-plane kubectl --kubeconfig=/etc/kubernetes/admin.conf wait --namespace=envoy-gateway-system --for=condition=Complete job/eg-gateway-helm-certgen --timeout=120s" failed with error: exit status 1 (121.6s)
Set kubectl context to "kind-uat-574-ipam"
You can now use your cluster with:

kubectl cluster-info --context kind-uat-574-ipam

Have a nice day! 👋
