[08:30:26] uat-57.3-cert-regen.sh starting; KINDER_BIN=/Users/patrykattc/work/git/kinder/bin/kinder
[08:30:26] === Phase 57.3 cert-regen live UAT ===
[08:30:26] HEAD: 69391d7cc44b81a906cd694a5cbe8fc6a9309915
[08:30:26] macOS: 26.3.1
[08:30:26] Docker: 29.4.3
[08:30:26] make build (rebuild against current HEAD)
go build -v -o "/Users/patrykattc/work/git/kinder/bin/kinder" -trimpath -ldflags="-buildid= -w -X=sigs.k8s.io/kind/pkg/internal/kindversion.gitCommit=69391d7cc44b81a906cd694a5cbe8fc6a9309915 -X=sigs.k8s.io/kind/pkg/internal/kindversion.gitCommitCount=128"
[08:30:27]   ok binary marker present: kubeadm certs renew %s failed on %s
[08:30:27]   ok binary marker present: apiserver-etcd-client
[08:30:27]   ok binary marker present: --strategy=
[08:30:27]   ok binary marker present: Cluster state is undefined
[08:30:27]   ok binary marker present: etcd ready-gate timed out
[08:30:27]   ok binary marker present: apiserver healthz timed out
kind v1.5.0 go1.25.7 darwin/arm64
[08:30:28] === fixture: uat-573-ipv4 (loopback=127.0.0.1, expected_nodes=5) ===
[08:30:28] uat-573-ipv4: kinder create cluster
Creating cluster "uat-573-ipv4" ...

NOTE: The following addon images will be pulled during cluster creation.
      Pre-load them and use --air-gapped to skip pulls:
        docker.io/envoyproxy/envoy:v1.36.2
        docker.io/envoyproxy/ratelimit:05c08d03
        docker.io/library/busybox:1.37.0
        docker.io/rancher/local-path-provisioner:v0.0.36
        envoyproxy/gateway:v1.7.2
        ghcr.io/headlamp-k8s/headlamp:v0.42.0
        quay.io/jetstack/cert-manager-cainjector:v1.20.2
        quay.io/jetstack/cert-manager-controller:v1.20.2
        quay.io/jetstack/cert-manager-webhook:v1.20.2
        quay.io/metallb/controller:v0.15.3
        quay.io/metallb/speaker:v0.15.3
        registry.k8s.io/metrics-server/metrics-server:v0.8.1
        registry:2

 • Ensuring node image (kindest/node:v1.35.1) 🖼  ...
HA cluster will use cert-regen resume strategy: probe runtime error: inspect returned invalid IP "invalid IP"
 ✓ Ensuring node image (kindest/node:v1.35.1) 🖼
 • Preparing nodes 📦 📦 📦 📦 📦   ...
 ✓ Preparing nodes 📦 📦 📦 📦 📦 
 • Configuring the external load balancer ⚖️  ...
 ✓ Configuring the external load balancer ⚖️
 • Writing configuration 📜  ...
 ✓ Writing configuration 📜
 • Starting control-plane 🕹️  ...
 ✓ Starting control-plane 🕹️
 • Installing CNI 🔌  ...
 ✓ Installing CNI 🔌
 • Joining more control-plane nodes 🎮  ...
 ✓ Joining more control-plane nodes 🎮
 • Joining worker nodes 🚜  ...
 ✓ Joining worker nodes 🚜

Local Registry:
  Push:        docker push localhost:5001/myimage:latest
  Pull in pods: image: localhost:5001/myimage:latest

 * Skipping NVIDIA GPU (disabled in config)

Dashboard:
  Get token: kubectl -n kube-system get secret kinder-dashboard-token -o jsonpath='{.data.token}' | base64 -d
  Port-forward: kubectl port-forward -n kube-system service/headlamp 8080:80
  Then open: http://localhost:8080

 • Installing Envoy Gateway  ...
 ✓ Installing Envoy Gateway
On darwin, MetalLB LoadBalancer IPs are not directly reachable from the host.
   Use kubectl port-forward to access LoadBalancer services:
   kubectl port-forward svc/<service-name> <local-port>:<service-port>

Addons:
 * Local Registry       installed (1.1s)
 * MetalLB              installed (26.6s)
 * Metrics Server       installed (40.4s)
 * CoreDNS Tuning       installed (1.3s)
 * Dashboard            installed (54.1s)
 * Cert Manager         installed (13.9s)
 * Local Path Provisioner installed (6.0s)
 * NVIDIA GPU           skipped (disabled)
 * Envoy Gateway        installed (26.3s)
Set kubectl context to "kind-uat-573-ipv4"
You can now use your cluster with:

kubectl cluster-info --context kind-uat-573-ipv4

Have a nice day! 👋
[08:32:40] uat-573-ipv4: capture pre-resume cert serials
[08:32:40] uat-573-ipv4: kinder pause
 - uat-573-ipv4-worker stopped (role: worker, 0.5s)
 - uat-573-ipv4-worker2 stopped (role: worker, 5.3s)
 - uat-573-ipv4-control-plane stopped (role: control-plane, 30.3s)
 - uat-573-ipv4-control-plane2 stopped (role: control-plane, 30.3s)
 - uat-573-ipv4-control-plane3 stopped (role: control-plane, 30.3s)
 - uat-573-ipv4-external-load-balancer stopped (role: external-load-balancer, 30.2s)
Cluster paused. Total time: 127.8s
[08:34:48] uat-573-ipv4: kinder resume --strategy=cert-regen --wait 15m
 • ✓ uat-573-ipv4-external-load-balancer (role=external-load-balancer, 0.1s)
 • ✓ uat-573-ipv4-control-plane (role=control-plane, 0.1s)
 • ✓ uat-573-ipv4-control-plane2 (role=control-plane, 0.1s)
 • ✓ uat-573-ipv4-control-plane3 (role=control-plane, 0.1s)
 • ✓ uat-573-ipv4-worker (role=worker, 0.1s)
 • ✓ uat-573-ipv4-worker2 (role=worker, 0.1s)
cert regen phase 1: regenerating cert files on all 3 CP nodes
  [phase 1] regenerating certs on uat-573-ipv4-control-plane (1/3)
  [phase 1] regenerating certs on uat-573-ipv4-control-plane2 (2/3)
  [phase 1] regenerating certs on uat-573-ipv4-control-plane3 (3/3)
cert regen phase 1 complete: all 3 CP nodes have fresh cert files
cert regen phase 2: cycling manifests on all 3 CP nodes
cert regen phase 2a: simultaneous etcd restart (all 3 CPs)
  [phase 2 etcd] simultaneous etcd restart across 3 CPs
  [phase 2 etcd] simultaneous etcd restart complete: all 3 CPs healthy
cert regen phase 2a complete: etcd cluster restarted simultaneously
cert regen phase 2b: cycling kube-apiserver manifests on all 3 CPs
cert regen phase 2b complete: all 3 kube-apiserver pods healthy
cert regen phase 2 complete: all 3 CP nodes healthy
Cluster resumed. Total time: 270.6s
[08:39:19] uat-573-ipv4: capture post-resume cert serials
[08:39:19] uat-573-ipv4: ok cert serials advanced (pre/post diff)
1,4c1,4
< /etc/kubernetes/pki/etcd/peer.crt: serial=09FEC2289BEEFB14
< /etc/kubernetes/pki/etcd/server.crt: serial=6857B42E54C049C9
< /etc/kubernetes/pki/etcd/healthcheck-client.crt: serial=3417334586B31415
< /etc/kubernetes/pki/apiserver-etcd-client.crt: serial=256A9837BD4283A3
---
> /etc/kubernetes/pki/etcd/peer.crt: serial=3CFC8553DCF94C6A
> /etc/kubernetes/pki/etcd/server.crt: serial=3CFA30F510DF4B7D
> /etc/kubernetes/pki/etcd/healthcheck-client.crt: serial=05CCC6DC8B6602AC
> /etc/kubernetes/pki/apiserver-etcd-client.crt: serial=27A6508129123B20
[08:39:19] uat-573-ipv4: apiserver healthz from inside cp1 at https://127.0.0.1:6443/healthz
[08:39:19] uat-573-ipv4: ok apiserver healthz returned 200 (SC1/SC3 satisfied)
[08:39:19] uat-573-ipv4: capture kubeconfig + assert all 5 nodes Ready (15m deadline)
[08:39:19] uat-573-ipv4: ok all 5 nodes Ready (SC2 satisfied)
[08:39:19] === fixture uat-573-ipv4: PASS ===
[08:39:19] === fixture: uat-573-ipv6 (loopback=[::1], expected_nodes=5) ===
[08:39:19] uat-573-ipv6: kinder create cluster
Creating cluster "uat-573-ipv6" ...

NOTE: The following addon images will be pulled during cluster creation.
      Pre-load them and use --air-gapped to skip pulls:
        docker.io/envoyproxy/envoy:v1.36.2
        docker.io/envoyproxy/ratelimit:05c08d03
        docker.io/library/busybox:1.37.0
        docker.io/rancher/local-path-provisioner:v0.0.36
        envoyproxy/gateway:v1.7.2
        ghcr.io/headlamp-k8s/headlamp:v0.42.0
        quay.io/jetstack/cert-manager-cainjector:v1.20.2
        quay.io/jetstack/cert-manager-controller:v1.20.2
        quay.io/jetstack/cert-manager-webhook:v1.20.2
        quay.io/metallb/controller:v0.15.3
        quay.io/metallb/speaker:v0.15.3
        registry.k8s.io/metrics-server/metrics-server:v0.8.1
        registry:2

 • Ensuring node image (kindest/node:v1.35.1) 🖼  ...
HA cluster will use cert-regen resume strategy: probe runtime error: inspect returned invalid IP "invalid IP"
 ✓ Ensuring node image (kindest/node:v1.35.1) 🖼
 • Preparing nodes 📦 📦 📦 📦 📦   ...
 ✓ Preparing nodes 📦 📦 📦 📦 📦 
 • Configuring the external load balancer ⚖️  ...
 ✓ Configuring the external load balancer ⚖️
 • Writing configuration 📜  ...
 ✓ Writing configuration 📜
 • Starting control-plane 🕹️  ...
 ✓ Starting control-plane 🕹️
 • Installing CNI 🔌  ...
 ✓ Installing CNI 🔌
 • Joining more control-plane nodes 🎮  ...
 ✓ Joining more control-plane nodes 🎮
 • Joining worker nodes 🚜  ...
 ✓ Joining worker nodes 🚜

Local Registry:
  Push:        docker push localhost:5001/myimage:latest
  Pull in pods: image: localhost:5001/myimage:latest

 * Skipping NVIDIA GPU (disabled in config)

Dashboard:
  Get token: kubectl -n kube-system get secret kinder-dashboard-token -o jsonpath='{.data.token}' | base64 -d
  Port-forward: kubectl port-forward -n kube-system service/headlamp 8080:80
  Then open: http://localhost:8080

 • Installing Envoy Gateway  ...
 ✓ Installing Envoy Gateway
On darwin, MetalLB LoadBalancer IPs are not directly reachable from the host.
   Use kubectl port-forward to access LoadBalancer services:
   kubectl port-forward svc/<service-name> <local-port>:<service-port>

Addons:
 * Local Registry       installed (1.2s)
 * MetalLB              installed (30.6s)
 * Metrics Server       installed (38.4s)
 * CoreDNS Tuning       installed (14.8s)
 * Dashboard            installed (39.6s)
 * Cert Manager         installed (16.0s)
 * Local Path Provisioner installed (8.2s)
 * NVIDIA GPU           skipped (disabled)
 * Envoy Gateway        installed (34.2s)
Set kubectl context to "kind-uat-573-ipv6"
You can now use your cluster with:

kubectl cluster-info --context kind-uat-573-ipv6

Thanks for using kinder! 😊
[08:41:48] uat-573-ipv6: capture pre-resume cert serials
[08:41:48] uat-573-ipv6: kinder pause
failed to capture etcd leader id for HA pause snapshot (continuing): etcdctl endpoint status via crictl exec failed: command "docker exec --privileged uat-573-ipv6-control-plane crictl exec e0967049f933f703f512582f68b715aed8735f607aebef60bff1078174eb3fd7 etcdctl --cacert=/etc/kubernetes/pki/etcd/ca.crt --cert=/etc/kubernetes/pki/etcd/peer.crt --key=/etc/kubernetes/pki/etcd/peer.key --endpoints=https://127.0.0.1:2379 endpoint status --cluster --write-out=json" failed with error: exit status 1
 - uat-573-ipv6-worker stopped (role: worker, 5.3s)
 - uat-573-ipv6-worker2 stopped (role: worker, 1.3s)
 - uat-573-ipv6-control-plane stopped (role: control-plane, 30.3s)
 - uat-573-ipv6-control-plane2 stopped (role: control-plane, 30.3s)
 - uat-573-ipv6-control-plane3 stopped (role: control-plane, 30.3s)
 - uat-573-ipv6-external-load-balancer stopped (role: external-load-balancer, 30.2s)
Cluster paused. Total time: 133.6s
[08:44:01] uat-573-ipv6: kinder resume --strategy=cert-regen --wait 15m
 • ✓ uat-573-ipv6-external-load-balancer (role=external-load-balancer, 0.1s)
 • ✓ uat-573-ipv6-control-plane (role=control-plane, 0.1s)
 • ✓ uat-573-ipv6-control-plane2 (role=control-plane, 0.1s)
 • ✓ uat-573-ipv6-control-plane3 (role=control-plane, 0.1s)
 • ✓ uat-573-ipv6-worker (role=worker, 0.1s)
 • ✓ uat-573-ipv6-worker2 (role=worker, 0.1s)
cert regen phase 1: regenerating cert files on all 3 CP nodes
  [phase 1] regenerating certs on uat-573-ipv6-control-plane (1/3)
  [phase 1] regenerating certs on uat-573-ipv6-control-plane2 (2/3)
  [phase 1] regenerating certs on uat-573-ipv6-control-plane3 (3/3)
cert regen phase 1 complete: all 3 CP nodes have fresh cert files
cert regen phase 1.5: patching etcd/apiserver manifests with 3 IP remappings
cert regen phase 1.5 complete: manifests patched
cert regen phase 1.6: updating etcd member peer URLs for 3 IP remappings
=== cert-regen diagnostic dump (failed at: member-update on uat-573-ipv6-control-plane) ===
etcdctl member list:
kubeadm certs check-expiration:
[check-expiration] Reading configuration from the "kubeadm-config" ConfigMap in namespace "kube-system"...
[check-expiration] Use 'kubeadm init phase upload-config kubeadm --config your-config-file' to re-upload it.
[check-expiration] Error reading configuration from the Cluster. Falling back to default configuration

CERTIFICATE                EXPIRES                  RESIDUAL TIME   CERTIFICATE AUTHORITY   EXTERNALLY MANAGED
admin.conf                 May 17, 2027 12:39 UTC   364d            ca                      no      
apiserver                  May 17, 2027 12:44 UTC   364d            ca                      no      
apiserver-etcd-client      May 17, 2027 12:44 UTC   364d            etcd-ca                 no      
apiserver-kubelet-client   May 17, 2027 12:39 UTC   364d            ca                      no      
controller-manager.conf    May 17, 2027 12:39 UTC   364d            ca                      no      
etcd-healthcheck-client    May 17, 2027 12:44 UTC   364d            etcd-ca                 no      
etcd-peer                  May 17, 2027 12:44 UTC   364d            etcd-ca                 no      
etcd-server                May 17, 2027 12:44 UTC   364d            etcd-ca                 no      
front-proxy-client         May 17, 2027 12:39 UTC   364d            front-proxy-ca          no      
scheduler.conf             May 17, 2027 12:39 UTC   364d            ca                      no      
super-admin.conf           May 17, 2027 12:39 UTC   364d            ca                      no      

CERTIFICATE AUTHORITY   EXPIRES                  RESIDUAL TIME   EXTERNALLY MANAGED
ca                      May 14, 2036 12:39 UTC   9y              no      
etcd-ca                 May 14, 2036 12:39 UTC   9y              no      
front-proxy-ca          May 14, 2036 12:39 UTC   9y              no      
kube-apiserver last 20 lines: <kube-apiserver container not running>
cert serials:
/etc/kubernetes/pki/etcd/peer.crt: serial=59DD2674F3F79311
/etc/kubernetes/pki/etcd/server.crt: serial=5D5255CAE0A18348
/etc/kubernetes/pki/etcd/healthcheck-client.crt: serial=529DB92147021786
/etc/kubernetes/pki/apiserver-etcd-client.crt: serial=4EE941D49A79E021
Cluster resumed. Total time: 60.0s
ERROR: HA resume cert-regen failed: delete and recreate the cluster: cert regen phase 1.6 (etcd member peer URL update) failed. Cluster state is undefined — delete and recreate the cluster: phase 1.6: etcdctl member list failed on uat-573-ipv6-control-plane: command "docker exec --privileged uat-573-ipv6-control-plane crictl exec b601a355d39022d6957c3979ef9500bb95bf78a282184590adc737aa6b647de7 etcdctl --cacert=/etc/kubernetes/pki/etcd/ca.crt --cert=/etc/kubernetes/pki/etcd/peer.crt --key=/etc/kubernetes/pki/etcd/peer.key '--endpoints=https://[::1]:2379' member list --write-out=json" failed with error: exit status 1

Command Output: {"level":"warn","ts":"2026-05-17T12:44:46.573049Z","logger":"etcd-client","caller":"v3@v3.6.6/retry_interceptor.go:65","msg":"retrying of unary invoker failed","target":"etcd-endpoints://0x400033e780/[::1]:2379","method":"/etcdserverpb.Cluster/MemberList","attempt":0,"error":"rpc error: code = DeadlineExceeded desc = context deadline exceeded while waiting for connections to become ready"}
Error: context deadline exceeded
execing command in container b601a355d39022d6957c3979ef9500bb95bf78a282184590adc737aa6b647de7: command terminated with exit code 1
[08:45:01] FAIL: uat-573-ipv6: kinder resume --strategy=cert-regen exited 1 (see /Users/patrykattc/work/git/kinder/.planning/phases/57.3-ha-cluster-cert-regen-recovery/uat-logs/uat-573-ipv6-resume.log)
[08:45:01] cleanup: SKIPPED — clusters preserved for forensics
[08:45:01]   inspect with: docker ps --filter label=io.x-k8s.kind.cluster
[08:45:01]   manual delete: /Users/patrykattc/work/git/kinder/bin/kinder delete cluster --name <name>
