[08:54:04] Starting IPv6-only UAT
[08:54:04] Creating IPv6 cluster
Creating cluster "uat-573-ipv6" ...

NOTE: The following addon images will be pulled during cluster creation.
      Pre-load them and use --air-gapped to skip pulls:
        docker.io/envoyproxy/envoy:v1.36.2
        docker.io/envoyproxy/ratelimit:05c08d03
        docker.io/library/busybox:1.37.0
        docker.io/rancher/local-path-provisioner:v0.0.36
        envoyproxy/gateway:v1.7.2
        ghcr.io/headlamp-k8s/headlamp:v0.42.0
        quay.io/jetstack/cert-manager-cainjector:v1.20.2
        quay.io/jetstack/cert-manager-controller:v1.20.2
        quay.io/jetstack/cert-manager-webhook:v1.20.2
        quay.io/metallb/controller:v0.15.3
        quay.io/metallb/speaker:v0.15.3
        registry.k8s.io/metrics-server/metrics-server:v0.8.1
        registry:2

 • Ensuring node image (kindest/node:v1.35.1) 🖼  ...
HA cluster will use cert-regen resume strategy: probe runtime error: inspect returned invalid IP "invalid IP"
 ✓ Ensuring node image (kindest/node:v1.35.1) 🖼
 • Preparing nodes 📦 📦 📦 📦 📦   ...
 ✓ Preparing nodes 📦 📦 📦 📦 📦 
 • Configuring the external load balancer ⚖️  ...
 ✓ Configuring the external load balancer ⚖️
 • Writing configuration 📜  ...
 ✓ Writing configuration 📜
 • Starting control-plane 🕹️  ...
 ✓ Starting control-plane 🕹️
 • Installing CNI 🔌  ...
 ✓ Installing CNI 🔌
 • Joining more control-plane nodes 🎮  ...
 ✓ Joining more control-plane nodes 🎮
 • Joining worker nodes 🚜  ...
 ✓ Joining worker nodes 🚜

Local Registry:
  Push:        docker push localhost:5001/myimage:latest
  Pull in pods: image: localhost:5001/myimage:latest

 * Skipping NVIDIA GPU (disabled in config)

Dashboard:
  Get token: kubectl -n kube-system get secret kinder-dashboard-token -o jsonpath='{.data.token}' | base64 -d
  Port-forward: kubectl port-forward -n kube-system service/headlamp 8080:80
  Then open: http://localhost:8080

 • Installing Envoy Gateway  ...
 ✓ Installing Envoy Gateway
On darwin, MetalLB LoadBalancer IPs are not directly reachable from the host.
   Use kubectl port-forward to access LoadBalancer services:
   kubectl port-forward svc/<service-name> <local-port>:<service-port>

Addons:
 * Local Registry       installed (1.0s)
 * MetalLB              installed (30.7s)
 * Metrics Server       installed (38.4s)
 * CoreDNS Tuning       installed (14.6s)
 * Dashboard            installed (41.9s)
 * Cert Manager         installed (12.9s)
 * Local Path Provisioner installed (8.0s)
 * NVIDIA GPU           skipped (disabled)
 * Envoy Gateway        installed (36.4s)
Set kubectl context to "kind-uat-573-ipv6"
You can now use your cluster with:

kubectl cluster-info --context kind-uat-573-ipv6

Have a question, bug, or feature request? Let us know! https://kind.sigs.k8s.io/#community 🙂
[08:56:21] Capturing pre-resume cert serials
/etc/kubernetes/pki/etcd/peer.crt: serial=45EFBF0239574EA6
/etc/kubernetes/pki/etcd/server.crt: serial=6F6326FF9F5ACB18
/etc/kubernetes/pki/etcd/healthcheck-client.crt: serial=421D18565110D98F
/etc/kubernetes/pki/apiserver-etcd-client.crt: serial=54AD8766512F5294
[08:56:21] Pausing cluster
failed to capture etcd leader id for HA pause snapshot (continuing): etcdctl endpoint status via crictl exec failed: command "docker exec --privileged uat-573-ipv6-control-plane crictl exec 41402b309b76293e723f71330c78c1e2892790d5593b85d1e3884d664c12f1d2 etcdctl --cacert=/etc/kubernetes/pki/etcd/ca.crt --cert=/etc/kubernetes/pki/etcd/peer.crt --key=/etc/kubernetes/pki/etcd/peer.key --endpoints=https://127.0.0.1:2379 endpoint status --cluster --write-out=json" failed with error: exit status 1
 - uat-573-ipv6-worker2 stopped (role: worker, 1.3s)
 - uat-573-ipv6-worker stopped (role: worker, 5.3s)
 - uat-573-ipv6-control-plane stopped (role: control-plane, 30.3s)
 - uat-573-ipv6-control-plane2 stopped (role: control-plane, 30.3s)
 - uat-573-ipv6-control-plane3 stopped (role: control-plane, 30.3s)
 - uat-573-ipv6-external-load-balancer stopped (role: external-load-balancer, 30.2s)
Cluster paused. Total time: 133.5s
[08:58:35] Resuming with cert-regen
 • ✓ uat-573-ipv6-external-load-balancer (role=external-load-balancer, 0.1s)
 • ✓ uat-573-ipv6-control-plane (role=control-plane, 0.1s)
 • ✓ uat-573-ipv6-control-plane2 (role=control-plane, 0.1s)
 • ✓ uat-573-ipv6-control-plane3 (role=control-plane, 0.1s)
 • ✓ uat-573-ipv6-worker2 (role=worker, 0.1s)
 • ✓ uat-573-ipv6-worker (role=worker, 0.1s)
cert regen phase 1: regenerating cert files on all 3 CP nodes
  [phase 1] regenerating certs on uat-573-ipv6-control-plane (1/3)
  [phase 1] regenerating certs on uat-573-ipv6-control-plane2 (2/3)
  [phase 1] regenerating certs on uat-573-ipv6-control-plane3 (3/3)
cert regen phase 1 complete: all 3 CP nodes have fresh cert files
cert regen phase 1.5: patching etcd/apiserver manifests with 3 IP remappings
cert regen phase 1.5 complete: manifests patched
cert regen phase 1.6: verifying and updating etcd member peer URLs
=== cert-regen diagnostic dump (failed at: member-update on uat-573-ipv6-control-plane) ===
etcdctl member list:
kubeadm certs check-expiration:
[check-expiration] Reading configuration from the "kubeadm-config" ConfigMap in namespace "kube-system"...
[check-expiration] Use 'kubeadm init phase upload-config kubeadm --config your-config-file' to re-upload it.
[check-expiration] Error reading configuration from the Cluster. Falling back to default configuration

CERTIFICATE                EXPIRES                  RESIDUAL TIME   CERTIFICATE AUTHORITY   EXTERNALLY MANAGED
admin.conf                 May 17, 2027 12:54 UTC   364d            ca                      no      
apiserver                  May 17, 2027 12:58 UTC   364d            ca                      no      
apiserver-etcd-client      May 17, 2027 12:58 UTC   364d            etcd-ca                 no      
apiserver-kubelet-client   May 17, 2027 12:54 UTC   364d            ca                      no      
controller-manager.conf    May 17, 2027 12:54 UTC   364d            ca                      no      
etcd-healthcheck-client    May 17, 2027 12:58 UTC   364d            etcd-ca                 no      
etcd-peer                  May 17, 2027 12:58 UTC   364d            etcd-ca                 no      
etcd-server                May 17, 2027 12:58 UTC   364d            etcd-ca                 no      
front-proxy-client         May 17, 2027 12:54 UTC   364d            front-proxy-ca          no      
scheduler.conf             May 17, 2027 12:54 UTC   364d            ca                      no      
super-admin.conf           May 17, 2027 12:54 UTC   364d            ca                      no      

CERTIFICATE AUTHORITY   EXPIRES                  RESIDUAL TIME   EXTERNALLY MANAGED
ca                      May 14, 2036 12:54 UTC   9y              no      
etcd-ca                 May 14, 2036 12:54 UTC   9y              no      
front-proxy-ca          May 14, 2036 12:54 UTC   9y              no      
kube-apiserver last 20 lines:
cert serials:
/etc/kubernetes/pki/etcd/peer.crt: serial=297D094CD3BA9E6E
/etc/kubernetes/pki/etcd/server.crt: serial=631BF15F60CD9970
/etc/kubernetes/pki/etcd/healthcheck-client.crt: serial=247AD70FB3991E1A
/etc/kubernetes/pki/apiserver-etcd-client.crt: serial=5F56A5EBCCDD2C93
Cluster resumed. Total time: 29.3s
ERROR: HA resume cert-regen failed: delete and recreate the cluster: cert regen phase 1.6 (etcd member peer URL update) failed. Cluster state is undefined — delete and recreate the cluster: phase 1.6: etcdctl member list failed on uat-573-ipv6-control-plane: command "docker exec --privileged uat-573-ipv6-control-plane crictl exec 2826c46fab88fb0545d127573a0d67db3d2bba544cfd7ba4187b039a604e197f etcdctl --cacert=/etc/kubernetes/pki/etcd/ca.crt --cert=/etc/kubernetes/pki/etcd/peer.crt --key=/etc/kubernetes/pki/etcd/peer.key '--endpoints=https://[::1]:2379' member list --write-out=json" failed with error: exit status 1

Command Output: {"level":"warn","ts":"2026-05-17T12:58:53.345369Z","logger":"etcd-client","caller":"v3@v3.6.6/retry_interceptor.go:65","msg":"retrying of unary invoker failed","target":"etcd-endpoints://0x40003ae5a0/[::1]:2379","method":"/etcdserverpb.Cluster/MemberList","attempt":0,"error":"rpc error: code = DeadlineExceeded desc = latest balancer error: connection error: desc = \"transport: Error while dialing: dial tcp [::1]:2379: connect: connection refused\""}
Error: context deadline exceeded
execing command in container 2826c46fab88fb0545d127573a0d67db3d2bba544cfd7ba4187b039a604e197f: command terminated with exit code 1
