 • ✓ uat-573-ipv6-external-load-balancer (role=external-load-balancer, 0.1s)
 • ✓ uat-573-ipv6-control-plane (role=control-plane, 0.1s)
 • ✓ uat-573-ipv6-control-plane2 (role=control-plane, 0.1s)
 • ✓ uat-573-ipv6-control-plane3 (role=control-plane, 0.1s)
 • ✓ uat-573-ipv6-worker2 (role=worker, 0.1s)
 • ✓ uat-573-ipv6-worker (role=worker, 0.1s)
cert regen phase 1: regenerating cert files on all 3 CP nodes
  [phase 1] regenerating certs on uat-573-ipv6-control-plane (1/3)
  [phase 1] regenerating certs on uat-573-ipv6-control-plane2 (2/3)
  [phase 1] regenerating certs on uat-573-ipv6-control-plane3 (3/3)
cert regen phase 1 complete: all 3 CP nodes have fresh cert files
cert regen phase 1.5: patching etcd/apiserver manifests with 3 IP remappings
cert regen phase 1.5 complete: manifests patched
cert regen phase 1.6: verifying and updating etcd member peer URLs
=== cert-regen diagnostic dump (failed at: member-update on uat-573-ipv6-control-plane) ===
etcdctl member list:
kubeadm certs check-expiration:
[check-expiration] Reading configuration from the "kubeadm-config" ConfigMap in namespace "kube-system"...
[check-expiration] Use 'kubeadm init phase upload-config kubeadm --config your-config-file' to re-upload it.
[check-expiration] Error reading configuration from the Cluster. Falling back to default configuration

CERTIFICATE                EXPIRES                  RESIDUAL TIME   CERTIFICATE AUTHORITY   EXTERNALLY MANAGED
admin.conf                 May 17, 2027 12:54 UTC   364d            ca                      no      
apiserver                  May 17, 2027 12:58 UTC   364d            ca                      no      
apiserver-etcd-client      May 17, 2027 12:58 UTC   364d            etcd-ca                 no      
apiserver-kubelet-client   May 17, 2027 12:54 UTC   364d            ca                      no      
controller-manager.conf    May 17, 2027 12:54 UTC   364d            ca                      no      
etcd-healthcheck-client    May 17, 2027 12:58 UTC   364d            etcd-ca                 no      
etcd-peer                  May 17, 2027 12:58 UTC   364d            etcd-ca                 no      
etcd-server                May 17, 2027 12:58 UTC   364d            etcd-ca                 no      
front-proxy-client         May 17, 2027 12:54 UTC   364d            front-proxy-ca          no      
scheduler.conf             May 17, 2027 12:54 UTC   364d            ca                      no      
super-admin.conf           May 17, 2027 12:54 UTC   364d            ca                      no      

CERTIFICATE AUTHORITY   EXPIRES                  RESIDUAL TIME   EXTERNALLY MANAGED
ca                      May 14, 2036 12:54 UTC   9y              no      
etcd-ca                 May 14, 2036 12:54 UTC   9y              no      
front-proxy-ca          May 14, 2036 12:54 UTC   9y              no      
kube-apiserver last 20 lines:
cert serials:
/etc/kubernetes/pki/etcd/peer.crt: serial=297D094CD3BA9E6E
/etc/kubernetes/pki/etcd/server.crt: serial=631BF15F60CD9970
/etc/kubernetes/pki/etcd/healthcheck-client.crt: serial=247AD70FB3991E1A
/etc/kubernetes/pki/apiserver-etcd-client.crt: serial=5F56A5EBCCDD2C93
Cluster resumed. Total time: 29.3s
ERROR: HA resume cert-regen failed: delete and recreate the cluster: cert regen phase 1.6 (etcd member peer URL update) failed. Cluster state is undefined — delete and recreate the cluster: phase 1.6: etcdctl member list failed on uat-573-ipv6-control-plane: command "docker exec --privileged uat-573-ipv6-control-plane crictl exec 2826c46fab88fb0545d127573a0d67db3d2bba544cfd7ba4187b039a604e197f etcdctl --cacert=/etc/kubernetes/pki/etcd/ca.crt --cert=/etc/kubernetes/pki/etcd/peer.crt --key=/etc/kubernetes/pki/etcd/peer.key '--endpoints=https://[::1]:2379' member list --write-out=json" failed with error: exit status 1

Command Output: {"level":"warn","ts":"2026-05-17T12:58:53.345369Z","logger":"etcd-client","caller":"v3@v3.6.6/retry_interceptor.go:65","msg":"retrying of unary invoker failed","target":"etcd-endpoints://0x40003ae5a0/[::1]:2379","method":"/etcdserverpb.Cluster/MemberList","attempt":0,"error":"rpc error: code = DeadlineExceeded desc = latest balancer error: connection error: desc = \"transport: Error while dialing: dial tcp [::1]:2379: connect: connection refused\""}
Error: context deadline exceeded
execing command in container 2826c46fab88fb0545d127573a0d67db3d2bba544cfd7ba4187b039a604e197f: command terminated with exit code 1
