[08:01:34] uat-57.3-cert-regen.sh starting; KINDER_BIN=/Users/patrykattc/work/git/kinder/bin/kinder
[08:01:34] === Phase 57.3 cert-regen live UAT ===
[08:01:34] HEAD: 97042764db093f686896f130791a7310a01edca6
[08:01:34] macOS: 26.3.1
[08:01:35] Docker: 29.4.3
[08:01:35] make build (rebuild against current HEAD)
go build -v -o "/Users/patrykattc/work/git/kinder/bin/kinder" -trimpath -ldflags="-buildid= -w -X=sigs.k8s.io/kind/pkg/internal/kindversion.gitCommit=97042764db093f686896f130791a7310a01edca6 -X=sigs.k8s.io/kind/pkg/internal/kindversion.gitCommitCount=127"
sigs.k8s.io/kind
[08:01:35]   ok binary marker present: kubeadm certs renew %s failed on %s
[08:01:36]   ok binary marker present: apiserver-etcd-client
[08:01:36]   ok binary marker present: --strategy=
[08:01:36]   ok binary marker present: Cluster state is undefined
[08:01:36]   ok binary marker present: etcd ready-gate timed out
[08:01:36]   ok binary marker present: apiserver healthz timed out
kind v1.5.0 go1.25.7 darwin/arm64
[08:01:36] === fixture: uat-573-ipv4 (loopback=127.0.0.1, expected_nodes=5) ===
[08:01:36] uat-573-ipv4: kinder create cluster
[08:04:43] uat-573-ipv4: capture pre-resume cert serials
[08:04:43] uat-573-ipv4: kinder pause
[08:06:51] uat-573-ipv4: kinder resume --strategy=cert-regen --wait 15m
[08:09:20] FAIL: uat-573-ipv4: kinder resume --strategy=cert-regen exited 1 (see /Users/patrykattc/work/git/kinder/.planning/phases/57.3-ha-cluster-cert-regen-recovery/uat-logs/uat-573-ipv4-resume.log)
[08:09:20] cleanup: SKIPPED — clusters preserved for forensics
[08:09:20]   inspect with: docker ps --filter label=io.x-k8s.kind.cluster
[08:09:20]   manual delete: /Users/patrykattc/work/git/kinder/bin/kinder delete cluster --name <name>
[08:17:29] uat-57.3-cert-regen.sh starting; KINDER_BIN=/Users/patrykattc/work/git/kinder/bin/kinder
[08:17:29] === Phase 57.3 cert-regen live UAT ===
[08:17:29] HEAD: 69391d7cc44b81a906cd694a5cbe8fc6a9309915
[08:17:29] macOS: 26.3.1
[08:17:29] Docker: 29.4.3
[08:17:29] make build (rebuild against current HEAD)
go build -v -o "/Users/patrykattc/work/git/kinder/bin/kinder" -trimpath -ldflags="-buildid= -w -X=sigs.k8s.io/kind/pkg/internal/kindversion.gitCommit=69391d7cc44b81a906cd694a5cbe8fc6a9309915 -X=sigs.k8s.io/kind/pkg/internal/kindversion.gitCommitCount=128"
sigs.k8s.io/kind
[08:17:30]   ok binary marker present: kubeadm certs renew %s failed on %s
[08:17:30]   ok binary marker present: apiserver-etcd-client
[08:17:30]   ok binary marker present: --strategy=
[08:17:31]   ok binary marker present: Cluster state is undefined
[08:17:31]   ok binary marker present: etcd ready-gate timed out
[08:17:31]   ok binary marker present: apiserver healthz timed out
kind v1.5.0 go1.25.7 darwin/arm64
[08:17:31] === fixture: uat-573-ipv4 (loopback=127.0.0.1, expected_nodes=5) ===
[08:17:31] uat-573-ipv4: kinder create cluster
[08:19:32] uat-573-ipv4: capture pre-resume cert serials
[08:19:33] uat-573-ipv4: kinder pause
[08:21:40] uat-573-ipv4: kinder resume --strategy=cert-regen --wait 15m
[08:25:53] FAIL: uat-573-ipv4: kinder resume --strategy=cert-regen exited 1 (see /Users/patrykattc/work/git/kinder/.planning/phases/57.3-ha-cluster-cert-regen-recovery/uat-logs/uat-573-ipv4-resume.log)
[08:25:53] cleanup: SKIPPED — clusters preserved for forensics
[08:25:53]   inspect with: docker ps --filter label=io.x-k8s.kind.cluster
[08:25:53]   manual delete: /Users/patrykattc/work/git/kinder/bin/kinder delete cluster --name <name>
[08:30:26] uat-57.3-cert-regen.sh starting; KINDER_BIN=/Users/patrykattc/work/git/kinder/bin/kinder
[08:30:26] === Phase 57.3 cert-regen live UAT ===
[08:30:26] HEAD: 69391d7cc44b81a906cd694a5cbe8fc6a9309915
[08:30:26] macOS: 26.3.1
[08:30:26] Docker: 29.4.3
[08:30:26] make build (rebuild against current HEAD)
go build -v -o "/Users/patrykattc/work/git/kinder/bin/kinder" -trimpath -ldflags="-buildid= -w -X=sigs.k8s.io/kind/pkg/internal/kindversion.gitCommit=69391d7cc44b81a906cd694a5cbe8fc6a9309915 -X=sigs.k8s.io/kind/pkg/internal/kindversion.gitCommitCount=128"
[08:30:27]   ok binary marker present: kubeadm certs renew %s failed on %s
[08:30:27]   ok binary marker present: apiserver-etcd-client
[08:30:27]   ok binary marker present: --strategy=
[08:30:27]   ok binary marker present: Cluster state is undefined
[08:30:27]   ok binary marker present: etcd ready-gate timed out
[08:30:27]   ok binary marker present: apiserver healthz timed out
kind v1.5.0 go1.25.7 darwin/arm64
[08:30:28] === fixture: uat-573-ipv4 (loopback=127.0.0.1, expected_nodes=5) ===
[08:30:28] uat-573-ipv4: kinder create cluster
[08:32:40] uat-573-ipv4: capture pre-resume cert serials
[08:32:40] uat-573-ipv4: kinder pause
[08:34:48] uat-573-ipv4: kinder resume --strategy=cert-regen --wait 15m
[08:39:19] uat-573-ipv4: capture post-resume cert serials
[08:39:19] uat-573-ipv4: ok cert serials advanced (pre/post diff)
[08:39:19] uat-573-ipv4: apiserver healthz from inside cp1 at https://127.0.0.1:6443/healthz
[08:39:19] uat-573-ipv4: ok apiserver healthz returned 200 (SC1/SC3 satisfied)
[08:39:19] uat-573-ipv4: capture kubeconfig + assert all 5 nodes Ready (15m deadline)
[08:39:19] uat-573-ipv4: ok all 5 nodes Ready (SC2 satisfied)
[08:39:19] === fixture uat-573-ipv4: PASS ===
[08:39:19] === fixture: uat-573-ipv6 (loopback=[::1], expected_nodes=5) ===
[08:39:19] uat-573-ipv6: kinder create cluster
[08:41:48] uat-573-ipv6: capture pre-resume cert serials
[08:41:48] uat-573-ipv6: kinder pause
[08:44:01] uat-573-ipv6: kinder resume --strategy=cert-regen --wait 15m
[08:45:01] FAIL: uat-573-ipv6: kinder resume --strategy=cert-regen exited 1 (see /Users/patrykattc/work/git/kinder/.planning/phases/57.3-ha-cluster-cert-regen-recovery/uat-logs/uat-573-ipv6-resume.log)
[08:45:01] cleanup: SKIPPED — clusters preserved for forensics
[08:45:01]   inspect with: docker ps --filter label=io.x-k8s.kind.cluster
[08:45:01]   manual delete: /Users/patrykattc/work/git/kinder/bin/kinder delete cluster --name <name>
[10:15:46] uat-57.3-cert-regen.sh starting; KINDER_BIN=/Users/patrykattc/work/git/kinder/bin/kinder
[10:15:46] === Phase 57.3 cert-regen live UAT ===
[10:15:46] HEAD: 8af6872aa36fd947e66e92718f2032f34898217b
[10:15:46] macOS: 26.3.1
[10:15:46] Docker: 29.4.3
[10:15:46] make build (rebuild against current HEAD)
go build -v -o "/Users/patrykattc/work/git/kinder/bin/kinder" -trimpath -ldflags="-buildid= -w -X=sigs.k8s.io/kind/pkg/internal/kindversion.gitCommit=8af6872aa36fd947e66e92718f2032f34898217b -X=sigs.k8s.io/kind/pkg/internal/kindversion.gitCommitCount=129"
[10:15:47]   ok binary marker present: kubeadm certs renew %s failed on %s
[10:15:47]   ok binary marker present: apiserver-etcd-client
[10:15:47]   ok binary marker present: --strategy=
[10:15:47]   ok binary marker present: Cluster state is undefined
[10:15:47]   ok binary marker present: etcd ready-gate timed out
[10:15:47]   ok binary marker present: apiserver healthz timed out
kind v1.5.0 go1.25.7 darwin/arm64
[10:15:48] === fixture: uat-573-ipv4 (loopback=127.0.0.1, expected_nodes=5) ===
[10:15:48] uat-573-ipv4: kinder create cluster
[10:17:52] uat-573-ipv4: capture pre-resume cert serials
[10:17:52] uat-573-ipv4: kinder pause
[10:20:00] uat-573-ipv4: kinder resume --strategy=cert-regen --wait 15m
[10:20:12] FAIL: uat-573-ipv4: kinder resume --strategy=cert-regen exited 1 (see /Users/patrykattc/work/git/kinder/.planning/phases/57.3-ha-cluster-cert-regen-recovery/uat-logs/uat-573-ipv4-resume.log)
[10:20:12] cleanup: SKIPPED — clusters preserved for forensics
[10:20:12]   inspect with: docker ps --filter label=io.x-k8s.kind.cluster
[10:20:12]   manual delete: /Users/patrykattc/work/git/kinder/bin/kinder delete cluster --name <name>
[10:24:38] uat-57.3-cert-regen.sh starting; KINDER_BIN=/Users/patrykattc/work/git/kinder/bin/kinder
[10:24:38] === Phase 57.3 cert-regen live UAT ===
[10:24:38] HEAD: 684deabebcf0092a8d53c8dd8bb49c27b970431a
[10:24:38] macOS: 26.3.1
[10:24:38] Docker: 29.4.3
[10:24:38] make build (rebuild against current HEAD)
go build -v -o "/Users/patrykattc/work/git/kinder/bin/kinder" -trimpath -ldflags="-buildid= -w -X=sigs.k8s.io/kind/pkg/internal/kindversion.gitCommit=684deabebcf0092a8d53c8dd8bb49c27b970431a -X=sigs.k8s.io/kind/pkg/internal/kindversion.gitCommitCount=130"
[10:24:39]   ok binary marker present: kubeadm certs renew %s failed on %s
[10:24:39]   ok binary marker present: apiserver-etcd-client
[10:24:39]   ok binary marker present: --strategy=
[10:24:39]   ok binary marker present: Cluster state is undefined
[10:24:39]   ok binary marker present: etcd ready-gate timed out
[10:24:39]   ok binary marker present: apiserver healthz timed out
kind v1.5.0 go1.25.7 darwin/arm64
[10:24:40] === fixture: uat-573-ipv4 (loopback=127.0.0.1, expected_nodes=5) ===
[10:24:40] uat-573-ipv4: kinder create cluster
[10:26:53] uat-573-ipv4: capture pre-resume cert serials
[10:26:53] uat-573-ipv4: kinder pause
[10:29:01] uat-573-ipv4: kinder resume --strategy=cert-regen --wait 15m
[10:30:41] FAIL: uat-573-ipv4: kinder resume --strategy=cert-regen exited 1 (see /Users/patrykattc/work/git/kinder/.planning/phases/57.3-ha-cluster-cert-regen-recovery/uat-logs/uat-573-ipv4-resume.log)
[10:30:41] cleanup: SKIPPED — clusters preserved for forensics
[10:30:41]   inspect with: docker ps --filter label=io.x-k8s.kind.cluster
[10:30:41]   manual delete: /Users/patrykattc/work/git/kinder/bin/kinder delete cluster --name <name>
[10:33:42] uat-57.3-cert-regen.sh starting; KINDER_BIN=/Users/patrykattc/work/git/kinder/bin/kinder
[10:33:42] === Phase 57.3 cert-regen live UAT ===
[10:33:42] HEAD: 92d88a4bf5276e2d7c2e11aed470796e2210179f
[10:33:42] macOS: 26.3.1
[10:33:42] Docker: 29.4.3
[10:33:42] make build (rebuild against current HEAD)
go build -v -o "/Users/patrykattc/work/git/kinder/bin/kinder" -trimpath -ldflags="-buildid= -w -X=sigs.k8s.io/kind/pkg/internal/kindversion.gitCommit=92d88a4bf5276e2d7c2e11aed470796e2210179f -X=sigs.k8s.io/kind/pkg/internal/kindversion.gitCommitCount=131"
[10:33:43]   ok binary marker present: kubeadm certs renew %s failed on %s
[10:33:43]   ok binary marker present: apiserver-etcd-client
[10:33:44]   ok binary marker present: --strategy=
[10:33:44]   ok binary marker present: Cluster state is undefined
[10:33:44]   ok binary marker present: etcd ready-gate timed out
[10:33:44]   ok binary marker present: apiserver healthz timed out
kind v1.5.0 go1.25.7 darwin/arm64
[10:33:44] === fixture: uat-573-ipv4 (loopback=127.0.0.1, expected_nodes=5) ===
[10:33:44] uat-573-ipv4: kinder create cluster
[10:35:55] uat-573-ipv4: capture pre-resume cert serials
[10:35:55] uat-573-ipv4: kinder pause
[10:38:03] uat-573-ipv4: kinder resume --strategy=cert-regen --wait 15m
[10:39:58] FAIL: uat-573-ipv4: kinder resume --strategy=cert-regen exited 1 (see /Users/patrykattc/work/git/kinder/.planning/phases/57.3-ha-cluster-cert-regen-recovery/uat-logs/uat-573-ipv4-resume.log)
[10:39:58] cleanup: SKIPPED — clusters preserved for forensics
[10:39:58]   inspect with: docker ps --filter label=io.x-k8s.kind.cluster
[10:39:58]   manual delete: /Users/patrykattc/work/git/kinder/bin/kinder delete cluster --name <name>
[11:28:12] uat-57.3-cert-regen.sh starting; KINDER_BIN=/Users/patrykattc/work/git/kinder/bin/kinder
[11:28:12] === Phase 57.3 cert-regen live UAT ===
[11:28:12] HEAD: ccba083d1bca360a9bab7a73093eeaf0cb00fbc6
[11:28:12] macOS: 26.3.1
[11:28:12] Docker: 29.4.3
[11:28:12] make build (rebuild against current HEAD)
go build -v -o "/Users/patrykattc/work/git/kinder/bin/kinder" -trimpath -ldflags="-buildid= -w -X=sigs.k8s.io/kind/pkg/internal/kindversion.gitCommit=ccba083d1bca360a9bab7a73093eeaf0cb00fbc6 -X=sigs.k8s.io/kind/pkg/internal/kindversion.gitCommitCount=133"
[11:28:14]   ok binary marker present: kubeadm certs renew %s failed on %s
[11:28:14]   ok binary marker present: apiserver-etcd-client
[11:28:14]   ok binary marker present: --strategy=
[11:28:14]   ok binary marker present: Cluster state is undefined
[11:28:14]   ok binary marker present: etcd ready-gate timed out
[11:28:14]   ok binary marker present: apiserver healthz timed out
kind v1.5.0 go1.25.7 darwin/arm64
[11:28:14] === fixture: uat-573-ipv4 (loopback=127.0.0.1, expected_nodes=5) ===
[11:28:14] uat-573-ipv4: kinder create cluster
[11:30:22] uat-573-ipv4: capture pre-resume cert serials
[11:30:22] uat-573-ipv4: kinder pause
[11:32:30] uat-573-ipv4: kinder resume --strategy=cert-regen --wait 15m
[11:34:20] FAIL: uat-573-ipv4: kinder resume --strategy=cert-regen exited 1 (see /Users/patrykattc/work/git/kinder/.planning/phases/57.3-ha-cluster-cert-regen-recovery/uat-logs/uat-573-ipv4-resume.log)
[11:34:20] cleanup: SKIPPED — clusters preserved for forensics
[11:34:20]   inspect with: docker ps --filter label=io.x-k8s.kind.cluster
[11:34:20]   manual delete: /Users/patrykattc/work/git/kinder/bin/kinder delete cluster --name <name>
[11:35:31] uat-57.3-cert-regen.sh starting; KINDER_BIN=/Users/patrykattc/work/git/kinder/bin/kinder
[11:35:31] === Phase 57.3 cert-regen live UAT ===
[11:35:31] HEAD: ff70d766c24e1396406660e8d71eb928504c06f7
[11:35:31] macOS: 26.3.1
[11:35:31] Docker: 29.4.3
[11:35:31] make build (rebuild against current HEAD)
go build -v -o "/Users/patrykattc/work/git/kinder/bin/kinder" -trimpath -ldflags="-buildid= -w -X=sigs.k8s.io/kind/pkg/internal/kindversion.gitCommit=ff70d766c24e1396406660e8d71eb928504c06f7 -X=sigs.k8s.io/kind/pkg/internal/kindversion.gitCommitCount=134"
[11:35:32]   ok binary marker present: kubeadm certs renew %s failed on %s
[11:35:32]   ok binary marker present: apiserver-etcd-client
[11:35:32]   ok binary marker present: --strategy=
[11:35:32]   ok binary marker present: Cluster state is undefined
[11:35:32]   ok binary marker present: etcd ready-gate timed out
[11:35:32]   ok binary marker present: apiserver healthz timed out
kind v1.5.0 go1.25.7 darwin/arm64
[11:35:33] === fixture: uat-573-ipv4 (loopback=127.0.0.1, expected_nodes=5) ===
[11:35:33] uat-573-ipv4: kinder create cluster
[11:37:40] uat-573-ipv4: capture pre-resume cert serials
[11:37:40] uat-573-ipv4: kinder pause
[11:39:48] uat-573-ipv4: kinder resume --strategy=cert-regen --wait 15m
[11:45:01] uat-573-ipv4: capture post-resume cert serials
[11:45:02] uat-573-ipv4: ok cert serials advanced (pre/post diff)
[11:45:02] uat-573-ipv4: apiserver healthz from inside cp1 at https://127.0.0.1:6443/healthz
[11:45:02] uat-573-ipv4: ok apiserver healthz returned 200 (SC1/SC3 satisfied)
[11:45:02] uat-573-ipv4: capture kubeconfig + assert all 5 nodes Ready (15m deadline)
[11:45:02] uat-573-ipv4: ok all 5 nodes Ready (SC2 satisfied)
[11:45:02] === fixture uat-573-ipv4: PASS ===
[11:45:02] === fixture: uat-573-ipv6 (loopback=[::1], expected_nodes=5) ===
[11:45:02] uat-573-ipv6: kinder create cluster
[11:47:14] uat-573-ipv6: capture pre-resume cert serials
[11:47:14] uat-573-ipv6: kinder pause
[11:49:28] uat-573-ipv6: kinder resume --strategy=cert-regen --wait 15m
[11:52:20] FAIL: uat-573-ipv6: kinder resume --strategy=cert-regen exited 1 (see /Users/patrykattc/work/git/kinder/.planning/phases/57.3-ha-cluster-cert-regen-recovery/uat-logs/uat-573-ipv6-resume.log)
[11:52:20] cleanup: SKIPPED — clusters preserved for forensics
[11:52:20]   inspect with: docker ps --filter label=io.x-k8s.kind.cluster
[11:52:20]   manual delete: /Users/patrykattc/work/git/kinder/bin/kinder delete cluster --name <name>
[12:06:25] uat-57.3-cert-regen.sh starting; KINDER_BIN=/Users/patrykattc/work/git/kinder/bin/kinder
[12:06:25] === Phase 57.3 cert-regen live UAT ===
[12:06:25] HEAD: b828dce7bf6a16c5b829c1d2cf15d1eaa0edfa2c
[12:06:25] macOS: 26.3.1
[12:06:25] Docker: 29.4.3
[12:06:25] make build (rebuild against current HEAD)
go build -v -o "/Users/patrykattc/work/git/kinder/bin/kinder" -trimpath -ldflags="-buildid= -w -X=sigs.k8s.io/kind/pkg/internal/kindversion.gitCommit=b828dce7bf6a16c5b829c1d2cf15d1eaa0edfa2c -X=sigs.k8s.io/kind/pkg/internal/kindversion.gitCommitCount=135"
[12:06:26]   ok binary marker present: kubeadm certs renew %s failed on %s
[12:06:26]   ok binary marker present: apiserver-etcd-client
[12:06:26]   ok binary marker present: --strategy=
[12:06:26]   ok binary marker present: Cluster state is undefined
[12:06:27]   ok binary marker present: etcd ready-gate timed out
[12:06:27]   ok binary marker present: apiserver healthz timed out
kind v1.5.0 go1.25.7 darwin/arm64
[12:06:27] === fixture: uat-573-ipv4 (loopback=127.0.0.1, expected_nodes=5) ===
[12:06:27] uat-573-ipv4: kinder create cluster
[12:08:33] uat-573-ipv4: capture pre-resume cert serials
[12:08:33] uat-573-ipv4: kinder pause
[12:10:41] uat-573-ipv4: kinder resume --strategy=cert-regen --wait 15m
[12:12:39] FAIL: uat-573-ipv4: kinder resume --strategy=cert-regen exited 1 (see /Users/patrykattc/work/git/kinder/.planning/phases/57.3-ha-cluster-cert-regen-recovery/uat-logs/uat-573-ipv4-resume.log)
[12:12:39] cleanup: SKIPPED — clusters preserved for forensics
[12:12:39]   inspect with: docker ps --filter label=io.x-k8s.kind.cluster
[12:12:39]   manual delete: /Users/patrykattc/work/git/kinder/bin/kinder delete cluster --name <name>
[12:17:03] uat-57.3-cert-regen.sh starting; KINDER_BIN=/Users/patrykattc/work/git/kinder/bin/kinder
[12:17:03] === Phase 57.3 cert-regen live UAT ===
[12:17:03] HEAD: 22d52f4fe4e590a36d3c235ea699585cf91e1f85
[12:17:03] macOS: 26.3.1
[12:17:03] Docker: 29.4.3
[12:17:03] make build (rebuild against current HEAD)
go build -v -o "/Users/patrykattc/work/git/kinder/bin/kinder" -trimpath -ldflags="-buildid= -w -X=sigs.k8s.io/kind/pkg/internal/kindversion.gitCommit=22d52f4fe4e590a36d3c235ea699585cf91e1f85 -X=sigs.k8s.io/kind/pkg/internal/kindversion.gitCommitCount=136"
sigs.k8s.io/kind/pkg/internal/lifecycle
sigs.k8s.io/kind/pkg/cmd/kind/status
sigs.k8s.io/kind/pkg/cmd/kind/resume
sigs.k8s.io/kind/pkg/cmd/kind/pause
sigs.k8s.io/kind/pkg/cmd/kind/dev
sigs.k8s.io/kind/pkg/cmd/kind/get/nodes
sigs.k8s.io/kind/pkg/cmd/kind/get/clusters
sigs.k8s.io/kind/pkg/cmd/kind/doctor/decode
sigs.k8s.io/kind/pkg/internal/snapshot
sigs.k8s.io/kind/pkg/cmd/kind/doctor
sigs.k8s.io/kind/pkg/cmd/kind/get
sigs.k8s.io/kind/pkg/cmd/kind/snapshot
sigs.k8s.io/kind/pkg/cmd/kind
sigs.k8s.io/kind
[12:17:05]   ok binary marker present: kubeadm certs renew %s failed on %s
[12:17:05]   ok binary marker present: apiserver-etcd-client
[12:17:05]   ok binary marker present: --strategy=
[12:17:05]   ok binary marker present: Cluster state is undefined
[12:17:05]   ok binary marker present: etcd ready-gate timed out
[12:17:05]   ok binary marker present: apiserver healthz timed out
kind v1.5.0 go1.25.7 darwin/arm64
[12:17:07] === fixture: uat-573-ipv4 (loopback=127.0.0.1, expected_nodes=5) ===
[12:17:07] uat-573-ipv4: kinder create cluster
[12:19:15] uat-573-ipv4: capture pre-resume cert serials
[12:19:15] uat-573-ipv4: kinder pause
[12:21:23] uat-573-ipv4: kinder resume --strategy=cert-regen --wait 15m
[12:24:48] FAIL: uat-573-ipv4: kinder resume --strategy=cert-regen exited 1 (see /Users/patrykattc/work/git/kinder/.planning/phases/57.3-ha-cluster-cert-regen-recovery/uat-logs/uat-573-ipv4-resume.log)
[12:24:48] cleanup: SKIPPED — clusters preserved for forensics
[12:24:48]   inspect with: docker ps --filter label=io.x-k8s.kind.cluster
[12:24:48]   manual delete: /Users/patrykattc/work/git/kinder/bin/kinder delete cluster --name <name>
[12:26:16] uat-57.3-cert-regen.sh starting; KINDER_BIN=/Users/patrykattc/work/git/kinder/bin/kinder
[12:26:16] === Phase 57.3 cert-regen live UAT ===
[12:26:16] HEAD: e8a34c815c459f69ba1457aab2bb396060455ad0
[12:26:16] macOS: 26.3.1
[12:26:16] Docker: 29.4.3
[12:26:16] make build (rebuild against current HEAD)
go build -v -o "/Users/patrykattc/work/git/kinder/bin/kinder" -trimpath -ldflags="-buildid= -w -X=sigs.k8s.io/kind/pkg/internal/kindversion.gitCommit=e8a34c815c459f69ba1457aab2bb396060455ad0 -X=sigs.k8s.io/kind/pkg/internal/kindversion.gitCommitCount=137"
sigs.k8s.io/kind/pkg/internal/lifecycle
sigs.k8s.io/kind/pkg/cmd/kind/status
sigs.k8s.io/kind/pkg/cmd/kind/get/clusters
sigs.k8s.io/kind/pkg/cmd/kind/doctor/decode
sigs.k8s.io/kind/pkg/cmd/kind/pause
sigs.k8s.io/kind/pkg/cmd/kind/dev
sigs.k8s.io/kind/pkg/internal/snapshot
sigs.k8s.io/kind/pkg/cmd/kind/get/nodes
sigs.k8s.io/kind/pkg/cmd/kind/resume
sigs.k8s.io/kind/pkg/cmd/kind/doctor
sigs.k8s.io/kind/pkg/cmd/kind/get
sigs.k8s.io/kind/pkg/cmd/kind/snapshot
sigs.k8s.io/kind/pkg/cmd/kind
sigs.k8s.io/kind
[12:26:17]   ok binary marker present: kubeadm certs renew %s failed on %s
[12:26:17]   ok binary marker present: apiserver-etcd-client
[12:26:17]   ok binary marker present: --strategy=
[12:26:18]   ok binary marker present: Cluster state is undefined
[12:26:18]   ok binary marker present: etcd ready-gate timed out
[12:26:18]   ok binary marker present: apiserver healthz timed out
kind v1.5.0 go1.25.7 darwin/arm64
[12:26:18] === fixture: uat-573-ipv4 (loopback=127.0.0.1, expected_nodes=5) ===
[12:26:18] uat-573-ipv4: kinder create cluster
[12:28:24] uat-573-ipv4: capture pre-resume cert serials
[12:28:24] uat-573-ipv4: kinder pause
[12:30:31] uat-573-ipv4: kinder resume --strategy=cert-regen --wait 15m
[12:33:29] FAIL: uat-573-ipv4: kinder resume --strategy=cert-regen exited 1 (see /Users/patrykattc/work/git/kinder/.planning/phases/57.3-ha-cluster-cert-regen-recovery/uat-logs/uat-573-ipv4-resume.log)
[12:33:29] cleanup: SKIPPED — clusters preserved for forensics
[12:33:29]   inspect with: docker ps --filter label=io.x-k8s.kind.cluster
[12:33:29]   manual delete: /Users/patrykattc/work/git/kinder/bin/kinder delete cluster --name <name>
[12:35:48] uat-57.3-cert-regen.sh starting; KINDER_BIN=/Users/patrykattc/work/git/kinder/bin/kinder
[12:35:48] === Phase 57.3 cert-regen live UAT ===
[12:35:48] HEAD: c08ca887689b5a89c7e28edd18f0ee35c1a2a965
[12:35:48] macOS: 26.3.1
[12:35:48] Docker: 29.4.3
[12:35:48] make build (rebuild against current HEAD)
go build -v -o "/Users/patrykattc/work/git/kinder/bin/kinder" -trimpath -ldflags="-buildid= -w -X=sigs.k8s.io/kind/pkg/internal/kindversion.gitCommit=c08ca887689b5a89c7e28edd18f0ee35c1a2a965 -X=sigs.k8s.io/kind/pkg/internal/kindversion.gitCommitCount=138"
sigs.k8s.io/kind/pkg/internal/lifecycle
sigs.k8s.io/kind/pkg/cmd/kind/resume
sigs.k8s.io/kind/pkg/cmd/kind/doctor/decode
sigs.k8s.io/kind/pkg/cmd/kind/get/clusters
sigs.k8s.io/kind/pkg/cmd/kind/get/nodes
sigs.k8s.io/kind/pkg/cmd/kind/dev
sigs.k8s.io/kind/pkg/cmd/kind/pause
sigs.k8s.io/kind/pkg/cmd/kind/status
sigs.k8s.io/kind/pkg/internal/snapshot
sigs.k8s.io/kind/pkg/cmd/kind/doctor
sigs.k8s.io/kind/pkg/cmd/kind/get
sigs.k8s.io/kind/pkg/cmd/kind/snapshot
sigs.k8s.io/kind/pkg/cmd/kind
sigs.k8s.io/kind
[12:35:50]   ok binary marker present: kubeadm certs renew %s failed on %s
[12:35:50]   ok binary marker present: apiserver-etcd-client
[12:35:50]   ok binary marker present: --strategy=
[12:35:50]   ok binary marker present: Cluster state is undefined
[12:35:50]   ok binary marker present: etcd ready-gate timed out
[12:35:50]   ok binary marker present: apiserver healthz timed out
kind v1.5.0 go1.25.7 darwin/arm64
[12:35:50] === fixture: uat-573-ipv4 (loopback=127.0.0.1, expected_nodes=5) ===
[12:35:50] uat-573-ipv4: kinder create cluster
[12:38:04] uat-573-ipv4: capture pre-resume cert serials
[12:38:04] uat-573-ipv4: kinder pause
[12:40:12] uat-573-ipv4: kinder resume --strategy=cert-regen --wait 15m
[12:45:03] FAIL: uat-573-ipv4: kinder resume --strategy=cert-regen exited 1 (see /Users/patrykattc/work/git/kinder/.planning/phases/57.3-ha-cluster-cert-regen-recovery/uat-logs/uat-573-ipv4-resume.log)
[12:45:03] cleanup: SKIPPED — clusters preserved for forensics
[12:45:03]   inspect with: docker ps --filter label=io.x-k8s.kind.cluster
[12:45:03]   manual delete: /Users/patrykattc/work/git/kinder/bin/kinder delete cluster --name <name>
[12:48:43] uat-57.3-cert-regen.sh starting; KINDER_BIN=/Users/patrykattc/work/git/kinder/bin/kinder
[12:48:43] === Phase 57.3 cert-regen live UAT ===
[12:48:43] HEAD: ea205e36ca9c76acd4f50c2321adc359ebb13251
[12:48:43] macOS: 26.3.1
[12:48:43] Docker: 29.4.3
[12:48:43] make build (rebuild against current HEAD)
go build -v -o "/Users/patrykattc/work/git/kinder/bin/kinder" -trimpath -ldflags="-buildid= -w -X=sigs.k8s.io/kind/pkg/internal/kindversion.gitCommit=ea205e36ca9c76acd4f50c2321adc359ebb13251 -X=sigs.k8s.io/kind/pkg/internal/kindversion.gitCommitCount=139"
sigs.k8s.io/kind/pkg/internal/lifecycle
sigs.k8s.io/kind/pkg/cmd/kind/pause
sigs.k8s.io/kind/pkg/cmd/kind/resume
sigs.k8s.io/kind/pkg/cmd/kind/doctor/decode
sigs.k8s.io/kind/pkg/cmd/kind/dev
sigs.k8s.io/kind/pkg/cmd/kind/status
sigs.k8s.io/kind/pkg/cmd/kind/get/clusters
sigs.k8s.io/kind/pkg/cmd/kind/get/nodes
sigs.k8s.io/kind/pkg/internal/snapshot
sigs.k8s.io/kind/pkg/cmd/kind/doctor
sigs.k8s.io/kind/pkg/cmd/kind/get
sigs.k8s.io/kind/pkg/cmd/kind/snapshot
sigs.k8s.io/kind/pkg/cmd/kind
sigs.k8s.io/kind
[12:48:44]   ok binary marker present: kubeadm certs renew %s failed on %s
[12:48:44]   ok binary marker present: apiserver-etcd-client
[12:48:44]   ok binary marker present: --strategy=
[12:48:44]   ok binary marker present: Cluster state is undefined
[12:48:44]   ok binary marker present: etcd ready-gate timed out
[12:48:44]   ok binary marker present: apiserver healthz timed out
kind v1.5.0 go1.25.7 darwin/arm64
[12:48:45] === fixture: uat-573-ipv4 (loopback=127.0.0.1, expected_nodes=5) ===
[12:48:45] uat-573-ipv4: kinder create cluster
[12:50:51] uat-573-ipv4: capture pre-resume cert serials
[12:50:51] uat-573-ipv4: kinder pause
[12:52:59] uat-573-ipv4: kinder resume --strategy=cert-regen --wait 15m
[12:54:49] FAIL: uat-573-ipv4: kinder resume --strategy=cert-regen exited 1 (see /Users/patrykattc/work/git/kinder/.planning/phases/57.3-ha-cluster-cert-regen-recovery/uat-logs/uat-573-ipv4-resume.log)
[12:54:49] cleanup: SKIPPED — clusters preserved for forensics
[12:54:49]   inspect with: docker ps --filter label=io.x-k8s.kind.cluster
[12:54:49]   manual delete: /Users/patrykattc/work/git/kinder/bin/kinder delete cluster --name <name>
[13:01:17] uat-57.3-cert-regen.sh starting; KINDER_BIN=/Users/patrykattc/work/git/kinder/bin/kinder
[13:01:17] === Phase 57.3 cert-regen live UAT ===
[13:01:17] HEAD: efb7d092d922e1edb9e8e20a462cb133f11e460c
[13:01:17] macOS: 26.3.1
[13:01:17] Docker: 29.4.3
[13:01:17] make build (rebuild against current HEAD)
go build -v -o "/Users/patrykattc/work/git/kinder/bin/kinder" -trimpath -ldflags="-buildid= -w -X=sigs.k8s.io/kind/pkg/internal/kindversion.gitCommit=efb7d092d922e1edb9e8e20a462cb133f11e460c -X=sigs.k8s.io/kind/pkg/internal/kindversion.gitCommitCount=140"
sigs.k8s.io/kind/pkg/internal/lifecycle
sigs.k8s.io/kind/pkg/cmd/kind/dev
sigs.k8s.io/kind/pkg/cmd/kind/status
sigs.k8s.io/kind/pkg/cmd/kind/pause
sigs.k8s.io/kind/pkg/cmd/kind/get/clusters
sigs.k8s.io/kind/pkg/cmd/kind/doctor/decode
sigs.k8s.io/kind/pkg/cmd/kind/get/nodes
sigs.k8s.io/kind/pkg/cmd/kind/resume
sigs.k8s.io/kind/pkg/internal/snapshot
sigs.k8s.io/kind/pkg/cmd/kind/doctor
sigs.k8s.io/kind/pkg/cmd/kind/get
sigs.k8s.io/kind/pkg/cmd/kind/snapshot
sigs.k8s.io/kind/pkg/cmd/kind
sigs.k8s.io/kind
[13:01:19]   ok binary marker present: kubeadm certs renew %s failed on %s
[13:01:19]   ok binary marker present: apiserver-etcd-client
[13:01:19]   ok binary marker present: --strategy=
[13:01:19]   ok binary marker present: Cluster state is undefined
[13:01:19]   ok binary marker present: etcd ready-gate timed out
[13:01:19]   ok binary marker present: apiserver healthz timed out
kind v1.5.0 go1.25.7 darwin/arm64
[13:01:19] === fixture: uat-573-ipv4 (loopback=127.0.0.1, expected_nodes=5) ===
[13:01:19] uat-573-ipv4: kinder create cluster
[13:03:27] uat-573-ipv4: capture pre-resume cert serials
[13:03:27] uat-573-ipv4: kinder pause
[13:05:35] uat-573-ipv4: kinder resume --strategy=cert-regen --wait 15m
[13:10:34] FAIL: uat-573-ipv4: kinder resume --strategy=cert-regen exited 1 (see /Users/patrykattc/work/git/kinder/.planning/phases/57.3-ha-cluster-cert-regen-recovery/uat-logs/uat-573-ipv4-resume.log)
[13:10:34] cleanup: SKIPPED — clusters preserved for forensics
[13:10:34]   inspect with: docker ps --filter label=io.x-k8s.kind.cluster
[13:10:34]   manual delete: /Users/patrykattc/work/git/kinder/bin/kinder delete cluster --name <name>
[13:13:08] uat-57.3-cert-regen.sh starting; KINDER_BIN=/Users/patrykattc/work/git/kinder/bin/kinder
[13:13:08] === Phase 57.3 cert-regen live UAT ===
[13:13:08] HEAD: fd117511f644d95bf1d9520fecdf99a7aaa4d314
[13:13:08] macOS: 26.3.1
[13:13:08] Docker: 29.4.3
[13:13:08] make build (rebuild against current HEAD)
go build -v -o "/Users/patrykattc/work/git/kinder/bin/kinder" -trimpath -ldflags="-buildid= -w -X=sigs.k8s.io/kind/pkg/internal/kindversion.gitCommit=fd117511f644d95bf1d9520fecdf99a7aaa4d314 -X=sigs.k8s.io/kind/pkg/internal/kindversion.gitCommitCount=141"
sigs.k8s.io/kind/pkg/internal/lifecycle
sigs.k8s.io/kind/pkg/cmd/kind/dev
sigs.k8s.io/kind/pkg/cmd/kind/pause
sigs.k8s.io/kind/pkg/cmd/kind/get/clusters
sigs.k8s.io/kind/pkg/cmd/kind/resume
sigs.k8s.io/kind/pkg/cmd/kind/get/nodes
sigs.k8s.io/kind/pkg/cmd/kind/doctor/decode
sigs.k8s.io/kind/pkg/cmd/kind/status
sigs.k8s.io/kind/pkg/internal/snapshot
sigs.k8s.io/kind/pkg/cmd/kind/doctor
sigs.k8s.io/kind/pkg/cmd/kind/get
sigs.k8s.io/kind/pkg/cmd/kind/snapshot
sigs.k8s.io/kind/pkg/cmd/kind
sigs.k8s.io/kind
[13:13:09]   ok binary marker present: kubeadm certs renew %s failed on %s
[13:13:09]   ok binary marker present: apiserver-etcd-client
[13:13:09]   ok binary marker present: --strategy=
[13:13:09]   ok binary marker present: Cluster state is undefined
[13:13:09]   ok binary marker present: etcd ready-gate timed out
[13:13:09]   ok binary marker present: apiserver healthz timed out
kind v1.5.0 go1.25.7 darwin/arm64
[13:13:10] === fixture: uat-573-ipv4 (loopback=127.0.0.1, expected_nodes=5) ===
[13:13:10] uat-573-ipv4: kinder create cluster
[13:15:37] uat-573-ipv4: capture pre-resume cert serials
[13:15:37] uat-573-ipv4: kinder pause
[13:17:45] uat-573-ipv4: kinder resume --strategy=cert-regen --wait 15m
[13:22:42] FAIL: uat-573-ipv4: kinder resume --strategy=cert-regen exited 1 (see /Users/patrykattc/work/git/kinder/.planning/phases/57.3-ha-cluster-cert-regen-recovery/uat-logs/uat-573-ipv4-resume.log)
[13:22:42] cleanup: SKIPPED — clusters preserved for forensics
[13:22:42]   inspect with: docker ps --filter label=io.x-k8s.kind.cluster
[13:22:42]   manual delete: /Users/patrykattc/work/git/kinder/bin/kinder delete cluster --name <name>
[13:31:12] uat-57.3-cert-regen.sh starting; KINDER_BIN=/Users/patrykattc/work/git/kinder/bin/kinder
[13:31:12] === Phase 57.3 cert-regen live UAT ===
[13:31:12] HEAD: fd117511f644d95bf1d9520fecdf99a7aaa4d314
[13:31:12] macOS: 26.3.1
[13:31:12] Docker: 29.4.3
[13:31:12] make build (rebuild against current HEAD)
go build -v -o "/Users/patrykattc/work/git/kinder/bin/kinder" -trimpath -ldflags="-buildid= -w -X=sigs.k8s.io/kind/pkg/internal/kindversion.gitCommit=fd117511f644d95bf1d9520fecdf99a7aaa4d314 -X=sigs.k8s.io/kind/pkg/internal/kindversion.gitCommitCount=141"
[13:31:13]   ok binary marker present: kubeadm certs renew %s failed on %s
[13:31:13]   ok binary marker present: apiserver-etcd-client
[13:31:13]   ok binary marker present: --strategy=
[13:31:13]   ok binary marker present: Cluster state is undefined
[13:31:13]   ok binary marker present: etcd ready-gate timed out
[13:31:13]   ok binary marker present: apiserver healthz timed out
kind v1.5.0 go1.25.7 darwin/arm64
[13:31:13] === fixture: uat-573-ipv4 (loopback=127.0.0.1, expected_nodes=5) ===
[13:31:13] uat-573-ipv4: kinder create cluster
[13:33:22] uat-573-ipv4: capture pre-resume cert serials
[13:33:22] uat-573-ipv4: kinder pause
[13:35:30] uat-573-ipv4: kinder resume --strategy=cert-regen --wait 15m
[13:40:44] FAIL: uat-573-ipv4: kinder resume --strategy=cert-regen exited 1 (see /Users/patrykattc/work/git/kinder/.planning/phases/57.3-ha-cluster-cert-regen-recovery/uat-logs/uat-573-ipv4-resume.log)
[13:40:44] cleanup: SKIPPED — clusters preserved for forensics
[13:40:44]   inspect with: docker ps --filter label=io.x-k8s.kind.cluster
[13:40:44]   manual delete: /Users/patrykattc/work/git/kinder/bin/kinder delete cluster --name <name>
[13:42:25] uat-57.3-cert-regen.sh starting; KINDER_BIN=/Users/patrykattc/work/git/kinder/bin/kinder
[13:42:25] === Phase 57.3 cert-regen live UAT ===
[13:42:25] HEAD: fd117511f644d95bf1d9520fecdf99a7aaa4d314
[13:42:25] macOS: 26.3.1
[13:42:25] Docker: 29.4.3
[13:42:25] make build (rebuild against current HEAD)
go build -v -o "/Users/patrykattc/work/git/kinder/bin/kinder" -trimpath -ldflags="-buildid= -w -X=sigs.k8s.io/kind/pkg/internal/kindversion.gitCommit=fd117511f644d95bf1d9520fecdf99a7aaa4d314 -X=sigs.k8s.io/kind/pkg/internal/kindversion.gitCommitCount=141"
[13:42:26]   ok binary marker present: kubeadm certs renew %s failed on %s
[13:42:26]   ok binary marker present: apiserver-etcd-client
[13:42:26]   ok binary marker present: --strategy=
[13:42:26]   ok binary marker present: Cluster state is undefined
[13:42:26]   ok binary marker present: etcd ready-gate timed out
[13:42:26]   ok binary marker present: apiserver healthz timed out
kind v1.5.0 go1.25.7 darwin/arm64
[13:42:27] === fixture: uat-573-ipv4 (loopback=127.0.0.1, expected_nodes=5) ===
[13:42:27] uat-573-ipv4: kinder create cluster
[13:44:21] uat-573-ipv4: capture pre-resume cert serials
[13:44:21] uat-573-ipv4: kinder pause
[13:46:29] uat-573-ipv4: kinder resume --strategy=cert-regen --wait 15m
[13:48:50] FAIL: uat-573-ipv4: kinder resume --strategy=cert-regen exited 1 (see /Users/patrykattc/work/git/kinder/.planning/phases/57.3-ha-cluster-cert-regen-recovery/uat-logs/uat-573-ipv4-resume.log)
[13:48:50] cleanup: SKIPPED — clusters preserved for forensics
[13:48:50]   inspect with: docker ps --filter label=io.x-k8s.kind.cluster
[13:48:50]   manual delete: /Users/patrykattc/work/git/kinder/bin/kinder delete cluster --name <name>
[13:50:32] uat-57.3-cert-regen.sh starting; KINDER_BIN=/Users/patrykattc/work/git/kinder/bin/kinder
[13:50:32] === Phase 57.3 cert-regen live UAT ===
[13:50:32] HEAD: fd117511f644d95bf1d9520fecdf99a7aaa4d314
[13:50:32] macOS: 26.3.1
[13:50:32] Docker: 29.4.3
[13:50:32] make build (rebuild against current HEAD)
go build -v -o "/Users/patrykattc/work/git/kinder/bin/kinder" -trimpath -ldflags="-buildid= -w -X=sigs.k8s.io/kind/pkg/internal/kindversion.gitCommit=fd117511f644d95bf1d9520fecdf99a7aaa4d314 -X=sigs.k8s.io/kind/pkg/internal/kindversion.gitCommitCount=141"
[13:50:33]   ok binary marker present: kubeadm certs renew %s failed on %s
[13:50:33]   ok binary marker present: apiserver-etcd-client
[13:50:33]   ok binary marker present: --strategy=
[13:50:33]   ok binary marker present: Cluster state is undefined
[13:50:34]   ok binary marker present: etcd ready-gate timed out
[13:50:34]   ok binary marker present: apiserver healthz timed out
kind v1.5.0 go1.25.7 darwin/arm64
[13:50:34] === fixture: uat-573-ipv4 (loopback=127.0.0.1, expected_nodes=5) ===
[13:50:34] uat-573-ipv4: kinder create cluster
[13:52:48] uat-573-ipv4: capture pre-resume cert serials
[13:52:48] uat-573-ipv4: kinder pause
[13:54:56] uat-573-ipv4: kinder resume --strategy=cert-regen --wait 15m
[13:56:50] FAIL: uat-573-ipv4: kinder resume --strategy=cert-regen exited 1 (see /Users/patrykattc/work/git/kinder/.planning/phases/57.3-ha-cluster-cert-regen-recovery/uat-logs/uat-573-ipv4-resume.log)
[13:56:50] cleanup: SKIPPED — clusters preserved for forensics
[13:56:50]   inspect with: docker ps --filter label=io.x-k8s.kind.cluster
[13:56:50]   manual delete: /Users/patrykattc/work/git/kinder/bin/kinder delete cluster --name <name>
[14:10:16] uat-57.3-cert-regen.sh starting; KINDER_BIN=/Users/patrykattc/work/git/kinder/bin/kinder
[14:10:16] === Phase 57.3 cert-regen live UAT ===
[14:10:16] HEAD: fd117511f644d95bf1d9520fecdf99a7aaa4d314
[14:10:16] macOS: 26.3.1
[14:10:16] Docker: 29.4.3
[14:10:16] make build (rebuild against current HEAD)
go build -v -o "/Users/patrykattc/work/git/kinder/bin/kinder" -trimpath -ldflags="-buildid= -w -X=sigs.k8s.io/kind/pkg/internal/kindversion.gitCommit=fd117511f644d95bf1d9520fecdf99a7aaa4d314 -X=sigs.k8s.io/kind/pkg/internal/kindversion.gitCommitCount=141"
[14:10:17]   ok binary marker present: kubeadm certs renew %s failed on %s
[14:10:17]   ok binary marker present: apiserver-etcd-client
[14:10:17]   ok binary marker present: --strategy=
[14:10:17]   ok binary marker present: Cluster state is undefined
[14:10:17]   ok binary marker present: etcd ready-gate timed out
[14:10:17]   ok binary marker present: apiserver healthz timed out
kind v1.5.0 go1.25.7 darwin/arm64
[14:10:18] === fixture: uat-573-ipv4 (loopback=127.0.0.1, expected_nodes=5) ===
[14:10:18] uat-573-ipv4: kinder create cluster
[14:12:33] uat-573-ipv4: capture pre-resume cert serials
[14:12:33] uat-573-ipv4: kinder pause
[14:14:40] uat-573-ipv4: kinder resume --strategy=cert-regen --wait 15m
[14:18:24] FAIL: uat-573-ipv4: kinder resume --strategy=cert-regen exited 1 (see /Users/patrykattc/work/git/kinder/.planning/phases/57.3-ha-cluster-cert-regen-recovery/uat-logs/uat-573-ipv4-resume.log)
[14:18:24] cleanup: SKIPPED — clusters preserved for forensics
[14:18:24]   inspect with: docker ps --filter label=io.x-k8s.kind.cluster
[14:18:24]   manual delete: /Users/patrykattc/work/git/kinder/bin/kinder delete cluster --name <name>
[14:22:06] uat-57.3-cert-regen.sh starting; KINDER_BIN=/Users/patrykattc/work/git/kinder/bin/kinder
[14:22:06] === Phase 57.3 cert-regen live UAT ===
[14:22:06] HEAD: fd117511f644d95bf1d9520fecdf99a7aaa4d314
[14:22:06] macOS: 26.3.1
[14:22:06] Docker: 29.4.3
[14:22:06] make build (rebuild against current HEAD)
go build -v -o "/Users/patrykattc/work/git/kinder/bin/kinder" -trimpath -ldflags="-buildid= -w -X=sigs.k8s.io/kind/pkg/internal/kindversion.gitCommit=fd117511f644d95bf1d9520fecdf99a7aaa4d314 -X=sigs.k8s.io/kind/pkg/internal/kindversion.gitCommitCount=141"
[14:22:07]   ok binary marker present: kubeadm certs renew %s failed on %s
[14:22:07]   ok binary marker present: apiserver-etcd-client
[14:22:07]   ok binary marker present: --strategy=
[14:22:07]   ok binary marker present: Cluster state is undefined
[14:22:07]   ok binary marker present: etcd ready-gate timed out
[14:22:07]   ok binary marker present: apiserver healthz timed out
kind v1.5.0 go1.25.7 darwin/arm64
[14:22:07] === fixture: uat-573-ipv4 (loopback=127.0.0.1, expected_nodes=5) ===
[14:22:07] uat-573-ipv4: kinder create cluster
[14:24:24] uat-573-ipv4: capture pre-resume cert serials
[14:24:24] uat-573-ipv4: kinder pause
[14:26:32] uat-573-ipv4: kinder resume --strategy=cert-regen --wait 15m
[14:31:58] uat-573-ipv4: capture post-resume cert serials
[14:31:58] uat-573-ipv4: ok cert serials advanced (pre/post diff)
[14:31:58] uat-573-ipv4: apiserver healthz from inside cp1 at https://127.0.0.1:6443/healthz
[14:31:59] uat-573-ipv4: ok apiserver healthz returned 200 (SC1/SC3 satisfied)
[14:31:59] uat-573-ipv4: capture kubeconfig + assert all 5 nodes Ready (15m deadline)
[14:31:59] uat-573-ipv4: ok all 5 nodes Ready (SC2 satisfied)
[14:31:59] === fixture uat-573-ipv4: PASS ===
[14:31:59] === fixture: uat-573-ipv6 (loopback=[::1], expected_nodes=5) ===
[14:31:59] uat-573-ipv6: kinder create cluster
[14:34:14] uat-573-ipv6: capture pre-resume cert serials
[14:34:14] uat-573-ipv6: kinder pause
[14:36:28] uat-573-ipv6: kinder resume --strategy=cert-regen --wait 15m
[14:42:06] uat-573-ipv6: capture post-resume cert serials
[14:42:06] uat-573-ipv6: ok cert serials advanced (pre/post diff)
[14:42:06] uat-573-ipv6: apiserver healthz from inside cp1 at https://[::1]:6443/healthz
[14:42:06] uat-573-ipv6: ok apiserver healthz returned 200 (SC1/SC3 satisfied)
[14:42:06] uat-573-ipv6: capture kubeconfig + assert all 5 nodes Ready (15m deadline)
[14:42:07] uat-573-ipv6: ok all 5 nodes Ready (SC2 satisfied)
[14:42:07] === fixture uat-573-ipv6: PASS ===
[14:42:07] === fixture: uat-573-dual (loopback=127.0.0.1, expected_nodes=5) ===
[14:42:07] uat-573-dual: kinder create cluster
[14:44:12] uat-573-dual: capture pre-resume cert serials
[14:44:12] uat-573-dual: kinder pause
[14:46:19] uat-573-dual: kinder resume --strategy=cert-regen --wait 15m
[14:51:12] FAIL: uat-573-dual: kinder resume --strategy=cert-regen exited 1 (see /Users/patrykattc/work/git/kinder/.planning/phases/57.3-ha-cluster-cert-regen-recovery/uat-logs/uat-573-dual-resume.log)
[14:51:12] cleanup: SKIPPED — clusters preserved for forensics
[14:51:12]   inspect with: docker ps --filter label=io.x-k8s.kind.cluster
[14:51:12]   manual delete: /Users/patrykattc/work/git/kinder/bin/kinder delete cluster --name <name>
[14:52:07] uat-57.3-cert-regen.sh starting; KINDER_BIN=/Users/patrykattc/work/git/kinder/bin/kinder
[14:52:07] === Phase 57.3 cert-regen live UAT ===
[14:52:07] HEAD: fd117511f644d95bf1d9520fecdf99a7aaa4d314
[14:52:07] macOS: 26.3.1
[14:52:07] Docker: 29.4.3
[14:52:07] make build (rebuild against current HEAD)
go build -v -o "/Users/patrykattc/work/git/kinder/bin/kinder" -trimpath -ldflags="-buildid= -w -X=sigs.k8s.io/kind/pkg/internal/kindversion.gitCommit=fd117511f644d95bf1d9520fecdf99a7aaa4d314 -X=sigs.k8s.io/kind/pkg/internal/kindversion.gitCommitCount=141"
[14:52:08]   ok binary marker present: kubeadm certs renew %s failed on %s
[14:52:08]   ok binary marker present: apiserver-etcd-client
[14:52:08]   ok binary marker present: --strategy=
[14:52:08]   ok binary marker present: Cluster state is undefined
[14:52:08]   ok binary marker present: etcd ready-gate timed out
[14:52:08]   ok binary marker present: apiserver healthz timed out
kind v1.5.0 go1.25.7 darwin/arm64
[14:52:15] === fixture: uat-573-ipv4 (loopback=127.0.0.1, expected_nodes=5) ===
[14:52:15] uat-573-ipv4: kinder create cluster
[14:54:36] uat-573-ipv4: capture pre-resume cert serials
[14:54:36] uat-573-ipv4: kinder pause
[14:56:44] uat-573-ipv4: kinder resume --strategy=cert-regen --wait 15m
[15:00:44] uat-573-ipv4: capture post-resume cert serials
[15:00:44] uat-573-ipv4: ok cert serials advanced (pre/post diff)
[15:00:44] uat-573-ipv4: apiserver healthz from inside cp1 at https://127.0.0.1:6443/healthz
[15:00:44] uat-573-ipv4: ok apiserver healthz returned 200 (SC1/SC3 satisfied)
[15:00:44] uat-573-ipv4: capture kubeconfig + assert all 5 nodes Ready (15m deadline)
[15:00:45] uat-573-ipv4: ok all 5 nodes Ready (SC2 satisfied)
[15:00:45] === fixture uat-573-ipv4: PASS ===
[15:00:45] === fixture: uat-573-ipv6 (loopback=[::1], expected_nodes=5) ===
[15:00:45] uat-573-ipv6: kinder create cluster
[15:03:09] uat-573-ipv6: capture pre-resume cert serials
[15:03:10] uat-573-ipv6: kinder pause
[15:05:23] uat-573-ipv6: kinder resume --strategy=cert-regen --wait 15m
[15:08:29] FAIL: uat-573-ipv6: kinder resume --strategy=cert-regen exited 1 (see /Users/patrykattc/work/git/kinder/.planning/phases/57.3-ha-cluster-cert-regen-recovery/uat-logs/uat-573-ipv6-resume.log)
[15:08:29] cleanup: SKIPPED — clusters preserved for forensics
[15:08:29]   inspect with: docker ps --filter label=io.x-k8s.kind.cluster
[15:08:29]   manual delete: /Users/patrykattc/work/git/kinder/bin/kinder delete cluster --name <name>
[15:09:45] uat-57.3-cert-regen.sh starting; KINDER_BIN=/Users/patrykattc/work/git/kinder/bin/kinder
[15:09:45] === Phase 57.3 cert-regen live UAT ===
[15:09:45] HEAD: fd117511f644d95bf1d9520fecdf99a7aaa4d314
[15:09:45] macOS: 26.3.1
[15:09:45] Docker: 29.4.3
[15:09:45] make build (rebuild against current HEAD)
go build -v -o "/Users/patrykattc/work/git/kinder/bin/kinder" -trimpath -ldflags="-buildid= -w -X=sigs.k8s.io/kind/pkg/internal/kindversion.gitCommit=fd117511f644d95bf1d9520fecdf99a7aaa4d314 -X=sigs.k8s.io/kind/pkg/internal/kindversion.gitCommitCount=141"
[15:09:46]   ok binary marker present: kubeadm certs renew %s failed on %s
[15:09:46]   ok binary marker present: apiserver-etcd-client
[15:09:46]   ok binary marker present: --strategy=
[15:09:46]   ok binary marker present: Cluster state is undefined
[15:09:46]   ok binary marker present: etcd ready-gate timed out
[15:09:46]   ok binary marker present: apiserver healthz timed out
kind v1.5.0 go1.25.7 darwin/arm64
[15:09:46] === fixture: uat-573-ipv4 (loopback=127.0.0.1, expected_nodes=5) ===
[15:09:46] uat-573-ipv4: kinder create cluster
[15:11:52] uat-573-ipv4: capture pre-resume cert serials
[15:11:52] uat-573-ipv4: kinder pause
[15:14:00] uat-573-ipv4: kinder resume --strategy=cert-regen --wait 15m
[15:18:24] uat-573-ipv4: capture post-resume cert serials
[15:18:24] uat-573-ipv4: ok cert serials advanced (pre/post diff)
[15:18:24] uat-573-ipv4: apiserver healthz from inside cp1 at https://127.0.0.1:6443/healthz
[15:18:24] uat-573-ipv4: ok apiserver healthz returned 200 (SC1/SC3 satisfied)
[15:18:24] uat-573-ipv4: capture kubeconfig + assert all 5 nodes Ready (15m deadline)
[15:18:25] uat-573-ipv4: ok all 5 nodes Ready (SC2 satisfied)
[15:18:25] === fixture uat-573-ipv4: PASS ===
[15:18:25] === fixture: uat-573-ipv6 (loopback=[::1], expected_nodes=5) ===
[15:18:25] uat-573-ipv6: kinder create cluster
[15:20:39] uat-573-ipv6: capture pre-resume cert serials
[15:20:39] uat-573-ipv6: kinder pause
[15:22:53] uat-573-ipv6: kinder resume --strategy=cert-regen --wait 15m
[15:31:21] uat-573-ipv6: capture post-resume cert serials
[15:31:21] uat-573-ipv6: ok cert serials advanced (pre/post diff)
[15:31:21] uat-573-ipv6: apiserver healthz from inside cp1 at https://[::1]:6443/healthz
[15:31:21] uat-573-ipv6: ok apiserver healthz returned 200 (SC1/SC3 satisfied)
[15:31:21] uat-573-ipv6: capture kubeconfig + assert all 5 nodes Ready (15m deadline)
[15:31:22] uat-573-ipv6: ok all 5 nodes Ready (SC2 satisfied)
[15:31:22] === fixture uat-573-ipv6: PASS ===
[15:31:22] === fixture: uat-573-dual (loopback=127.0.0.1, expected_nodes=5) ===
[15:31:22] uat-573-dual: kinder create cluster
[15:33:47] uat-573-dual: capture pre-resume cert serials
[15:33:47] uat-573-dual: kinder pause
[15:35:55] uat-573-dual: kinder resume --strategy=cert-regen --wait 15m
[15:45:25] cleanup: SKIPPED — clusters preserved for forensics
[15:45:25]   inspect with: docker ps --filter label=io.x-k8s.kind.cluster
[15:45:25]   manual delete: /Users/patrykattc/work/git/kinder/bin/kinder delete cluster --name <name>
[15:45:38] uat-57.3-cert-regen.sh starting; KINDER_BIN=/Users/patrykattc/work/git/kinder/bin/kinder
[15:45:38] === Phase 57.3 cert-regen live UAT ===
[15:45:38] HEAD: fd117511f644d95bf1d9520fecdf99a7aaa4d314
[15:45:38] macOS: 26.3.1
[15:45:38] Docker: 29.4.3
[15:45:38] make build (rebuild against current HEAD)
go build -v -o "/Users/patrykattc/work/git/kinder/bin/kinder" -trimpath -ldflags="-buildid= -w -X=sigs.k8s.io/kind/pkg/internal/kindversion.gitCommit=fd117511f644d95bf1d9520fecdf99a7aaa4d314 -X=sigs.k8s.io/kind/pkg/internal/kindversion.gitCommitCount=141"
[15:45:39]   ok binary marker present: kubeadm certs renew %s failed on %s
[15:45:39]   ok binary marker present: apiserver-etcd-client
[15:45:39]   ok binary marker present: --strategy=
[15:45:39]   ok binary marker present: Cluster state is undefined
[15:45:39]   ok binary marker present: etcd ready-gate timed out
[15:45:39]   ok binary marker present: apiserver healthz timed out
kind v1.5.0 go1.25.7 darwin/arm64
[15:45:40] === fixture: uat-573-ipv4 (loopback=127.0.0.1, expected_nodes=5) ===
[15:45:40] uat-573-ipv4: kinder create cluster
[15:47:51] uat-573-ipv4: capture pre-resume cert serials
[15:47:51] uat-573-ipv4: kinder pause
[15:49:59] uat-573-ipv4: kinder resume --strategy=cert-regen --wait 15m
[15:53:13] uat-573-ipv4: capture post-resume cert serials
[15:53:13] uat-573-ipv4: ok cert serials advanced (pre/post diff)
[15:53:13] uat-573-ipv4: apiserver healthz from inside cp1 at https://127.0.0.1:6443/healthz
[15:53:13] uat-573-ipv4: ok apiserver healthz returned 200 (SC1/SC3 satisfied)
[15:53:13] uat-573-ipv4: capture kubeconfig + assert all 5 nodes Ready (15m deadline)
[15:53:13] uat-573-ipv4: ok all 5 nodes Ready (SC2 satisfied)
[15:53:13] === fixture uat-573-ipv4: PASS ===
[15:53:13] === fixture: uat-573-ipv6 (loopback=[::1], expected_nodes=5) ===
[15:53:13] uat-573-ipv6: kinder create cluster
[15:55:36] uat-573-ipv6: capture pre-resume cert serials
[15:55:36] uat-573-ipv6: kinder pause
[15:57:49] uat-573-ipv6: kinder resume --strategy=cert-regen --wait 15m
[16:06:08] uat-573-ipv6: capture post-resume cert serials
[16:06:08] uat-573-ipv6: ok cert serials advanced (pre/post diff)
[16:06:08] uat-573-ipv6: apiserver healthz from inside cp1 at https://[::1]:6443/healthz
[16:06:08] uat-573-ipv6: ok apiserver healthz returned 200 (SC1/SC3 satisfied)
[16:06:08] uat-573-ipv6: capture kubeconfig + assert all 5 nodes Ready (15m deadline)
[16:06:08] uat-573-ipv6: ok all 5 nodes Ready (SC2 satisfied)
[16:06:08] === fixture uat-573-ipv6: PASS ===
[16:06:08] === fixture: uat-573-dual (loopback=127.0.0.1, expected_nodes=5) ===
[16:06:08] uat-573-dual: kinder create cluster
[16:08:40] uat-573-dual: capture pre-resume cert serials
[16:08:40] uat-573-dual: kinder pause
[16:10:48] uat-573-dual: kinder resume --strategy=cert-regen --wait 15m
[16:12:39] cleanup: SKIPPED — clusters preserved for forensics
[16:12:39]   inspect with: docker ps --filter label=io.x-k8s.kind.cluster
[16:12:39]   manual delete: /Users/patrykattc/work/git/kinder/bin/kinder delete cluster --name <name>
[16:12:52] uat-57.3-cert-regen.sh starting; KINDER_BIN=/Users/patrykattc/work/git/kinder/bin/kinder
[16:12:52] === Phase 57.3 cert-regen live UAT ===
[16:12:52] HEAD: fd117511f644d95bf1d9520fecdf99a7aaa4d314
[16:12:52] macOS: 26.3.1
[16:12:52] Docker: 29.4.3
[16:12:52] make build (rebuild against current HEAD)
go build -v -o "/Users/patrykattc/work/git/kinder/bin/kinder" -trimpath -ldflags="-buildid= -w -X=sigs.k8s.io/kind/pkg/internal/kindversion.gitCommit=fd117511f644d95bf1d9520fecdf99a7aaa4d314 -X=sigs.k8s.io/kind/pkg/internal/kindversion.gitCommitCount=141"
[16:12:53]   ok binary marker present: kubeadm certs renew %s failed on %s
[16:12:53]   ok binary marker present: apiserver-etcd-client
[16:12:53]   ok binary marker present: --strategy=
[16:12:53]   ok binary marker present: Cluster state is undefined
[16:12:53]   ok binary marker present: etcd ready-gate timed out
[16:12:53]   ok binary marker present: apiserver healthz timed out
kind v1.5.0 go1.25.7 darwin/arm64
[16:12:54] === fixture: uat-573-ipv4 (loopback=127.0.0.1, expected_nodes=5) ===
[16:12:54] uat-573-ipv4: kinder create cluster
[16:15:15] uat-573-ipv4: capture pre-resume cert serials
[16:15:15] uat-573-ipv4: kinder pause
[16:17:22] uat-573-ipv4: kinder resume --strategy=cert-regen --wait 15m
[16:25:52] uat-573-ipv4: capture post-resume cert serials
[16:25:52] uat-573-ipv4: ok cert serials advanced (pre/post diff)
[16:25:52] uat-573-ipv4: apiserver healthz from inside cp1 at https://127.0.0.1:6443/healthz
[16:25:52] uat-573-ipv4: ok apiserver healthz returned 200 (SC1/SC3 satisfied)
[16:25:52] uat-573-ipv4: capture kubeconfig + assert all 5 nodes Ready (15m deadline)
[16:25:52] uat-573-ipv4: ok all 5 nodes Ready (SC2 satisfied)
[16:25:52] === fixture uat-573-ipv4: PASS ===
[16:25:52] === fixture: uat-573-ipv6 (loopback=[::1], expected_nodes=5) ===
[16:25:52] uat-573-ipv6: kinder create cluster
[16:28:22] uat-573-ipv6: capture pre-resume cert serials
[16:28:22] uat-573-ipv6: kinder pause
[16:30:35] uat-573-ipv6: kinder resume --strategy=cert-regen --wait 15m
[16:39:04] uat-573-ipv6: capture post-resume cert serials
[16:39:04] uat-573-ipv6: ok cert serials advanced (pre/post diff)
[16:39:04] uat-573-ipv6: apiserver healthz from inside cp1 at https://[::1]:6443/healthz
[16:39:04] uat-573-ipv6: ok apiserver healthz returned 200 (SC1/SC3 satisfied)
[16:39:04] uat-573-ipv6: capture kubeconfig + assert all 5 nodes Ready (15m deadline)
[16:39:04] uat-573-ipv6: ok all 5 nodes Ready (SC2 satisfied)
[16:39:04] === fixture uat-573-ipv6: PASS ===
[16:39:04] === fixture: uat-573-dual (loopback=127.0.0.1, expected_nodes=5) ===
[16:39:04] uat-573-dual: kinder create cluster
[16:41:28] uat-573-dual: capture pre-resume cert serials
[16:41:28] uat-573-dual: kinder pause
[16:43:36] uat-573-dual: kinder resume --strategy=cert-regen --wait 15m
[16:52:13] FAIL: uat-573-dual: kinder resume --strategy=cert-regen exited 1 (see /Users/patrykattc/work/git/kinder/.planning/phases/57.3-ha-cluster-cert-regen-recovery/uat-logs/uat-573-dual-resume.log)
[16:52:13] cleanup: SKIPPED — clusters preserved for forensics
[16:52:13]   inspect with: docker ps --filter label=io.x-k8s.kind.cluster
[16:52:13]   manual delete: /Users/patrykattc/work/git/kinder/bin/kinder delete cluster --name <name>
[16:56:14] uat-57.3-cert-regen.sh starting; KINDER_BIN=/Users/patrykattc/work/git/kinder/bin/kinder
[16:56:14] === Phase 57.3 cert-regen live UAT ===
[16:56:14] HEAD: fd117511f644d95bf1d9520fecdf99a7aaa4d314
[16:56:14] macOS: 26.3.1
[16:56:14] Docker: 29.4.3
[16:56:14] make build (rebuild against current HEAD)
go build -v -o "/Users/patrykattc/work/git/kinder/bin/kinder" -trimpath -ldflags="-buildid= -w -X=sigs.k8s.io/kind/pkg/internal/kindversion.gitCommit=fd117511f644d95bf1d9520fecdf99a7aaa4d314 -X=sigs.k8s.io/kind/pkg/internal/kindversion.gitCommitCount=141"
[16:56:15]   ok binary marker present: kubeadm certs renew %s failed on %s
[16:56:15]   ok binary marker present: apiserver-etcd-client
[16:56:15]   ok binary marker present: --strategy=
[16:56:15]   ok binary marker present: Cluster state is undefined
[16:56:15]   ok binary marker present: etcd ready-gate timed out
[16:56:15]   ok binary marker present: apiserver healthz timed out
kind v1.5.0 go1.25.7 darwin/arm64
[16:56:16] === fixture: uat-573-ipv4 (loopback=127.0.0.1, expected_nodes=5) ===
[16:56:16] uat-573-ipv4: kinder create cluster
[16:58:36] uat-573-ipv4: capture pre-resume cert serials
[16:58:36] uat-573-ipv4: kinder pause
[17:00:44] uat-573-ipv4: kinder resume --strategy=cert-regen --wait 15m
[17:03:58] uat-573-ipv4: capture post-resume cert serials
[17:03:58] uat-573-ipv4: ok cert serials advanced (pre/post diff)
[17:03:58] uat-573-ipv4: apiserver healthz from inside cp1 at https://127.0.0.1:6443/healthz
[17:03:58] uat-573-ipv4: ok apiserver healthz returned 200 (SC1/SC3 satisfied)
[17:03:59] uat-573-ipv4: capture kubeconfig + assert all 5 nodes Ready (15m deadline)
[17:03:59] uat-573-ipv4: ok all 5 nodes Ready (SC2 satisfied)
[17:03:59] === fixture uat-573-ipv4: PASS ===
[17:03:59] === fixture: uat-573-ipv6 (loopback=[::1], expected_nodes=5) ===
[17:03:59] uat-573-ipv6: kinder create cluster
[17:06:24] uat-573-ipv6: capture pre-resume cert serials
[17:06:24] uat-573-ipv6: kinder pause
[17:08:38] uat-573-ipv6: kinder resume --strategy=cert-regen --wait 15m
[17:16:54] uat-573-ipv6: capture post-resume cert serials
[17:16:54] uat-573-ipv6: ok cert serials advanced (pre/post diff)
[17:16:54] uat-573-ipv6: apiserver healthz from inside cp1 at https://[::1]:6443/healthz
[17:16:54] uat-573-ipv6: ok apiserver healthz returned 200 (SC1/SC3 satisfied)
[17:16:54] uat-573-ipv6: capture kubeconfig + assert all 5 nodes Ready (15m deadline)
[17:16:55] uat-573-ipv6: ok all 5 nodes Ready (SC2 satisfied)
[17:16:55] === fixture uat-573-ipv6: PASS ===
[17:16:55] === fixture: uat-573-dual (loopback=127.0.0.1, expected_nodes=5) ===
[17:16:55] uat-573-dual: kinder create cluster
[17:19:10] uat-573-dual: capture pre-resume cert serials
[17:19:10] uat-573-dual: kinder pause
[17:21:18] uat-573-dual: kinder resume --strategy=cert-regen --wait 15m
[17:21:50] FAIL: uat-573-dual: kinder resume --strategy=cert-regen exited 1 (see /Users/patrykattc/work/git/kinder/.planning/phases/57.3-ha-cluster-cert-regen-recovery/uat-logs/uat-573-dual-resume.log)
[17:21:50] cleanup: SKIPPED — clusters preserved for forensics
[17:21:50]   inspect with: docker ps --filter label=io.x-k8s.kind.cluster
[17:21:50]   manual delete: /Users/patrykattc/work/git/kinder/bin/kinder delete cluster --name <name>
[17:28:26] uat-57.3-cert-regen.sh starting; KINDER_BIN=/Users/patrykattc/work/git/kinder/bin/kinder
[17:28:26] === Phase 57.3 cert-regen live UAT ===
[17:28:26] HEAD: fd117511f644d95bf1d9520fecdf99a7aaa4d314
[17:28:26] macOS: 26.3.1
[17:28:26] Docker: 29.4.3
[17:28:26] make build (rebuild against current HEAD)
go build -v -o "/Users/patrykattc/work/git/kinder/bin/kinder" -trimpath -ldflags="-buildid= -w -X=sigs.k8s.io/kind/pkg/internal/kindversion.gitCommit=fd117511f644d95bf1d9520fecdf99a7aaa4d314 -X=sigs.k8s.io/kind/pkg/internal/kindversion.gitCommitCount=141"
[17:28:27]   ok binary marker present: kubeadm certs renew %s failed on %s
[17:28:27]   ok binary marker present: apiserver-etcd-client
[17:28:27]   ok binary marker present: --strategy=
[17:28:27]   ok binary marker present: Cluster state is undefined
[17:28:27]   ok binary marker present: etcd ready-gate timed out
[17:28:27]   ok binary marker present: apiserver healthz timed out
kind v1.5.0 go1.25.7 darwin/arm64
[17:28:33] === fixture: uat-573-ipv4 (loopback=127.0.0.1, expected_nodes=5) ===
[17:28:33] uat-573-ipv4: kinder create cluster
[17:30:54] uat-573-ipv4: capture pre-resume cert serials
[17:30:54] uat-573-ipv4: kinder pause
[17:33:02] uat-573-ipv4: kinder resume --strategy=cert-regen --wait 15m
[17:35:48] uat-573-ipv4: capture post-resume cert serials
[17:35:48] uat-573-ipv4: ok cert serials advanced (pre/post diff)
[17:35:48] uat-573-ipv4: apiserver healthz from inside cp1 at https://127.0.0.1:6443/healthz
[17:35:48] uat-573-ipv4: ok apiserver healthz returned 200 (SC1/SC3 satisfied)
[17:35:48] uat-573-ipv4: capture kubeconfig + assert all 5 nodes Ready (15m deadline)
[17:35:49] uat-573-ipv4: ok all 5 nodes Ready (SC2 satisfied)
[17:35:49] === fixture uat-573-ipv4: PASS ===
[17:35:49] === fixture: uat-573-ipv6 (loopback=[::1], expected_nodes=5) ===
[17:35:49] uat-573-ipv6: kinder create cluster
[17:38:26] uat-573-ipv6: capture pre-resume cert serials
[17:38:26] uat-573-ipv6: kinder pause
[17:40:39] uat-573-ipv6: kinder resume --strategy=cert-regen --wait 15m
[17:49:04] uat-573-ipv6: capture post-resume cert serials
[17:49:04] uat-573-ipv6: ok cert serials advanced (pre/post diff)
[17:49:04] uat-573-ipv6: apiserver healthz from inside cp1 at https://[::1]:6443/healthz
[17:49:04] uat-573-ipv6: ok apiserver healthz returned 200 (SC1/SC3 satisfied)
[17:49:04] uat-573-ipv6: capture kubeconfig + assert all 5 nodes Ready (15m deadline)
[17:49:05] uat-573-ipv6: ok all 5 nodes Ready (SC2 satisfied)
[17:49:05] === fixture uat-573-ipv6: PASS ===
[17:49:05] === fixture: uat-573-dual (loopback=127.0.0.1, expected_nodes=5) ===
[17:49:05] uat-573-dual: kinder create cluster
[17:51:09] uat-573-dual: capture pre-resume cert serials
[17:51:09] uat-573-dual: kinder pause
[17:53:17] uat-573-dual: kinder resume --strategy=cert-regen --wait 15m
[17:59:13] FAIL: uat-573-dual: kinder resume --strategy=cert-regen exited 1 (see /Users/patrykattc/work/git/kinder/.planning/phases/57.3-ha-cluster-cert-regen-recovery/uat-logs/uat-573-dual-resume.log)
[17:59:13] cleanup: SKIPPED — clusters preserved for forensics
[17:59:13]   inspect with: docker ps --filter label=io.x-k8s.kind.cluster
[17:59:13]   manual delete: /Users/patrykattc/work/git/kinder/bin/kinder delete cluster --name <name>
[18:10:47] uat-57.3-cert-regen.sh starting; KINDER_BIN=/Users/patrykattc/work/git/kinder/bin/kinder
[18:10:47] === Phase 57.3 cert-regen live UAT ===
[18:10:47] HEAD: fd117511f644d95bf1d9520fecdf99a7aaa4d314
[18:10:47] macOS: 26.3.1
[18:10:47] Docker: 29.4.3
[18:10:47] make build (rebuild against current HEAD)
go build -v -o "/Users/patrykattc/work/git/kinder/bin/kinder" -trimpath -ldflags="-buildid= -w -X=sigs.k8s.io/kind/pkg/internal/kindversion.gitCommit=fd117511f644d95bf1d9520fecdf99a7aaa4d314 -X=sigs.k8s.io/kind/pkg/internal/kindversion.gitCommitCount=141"
[18:10:48]   ok binary marker present: kubeadm certs renew %s failed on %s
[18:10:48]   ok binary marker present: apiserver-etcd-client
[18:10:48]   ok binary marker present: --strategy=
[18:10:48]   ok binary marker present: Cluster state is undefined
[18:10:48]   ok binary marker present: etcd ready-gate timed out
[18:10:48]   ok binary marker present: apiserver healthz timed out
kind v1.5.0 go1.25.7 darwin/arm64
[18:10:53] === fixture: uat-573-ipv4 (loopback=127.0.0.1, expected_nodes=5) ===
[18:10:53] uat-573-ipv4: kinder create cluster
[18:13:11] uat-573-ipv4: capture pre-resume cert serials
[18:13:11] uat-573-ipv4: kinder pause
[18:15:19] uat-573-ipv4: kinder resume --strategy=cert-regen --wait 15m
[18:23:46] uat-573-ipv4: capture post-resume cert serials
[18:23:47] uat-573-ipv4: ok cert serials advanced (pre/post diff)
[18:23:47] uat-573-ipv4: apiserver healthz from inside cp1 at https://127.0.0.1:6443/healthz
[18:23:47] uat-573-ipv4: ok apiserver healthz returned 200 (SC1/SC3 satisfied)
[18:23:47] uat-573-ipv4: capture kubeconfig + assert all 5 nodes Ready (15m deadline)
[18:23:47] uat-573-ipv4: ok all 5 nodes Ready (SC2 satisfied)
[18:23:47] === fixture uat-573-ipv4: PASS ===
[18:23:47] === fixture: uat-573-ipv6 (loopback=[::1], expected_nodes=5) ===
[18:23:47] uat-573-ipv6: kinder create cluster
[18:26:08] uat-573-ipv6: capture pre-resume cert serials
[18:26:08] uat-573-ipv6: kinder pause
[18:28:22] uat-573-ipv6: kinder resume --strategy=cert-regen --wait 15m
[18:36:46] uat-573-ipv6: capture post-resume cert serials
[18:36:46] uat-573-ipv6: ok cert serials advanced (pre/post diff)
[18:36:46] uat-573-ipv6: apiserver healthz from inside cp1 at https://[::1]:6443/healthz
[18:36:46] uat-573-ipv6: ok apiserver healthz returned 200 (SC1/SC3 satisfied)
[18:36:46] uat-573-ipv6: capture kubeconfig + assert all 5 nodes Ready (15m deadline)
[18:36:46] uat-573-ipv6: ok all 5 nodes Ready (SC2 satisfied)
[18:36:46] === fixture uat-573-ipv6: PASS ===
[18:36:46] === fixture: uat-573-dual (loopback=127.0.0.1, expected_nodes=5) ===
[18:36:46] uat-573-dual: kinder create cluster
[18:39:05] uat-573-dual: capture pre-resume cert serials
[18:39:05] uat-573-dual: kinder pause
[18:41:13] uat-573-dual: kinder resume --strategy=cert-regen --wait 15m
[18:49:48] FAIL: uat-573-dual: kinder resume --strategy=cert-regen exited 1 (see /Users/patrykattc/work/git/kinder/.planning/phases/57.3-ha-cluster-cert-regen-recovery/uat-logs/uat-573-dual-resume.log)
[18:49:48] cleanup: SKIPPED — clusters preserved for forensics
[18:49:48]   inspect with: docker ps --filter label=io.x-k8s.kind.cluster
[18:49:48]   manual delete: /Users/patrykattc/work/git/kinder/bin/kinder delete cluster --name <name>
[18:59:18] uat-57.3-cert-regen.sh starting; KINDER_BIN=/Users/patrykattc/work/git/kinder/bin/kinder
[18:59:18] === Phase 57.3 cert-regen live UAT ===
[18:59:18] HEAD: fd117511f644d95bf1d9520fecdf99a7aaa4d314
[18:59:18] macOS: 26.3.1
[18:59:18] Docker: 29.4.3
[18:59:18] make build (rebuild against current HEAD)
go build -v -o "/Users/patrykattc/work/git/kinder/bin/kinder" -trimpath -ldflags="-buildid= -w -X=sigs.k8s.io/kind/pkg/internal/kindversion.gitCommit=fd117511f644d95bf1d9520fecdf99a7aaa4d314 -X=sigs.k8s.io/kind/pkg/internal/kindversion.gitCommitCount=141"
[18:59:19]   ok binary marker present: kubeadm certs renew %s failed on %s
[18:59:19]   ok binary marker present: apiserver-etcd-client
[18:59:19]   ok binary marker present: --strategy=
[18:59:19]   ok binary marker present: Cluster state is undefined
[18:59:19]   ok binary marker present: etcd ready-gate timed out
[18:59:19]   ok binary marker present: apiserver healthz timed out
kind v1.5.0 go1.25.7 darwin/arm64
[18:59:19] === fixture: uat-573-ipv4 (loopback=127.0.0.1, expected_nodes=5) ===
[18:59:19] uat-573-ipv4: kinder create cluster
[19:01:29] uat-573-ipv4: capture pre-resume cert serials
[19:01:29] uat-573-ipv4: kinder pause
[19:03:37] uat-573-ipv4: kinder resume --strategy=cert-regen --wait 15m
[19:07:27] uat-573-ipv4: capture post-resume cert serials
[19:07:27] uat-573-ipv4: ok cert serials advanced (pre/post diff)
[19:07:27] uat-573-ipv4: apiserver healthz from inside cp1 at https://127.0.0.1:6443/healthz
[19:07:27] uat-573-ipv4: ok apiserver healthz returned 200 (SC1/SC3 satisfied)
[19:07:27] uat-573-ipv4: capture kubeconfig + assert all 5 nodes Ready (15m deadline)
[19:07:28] uat-573-ipv4: ok all 5 nodes Ready (SC2 satisfied)
[19:07:28] === fixture uat-573-ipv4: PASS ===
[19:07:28] === fixture: uat-573-ipv6 (loopback=[::1], expected_nodes=5) ===
[19:07:28] uat-573-ipv6: kinder create cluster
[19:09:55] uat-573-ipv6: capture pre-resume cert serials
[19:09:55] uat-573-ipv6: kinder pause
[19:12:08] uat-573-ipv6: kinder resume --strategy=cert-regen --wait 15m
[19:20:31] uat-573-ipv6: capture post-resume cert serials
[19:20:31] uat-573-ipv6: ok cert serials advanced (pre/post diff)
[19:20:31] uat-573-ipv6: apiserver healthz from inside cp1 at https://[::1]:6443/healthz
[19:20:31] uat-573-ipv6: ok apiserver healthz returned 200 (SC1/SC3 satisfied)
[19:20:31] uat-573-ipv6: capture kubeconfig + assert all 5 nodes Ready (15m deadline)
[19:20:31] uat-573-ipv6: ok all 5 nodes Ready (SC2 satisfied)
[19:20:31] === fixture uat-573-ipv6: PASS ===
[19:20:31] === fixture: uat-573-dual (loopback=127.0.0.1, expected_nodes=5) ===
[19:20:31] uat-573-dual: kinder create cluster
[19:22:43] uat-573-dual: capture pre-resume cert serials
[19:22:43] uat-573-dual: kinder pause
[19:24:50] uat-573-dual: kinder resume --strategy=cert-regen --wait 15m
[19:33:16] uat-573-dual: capture post-resume cert serials
[19:33:17] uat-573-dual: ok cert serials advanced (pre/post diff)
[19:33:17] uat-573-dual: apiserver healthz from inside cp1 at https://127.0.0.1:6443/healthz
[19:33:17] uat-573-dual: ok apiserver healthz returned 200 (SC1/SC3 satisfied)
[19:33:17] uat-573-dual: capture kubeconfig + assert all 5 nodes Ready (15m deadline)
[19:33:17] uat-573-dual: ok all 5 nodes Ready (SC2 satisfied)
[19:33:17] === fixture uat-573-dual: PASS ===
[19:33:17] ALL TESTS PASSED — Phase 57.3 SC1 + SC2 + SC3 satisfied across IPv4 + IPv6 + dual-stack
[19:33:17] cleanup: deleting all 3 fixtures
