[10:24:38] uat-57.3-cert-regen.sh starting; KINDER_BIN=/Users/patrykattc/work/git/kinder/bin/kinder
[10:24:38] === Phase 57.3 cert-regen live UAT ===
[10:24:38] HEAD: 684deabebcf0092a8d53c8dd8bb49c27b970431a
[10:24:38] macOS: 26.3.1
[10:24:38] Docker: 29.4.3
[10:24:38] make build (rebuild against current HEAD)
go build -v -o "/Users/patrykattc/work/git/kinder/bin/kinder" -trimpath -ldflags="-buildid= -w -X=sigs.k8s.io/kind/pkg/internal/kindversion.gitCommit=684deabebcf0092a8d53c8dd8bb49c27b970431a -X=sigs.k8s.io/kind/pkg/internal/kindversion.gitCommitCount=130"
[10:24:39]   ok binary marker present: kubeadm certs renew %s failed on %s
[10:24:39]   ok binary marker present: apiserver-etcd-client
[10:24:39]   ok binary marker present: --strategy=
[10:24:39]   ok binary marker present: Cluster state is undefined
[10:24:39]   ok binary marker present: etcd ready-gate timed out
[10:24:39]   ok binary marker present: apiserver healthz timed out
kind v1.5.0 go1.25.7 darwin/arm64
[10:24:40] === fixture: uat-573-ipv4 (loopback=127.0.0.1, expected_nodes=5) ===
[10:24:40] uat-573-ipv4: kinder create cluster
Creating cluster "uat-573-ipv4" ...

NOTE: The following addon images will be pulled during cluster creation.
      Pre-load them and use --air-gapped to skip pulls:
        docker.io/envoyproxy/envoy:v1.36.2
        docker.io/envoyproxy/ratelimit:05c08d03
        docker.io/library/busybox:1.37.0
        docker.io/rancher/local-path-provisioner:v0.0.36
        envoyproxy/gateway:v1.7.2
        ghcr.io/headlamp-k8s/headlamp:v0.42.0
        quay.io/jetstack/cert-manager-cainjector:v1.20.2
        quay.io/jetstack/cert-manager-controller:v1.20.2
        quay.io/jetstack/cert-manager-webhook:v1.20.2
        quay.io/metallb/controller:v0.15.3
        quay.io/metallb/speaker:v0.15.3
        registry.k8s.io/metrics-server/metrics-server:v0.8.1
        registry:2

 • Ensuring node image (kindest/node:v1.35.1) 🖼  ...
HA cluster will use cert-regen resume strategy: probe runtime error: inspect returned invalid IP "invalid IP"
 ✓ Ensuring node image (kindest/node:v1.35.1) 🖼
 • Preparing nodes 📦 📦 📦 📦 📦   ...
 ✓ Preparing nodes 📦 📦 📦 📦 📦 
 • Configuring the external load balancer ⚖️  ...
 ✓ Configuring the external load balancer ⚖️
 • Writing configuration 📜  ...
 ✓ Writing configuration 📜
 • Starting control-plane 🕹️  ...
 ✓ Starting control-plane 🕹️
 • Installing CNI 🔌  ...
 ✓ Installing CNI 🔌
 • Joining more control-plane nodes 🎮  ...
 ✓ Joining more control-plane nodes 🎮
 • Joining worker nodes 🚜  ...
 ✓ Joining worker nodes 🚜

Local Registry:
  Push:        docker push localhost:5001/myimage:latest
  Pull in pods: image: localhost:5001/myimage:latest

 * Skipping NVIDIA GPU (disabled in config)

Dashboard:
  Get token: kubectl -n kube-system get secret kinder-dashboard-token -o jsonpath='{.data.token}' | base64 -d
  Port-forward: kubectl port-forward -n kube-system service/headlamp 8080:80
  Then open: http://localhost:8080

 • Installing Envoy Gateway  ...
 ✓ Installing Envoy Gateway
On darwin, MetalLB LoadBalancer IPs are not directly reachable from the host.
   Use kubectl port-forward to access LoadBalancer services:
   kubectl port-forward svc/<service-name> <local-port>:<service-port>

Addons:
 * Local Registry       installed (1.0s)
 * MetalLB              installed (29.6s)
 * Metrics Server       installed (37.4s)
 * CoreDNS Tuning       installed (1.2s)
 * Dashboard            installed (51.3s)
 * Cert Manager         installed (14.9s)
 * Local Path Provisioner installed (7.1s)
 * NVIDIA GPU           skipped (disabled)
 * Envoy Gateway        installed (26.3s)
Set kubectl context to "kind-uat-573-ipv4"
You can now use your cluster with:

kubectl cluster-info --context kind-uat-573-ipv4

Have a question, bug, or feature request? Let us know! https://kind.sigs.k8s.io/#community 🙂
[10:26:53] uat-573-ipv4: capture pre-resume cert serials
[10:26:53] uat-573-ipv4: kinder pause
 - uat-573-ipv4-worker2 stopped (role: worker, 5.3s)
 - uat-573-ipv4-worker stopped (role: worker, 0.4s)
 - uat-573-ipv4-control-plane stopped (role: control-plane, 30.3s)
 - uat-573-ipv4-control-plane2 stopped (role: control-plane, 30.4s)
 - uat-573-ipv4-control-plane3 stopped (role: control-plane, 30.3s)
 - uat-573-ipv4-external-load-balancer stopped (role: external-load-balancer, 30.2s)
Cluster paused. Total time: 127.7s
[10:29:01] uat-573-ipv4: kinder resume --strategy=cert-regen --wait 15m
 • ✓ uat-573-ipv4-external-load-balancer (role=external-load-balancer, 0.1s)
 • ✓ uat-573-ipv4-control-plane (role=control-plane, 0.1s)
 • ✓ uat-573-ipv4-control-plane2 (role=control-plane, 0.1s)
 • ✓ uat-573-ipv4-control-plane3 (role=control-plane, 0.1s)
 • ✓ uat-573-ipv4-worker2 (role=worker, 0.1s)
 • ✓ uat-573-ipv4-worker (role=worker, 0.1s)
cert regen phase 1: regenerating cert files on all 3 CP nodes
  [phase 1] regenerating certs on uat-573-ipv4-control-plane (1/3)
  [phase 1] regenerating certs on uat-573-ipv4-control-plane2 (2/3)
  [phase 1] regenerating certs on uat-573-ipv4-control-plane3 (3/3)
cert regen phase 1 complete: all 3 CP nodes have fresh cert files
cert regen phase 1.5: waiting for etcd quorum before WAL peer URL update
=== cert-regen diagnostic dump (failed at: etcd-wait on uat-573-ipv4-control-plane3) ===
etcdctl member list:
kubeadm certs check-expiration:
[check-expiration] Reading configuration from the "kubeadm-config" ConfigMap in namespace "kube-system"...
[check-expiration] Use 'kubeadm init phase upload-config kubeadm --config your-config-file' to re-upload it.

CERTIFICATE                  EXPIRES                  RESIDUAL TIME   CERTIFICATE AUTHORITY   EXTERNALLY MANAGED
admin.conf                   May 17, 2027 14:24 UTC   364d            ca                      no      
apiserver                    May 17, 2027 14:29 UTC   364d            ca                      no      
apiserver-etcd-client        May 17, 2027 14:29 UTC   364d            etcd-ca                 no      
apiserver-kubelet-client     May 17, 2027 14:25 UTC   364d            ca                      no      
controller-manager.conf      May 17, 2027 14:25 UTC   364d            ca                      no      
etcd-healthcheck-client      May 17, 2027 14:29 UTC   364d            etcd-ca                 no      
etcd-peer                    May 17, 2027 14:29 UTC   364d            etcd-ca                 no      
etcd-server                  May 17, 2027 14:29 UTC   364d            etcd-ca                 no      
front-proxy-client           May 17, 2027 14:25 UTC   364d            front-proxy-ca          no      
scheduler.conf               May 17, 2027 14:25 UTC   364d            ca                      no      
!MISSING! super-admin.conf                                                                    

CERTIFICATE AUTHORITY   EXPIRES                  RESIDUAL TIME   EXTERNALLY MANAGED
ca                      May 14, 2036 14:24 UTC   9y              no      
etcd-ca                 May 14, 2036 14:24 UTC   9y              no      
front-proxy-ca          May 14, 2036 14:24 UTC   9y              no      
kube-apiserver last 20 lines: <kube-apiserver container not running>
cert serials:
/etc/kubernetes/pki/etcd/peer.crt: serial=5A0BEF88EF40B57C
/etc/kubernetes/pki/etcd/server.crt: serial=2516A451AA349B7D
/etc/kubernetes/pki/etcd/healthcheck-client.crt: serial=24023A82A6E01600
/etc/kubernetes/pki/apiserver-etcd-client.crt: serial=22F89E2C33DCA7C0
Cluster resumed. Total time: 100.3s
ERROR: HA resume cert-regen failed: delete and recreate the cluster: cert regen phase 1.5 (etcd health wait) failed on uat-573-ipv4-control-plane3. Cluster state is undefined — delete and recreate the cluster: etcd ready-gate timed out after 1m0s at https://127.0.0.1:2379: etcdctl exec failed: command "docker exec --privileged uat-573-ipv4-control-plane3 crictl exec 7dfa7355a7afd88b0f2982a6c40b0c8d35fe20acd4014361bd086f8891cc9072 etcdctl --cacert=/etc/kubernetes/pki/etcd/ca.crt --cert=/etc/kubernetes/pki/etcd/peer.crt --key=/etc/kubernetes/pki/etcd/peer.key --endpoints=https://127.0.0.1:2379 endpoint health --write-out=json" failed with error: exit status 1

Command Output: {"level":"warn","ts":"2026-05-17T14:30:28.042286Z","logger":"client","caller":"v3@v3.6.6/retry_interceptor.go:65","msg":"retrying of unary invoker failed","target":"etcd-endpoints://0x4000334960/127.0.0.1:2379","method":"/etcdserverpb.KV/Range","attempt":0,"error":"rpc error: code = DeadlineExceeded desc = context deadline exceeded while waiting for connections to become ready"}
Error: unhealthy cluster
[{"endpoint":"https://127.0.0.1:2379","health":false,"took":"5.005434919s","error":"context deadline exceeded"}]
execing command in container 7dfa7355a7afd88b0f2982a6c40b0c8d35fe20acd4014361bd086f8891cc9072: command terminated with exit code 1
[10:30:41] FAIL: uat-573-ipv4: kinder resume --strategy=cert-regen exited 1 (see /Users/patrykattc/work/git/kinder/.planning/phases/57.3-ha-cluster-cert-regen-recovery/uat-logs/uat-573-ipv4-resume.log)
[10:30:41] cleanup: SKIPPED — clusters preserved for forensics
[10:30:41]   inspect with: docker ps --filter label=io.x-k8s.kind.cluster
[10:30:41]   manual delete: /Users/patrykattc/work/git/kinder/bin/kinder delete cluster --name <name>
