 • ✓ uat-573-ipv4-run5-external-load-balancer (role=external-load-balancer, 0.1s)
 • ✓ uat-573-ipv4-run5-control-plane (role=control-plane, 0.1s)
 • ✓ uat-573-ipv4-run5-control-plane2 (role=control-plane, 0.1s)
 • ✓ uat-573-ipv4-run5-control-plane3 (role=control-plane, 0.1s)
 • ✓ uat-573-ipv4-run5-worker2 (role=worker, 0.1s)
 • ✓ uat-573-ipv4-run5-worker (role=worker, 0.1s)
cert regen phase 1: regenerating cert files on all 3 CP nodes
  [phase 1] regenerating certs on uat-573-ipv4-run5-control-plane (1/3)
  [phase 1] regenerating certs on uat-573-ipv4-run5-control-plane2 (2/3)
  [phase 1] regenerating certs on uat-573-ipv4-run5-control-plane3 (3/3)
cert regen phase 1 complete: all 3 CP nodes have fresh cert files
cert regen phase 1.5: waiting for etcd quorum on bootstrap CP (uat-573-ipv4-run5-control-plane)
cert regen phase 1.5: etcd quorum wait failed on uat-573-ipv4-run5-control-plane, attempting force-new-cluster bootstrap: etcd ready-gate timed out after 1m0s at https://127.0.0.1:2379: etcdctl exec failed: command "docker exec --privileged uat-573-ipv4-run5-control-plane crictl exec 4584e81123a753ee8c762b6541ca066349382d5c2fc4bcd4e042f545ecc0cf12 etcdctl --cacert=/etc/kubernetes/pki/etcd/ca.crt --cert=/etc/kubernetes/pki/etcd/peer.crt --key=/etc/kubernetes/pki/etcd/peer.key --endpoints=https://127.0.0.1:2379 endpoint health --write-out=json" failed with error: exit status 1
  [force-new-cluster] starting recovery bootstrap for 3 CP nodes
  [force-new-cluster] step 2: stopping all etcd instances (mv-out manifests)
=== cert-regen diagnostic dump (failed at: force-new-cluster on uat-573-ipv4-run5-control-plane) ===
etcdctl member list:
kubeadm certs check-expiration:
[check-expiration] Reading configuration from the "kubeadm-config" ConfigMap in namespace "kube-system"...
[check-expiration] Use 'kubeadm init phase upload-config kubeadm --config your-config-file' to re-upload it.
[check-expiration] Error reading configuration from the Cluster. Falling back to default configuration

CERTIFICATE                EXPIRES                  RESIDUAL TIME   CERTIFICATE AUTHORITY   EXTERNALLY MANAGED
admin.conf                 May 17, 2027 15:14 UTC   364d            ca                      no      
apiserver                  May 17, 2027 15:18 UTC   364d            ca                      no      
apiserver-etcd-client      May 17, 2027 15:18 UTC   364d            etcd-ca                 no      
apiserver-kubelet-client   May 17, 2027 15:14 UTC   364d            ca                      no      
controller-manager.conf    May 17, 2027 15:14 UTC   364d            ca                      no      
etcd-healthcheck-client    May 17, 2027 15:18 UTC   364d            etcd-ca                 no      
etcd-peer                  May 17, 2027 15:18 UTC   364d            etcd-ca                 no      
etcd-server                May 17, 2027 15:18 UTC   364d            etcd-ca                 no      
front-proxy-client         May 17, 2027 15:14 UTC   364d            front-proxy-ca          no      
scheduler.conf             May 17, 2027 15:14 UTC   364d            ca                      no      
super-admin.conf           May 17, 2027 15:14 UTC   364d            ca                      no      

CERTIFICATE AUTHORITY   EXPIRES                  RESIDUAL TIME   EXTERNALLY MANAGED
ca                      May 14, 2036 15:14 UTC   9y              no      
etcd-ca                 May 14, 2036 15:14 UTC   9y              no      
front-proxy-ca          May 14, 2036 15:14 UTC   9y              no      
kube-apiserver last 20 lines: <kube-apiserver container not running>
cert serials:
/etc/kubernetes/pki/etcd/peer.crt: serial=13802D7F7EF4F1A8
/etc/kubernetes/pki/etcd/server.crt: serial=457AC21CD8C63C9E
/etc/kubernetes/pki/etcd/healthcheck-client.crt: serial=4A2B789BEAFBD941
/etc/kubernetes/pki/apiserver-etcd-client.crt: serial=4603B78844347535
Cluster resumed. Total time: 234.4s
ERROR: HA resume cert-regen failed: delete and recreate the cluster: cert regen phase 1.5 (force-new-cluster bootstrap) failed on uat-573-ipv4-run5-control-plane. Cluster state is undefined — delete and recreate the cluster: force-new-cluster: etcd container on uat-573-ipv4-run5-control-plane did not stop within 2m0s: etcd container on uat-573-ipv4-run5-control-plane still running after 2m0s
