 • ✓ uat-573-ipv6-external-load-balancer (role=external-load-balancer, 0.1s)
 • ✓ uat-573-ipv6-control-plane (role=control-plane, 0.1s)
 • ✓ uat-573-ipv6-control-plane2 (role=control-plane, 0.1s)
 • ✓ uat-573-ipv6-control-plane3 (role=control-plane, 0.1s)
⚠ cluster-resume-readiness: etcd leader changed since pause — leader id rotated; previous=8006870075869628416, current=16863074267374206976
 • ✓ uat-573-ipv6-worker2 (role=worker, 0.1s)
 • ✓ uat-573-ipv6-worker (role=worker, 0.1s)
cert regen phase 1: regenerating cert files on all 3 CP nodes
  [phase 1] regenerating certs on uat-573-ipv6-control-plane (1/3)
  [phase 1] regenerating certs on uat-573-ipv6-control-plane2 (2/3)
  [phase 1] regenerating certs on uat-573-ipv6-control-plane3 (3/3)
cert regen phase 1 complete: all 3 CP nodes have fresh cert files
cert regen phase 1.5: waiting for etcd quorum on bootstrap CP (uat-573-ipv6-control-plane)
cert regen phase 1.5: etcd quorum wait failed on uat-573-ipv6-control-plane, attempting force-new-cluster bootstrap: etcd ready-gate timed out after 5m0s at https://[::1]:2379: etcdctl exec failed: command "docker exec --privileged uat-573-ipv6-control-plane crictl exec 61fde56c202be6352a249dd70a5e48cf1ea1ee31505a03294e361dd0c69186dc etcdctl --cacert=/etc/kubernetes/pki/etcd/ca.crt --cert=/etc/kubernetes/pki/etcd/peer.crt --key=/etc/kubernetes/pki/etcd/peer.key '--endpoints=https://[::1]:2379' endpoint health --write-out=json" failed with error: exit status 1
  [force-new-cluster] starting recovery bootstrap for 3 CP nodes
  [force-new-cluster] step 2: stopping all etcd instances (mv-out + crictl stop)
  [force-new-cluster] step 2 complete: all etcd containers stopped
  [force-new-cluster] step 3: injecting --force-new-cluster into uat-573-ipv6-control-plane manifest (at backup path)
  [force-new-cluster] step 4: starting cp1 (uat-573-ipv6-control-plane) with --force-new-cluster (mv-in + kubelet restart)
  [force-new-cluster] step 5: waiting for cp1 etcd to be healthy
  [force-new-cluster] step 5 complete: cp1 etcd healthy (single-member)
  [force-new-cluster] step 5.1: updating cp1 peer URL in WAL: https://[fc00:4d57:1afd:1f1b::b]:2380 → https://[fc00:4d57:1afd:1f1b::a]:2380
  [force-new-cluster] step 5.1 complete: cp1 peer URL updated to https://[fc00:4d57:1afd:1f1b::a]:2380
  [force-new-cluster] step 5.5: removing --force-new-cluster from uat-573-ipv6-control-plane manifest before member joins
  [force-new-cluster] step 5.5: waiting for cp1 etcd healthy after --force-new-cluster removal
  [force-new-cluster] step 5.5 complete: cp1 stable as single-member cluster (no --force-new-cluster)
  [force-new-cluster] step 6 (1/2): adding member uat-573-ipv6-control-plane2 with peer URL https://[fc00:4d57:1afd:1f1b::b]:2380
  [force-new-cluster] step 9 (1/2): waiting for uat-573-ipv6-control-plane2 etcd to be healthy
  [force-new-cluster] step 9 (1/2): uat-573-ipv6-control-plane2 etcd healthy
  [force-new-cluster] step 6 (2/2): adding member uat-573-ipv6-control-plane3 with peer URL https://[fc00:4d57:1afd:1f1b::c]:2380
  [force-new-cluster] step 9 (2/2): waiting for uat-573-ipv6-control-plane3 etcd to be healthy
  [force-new-cluster] step 9 (2/2): uat-573-ipv6-control-plane3 etcd healthy
  [force-new-cluster] steps 6-9 complete: all 2 remaining CPs registered and healthy
  [force-new-cluster] bootstrap recovery complete
cert regen phase 1.5 complete: force-new-cluster bootstrap succeeded, etcd cluster reformed
cert regen phase 2: cycling manifests on all 3 CP nodes
cert regen phase 2a: skipped (force-new-cluster bootstrap already restarted etcd cluster)
cert regen phase 2b: cycling kube-apiserver manifests on all 3 CPs
cert regen phase 2b complete: all 3 kube-apiserver pods healthy
cert regen phase 2 complete: all 3 CP nodes healthy
Cluster resumed. Total time: 502.2s
