[18:59:18] uat-57.3-cert-regen.sh starting; KINDER_BIN=/Users/patrykattc/work/git/kinder/bin/kinder
[18:59:18] === Phase 57.3 cert-regen live UAT ===
[18:59:18] HEAD: fd117511f644d95bf1d9520fecdf99a7aaa4d314
[18:59:18] macOS: 26.3.1
[18:59:18] Docker: 29.4.3
[18:59:18] make build (rebuild against current HEAD)
go build -v -o "/Users/patrykattc/work/git/kinder/bin/kinder" -trimpath -ldflags="-buildid= -w -X=sigs.k8s.io/kind/pkg/internal/kindversion.gitCommit=fd117511f644d95bf1d9520fecdf99a7aaa4d314 -X=sigs.k8s.io/kind/pkg/internal/kindversion.gitCommitCount=141"
[18:59:19]   ok binary marker present: kubeadm certs renew %s failed on %s
[18:59:19]   ok binary marker present: apiserver-etcd-client
[18:59:19]   ok binary marker present: --strategy=
[18:59:19]   ok binary marker present: Cluster state is undefined
[18:59:19]   ok binary marker present: etcd ready-gate timed out
[18:59:19]   ok binary marker present: apiserver healthz timed out
kind v1.5.0 go1.25.7 darwin/arm64
[18:59:19] === fixture: uat-573-ipv4 (loopback=127.0.0.1, expected_nodes=5) ===
[18:59:19] uat-573-ipv4: kinder create cluster
Creating cluster "uat-573-ipv4" ...

NOTE: The following addon images will be pulled during cluster creation.
      Pre-load them and use --air-gapped to skip pulls:
        docker.io/envoyproxy/envoy:v1.36.2
        docker.io/envoyproxy/ratelimit:05c08d03
        docker.io/library/busybox:1.37.0
        docker.io/rancher/local-path-provisioner:v0.0.36
        envoyproxy/gateway:v1.7.2
        ghcr.io/headlamp-k8s/headlamp:v0.42.0
        quay.io/jetstack/cert-manager-cainjector:v1.20.2
        quay.io/jetstack/cert-manager-controller:v1.20.2
        quay.io/jetstack/cert-manager-webhook:v1.20.2
        quay.io/metallb/controller:v0.15.3
        quay.io/metallb/speaker:v0.15.3
        registry.k8s.io/metrics-server/metrics-server:v0.8.1
        registry:2

 • Ensuring node image (kindest/node:v1.35.1) 🖼  ...
HA cluster will use cert-regen resume strategy: IP reassigned from 172.200.0.2 to invalid IP across stop/start
 ✓ Ensuring node image (kindest/node:v1.35.1) 🖼
 • Preparing nodes 📦 📦 📦 📦 📦   ...
 ✓ Preparing nodes 📦 📦 📦 📦 📦 
 • Configuring the external load balancer ⚖️  ...
 ✓ Configuring the external load balancer ⚖️
 • Writing configuration 📜  ...
 ✓ Writing configuration 📜
 • Starting control-plane 🕹️  ...
 ✓ Starting control-plane 🕹️
 • Installing CNI 🔌  ...
 ✓ Installing CNI 🔌
 • Joining more control-plane nodes 🎮  ...
 ✓ Joining more control-plane nodes 🎮
 • Joining worker nodes 🚜  ...
 ✓ Joining worker nodes 🚜

Local Registry:
  Push:        docker push localhost:5001/myimage:latest
  Pull in pods: image: localhost:5001/myimage:latest

 * Skipping NVIDIA GPU (disabled in config)

Dashboard:
  Get token: kubectl -n kube-system get secret kinder-dashboard-token -o jsonpath='{.data.token}' | base64 -d
  Port-forward: kubectl port-forward -n kube-system service/headlamp 8080:80
  Then open: http://localhost:8080

 • Installing Envoy Gateway  ...
 ✓ Installing Envoy Gateway
On darwin, MetalLB LoadBalancer IPs are not directly reachable from the host.
   Use kubectl port-forward to access LoadBalancer services:
   kubectl port-forward svc/<service-name> <local-port>:<service-port>

Addons:
 * Local Registry       installed (1.0s)
 * MetalLB              installed (39.7s)
 * Metrics Server       installed (36.4s)
 * CoreDNS Tuning       installed (2.0s)
 * Dashboard            installed (53.5s)
 * Cert Manager         installed (10.3s)
 * Local Path Provisioner installed (7.8s)
 * NVIDIA GPU           skipped (disabled)
 * Envoy Gateway        installed (26.5s)
Set kubectl context to "kind-uat-573-ipv4"
You can now use your cluster with:

kubectl cluster-info --context kind-uat-573-ipv4

Have a question, bug, or feature request? Let us know! https://kind.sigs.k8s.io/#community 🙂
[19:01:29] uat-573-ipv4: capture pre-resume cert serials
[19:01:29] uat-573-ipv4: kinder pause
 - uat-573-ipv4-worker stopped (role: worker, 0.6s)
 - uat-573-ipv4-worker2 stopped (role: worker, 5.3s)
 - uat-573-ipv4-control-plane stopped (role: control-plane, 30.3s)
 - uat-573-ipv4-control-plane2 stopped (role: control-plane, 30.3s)
 - uat-573-ipv4-control-plane3 stopped (role: control-plane, 30.3s)
 - uat-573-ipv4-external-load-balancer stopped (role: external-load-balancer, 30.3s)
Cluster paused. Total time: 127.8s
[19:03:37] uat-573-ipv4: kinder resume --strategy=cert-regen --wait 15m
 • ✓ uat-573-ipv4-external-load-balancer (role=external-load-balancer, 0.1s)
 • ✓ uat-573-ipv4-control-plane (role=control-plane, 0.1s)
 • ✓ uat-573-ipv4-control-plane2 (role=control-plane, 0.1s)
 • ✓ uat-573-ipv4-control-plane3 (role=control-plane, 0.1s)
 • ✓ uat-573-ipv4-worker (role=worker, 0.1s)
 • ✓ uat-573-ipv4-worker2 (role=worker, 0.1s)
cert regen phase 1: regenerating cert files on all 3 CP nodes
  [phase 1] regenerating certs on uat-573-ipv4-control-plane (1/3)
  [phase 1] regenerating certs on uat-573-ipv4-control-plane2 (2/3)
  [phase 1] regenerating certs on uat-573-ipv4-control-plane3 (3/3)
cert regen phase 1 complete: all 3 CP nodes have fresh cert files
cert regen phase 1.5: waiting for etcd quorum on bootstrap CP (uat-573-ipv4-control-plane)
cert regen phase 1.5 complete: etcd quorum confirmed on uat-573-ipv4-control-plane
cert regen phase 1.6: verifying and updating etcd member peer URLs
  [phase 1.6] updating etcd member uat-573-ipv4-control-plane2 (3904a78efe0060e5) peer URL: https://172.19.0.3:2380 → https://172.19.0.4:2380
  [phase 1.6] updating etcd member uat-573-ipv4-control-plane (6f1e1de96aea0868) peer URL: https://172.19.0.6:2380 → https://172.19.0.3:2380
  [phase 1.6] updated 2 etcd member peer URLs
cert regen phase 1.6 complete: etcd member peer URLs verified
cert regen phase 2: cycling manifests on all 3 CP nodes
cert regen phase 2a: simultaneous etcd restart (all 3 CPs)
  [phase 2 etcd] simultaneous etcd restart across 3 CPs
  [phase 2 etcd] simultaneous etcd restart complete: all 3 CPs healthy
cert regen phase 2a complete: etcd cluster restarted simultaneously
cert regen phase 2b: cycling kube-apiserver manifests on all 3 CPs
cert regen phase 2b complete: all 3 kube-apiserver pods healthy
cert regen phase 2 complete: all 3 CP nodes healthy
Cluster resumed. Total time: 230.2s
[19:07:27] uat-573-ipv4: capture post-resume cert serials
[19:07:27] uat-573-ipv4: ok cert serials advanced (pre/post diff)
1,4c1,4
< /etc/kubernetes/pki/etcd/peer.crt: serial=320E14F65F6FA95B
< /etc/kubernetes/pki/etcd/server.crt: serial=23449AAFBDAC8470
< /etc/kubernetes/pki/etcd/healthcheck-client.crt: serial=2CAC4E7641EEA747
< /etc/kubernetes/pki/apiserver-etcd-client.crt: serial=3BDBD5A51E1DD33C
---
> /etc/kubernetes/pki/etcd/peer.crt: serial=55EFCF730E73464D
> /etc/kubernetes/pki/etcd/server.crt: serial=2B949C6AD7AD00FB
> /etc/kubernetes/pki/etcd/healthcheck-client.crt: serial=65357127F9E5BF71
> /etc/kubernetes/pki/apiserver-etcd-client.crt: serial=4EFC060255AD71FA
[19:07:27] uat-573-ipv4: apiserver healthz from inside cp1 at https://127.0.0.1:6443/healthz
[19:07:27] uat-573-ipv4: ok apiserver healthz returned 200 (SC1/SC3 satisfied)
[19:07:27] uat-573-ipv4: capture kubeconfig + assert all 5 nodes Ready (15m deadline)
[19:07:28] uat-573-ipv4: ok all 5 nodes Ready (SC2 satisfied)
[19:07:28] === fixture uat-573-ipv4: PASS ===
[19:07:28] === fixture: uat-573-ipv6 (loopback=[::1], expected_nodes=5) ===
[19:07:28] uat-573-ipv6: kinder create cluster
Creating cluster "uat-573-ipv6" ...

NOTE: The following addon images will be pulled during cluster creation.
      Pre-load them and use --air-gapped to skip pulls:
        docker.io/envoyproxy/envoy:v1.36.2
        docker.io/envoyproxy/ratelimit:05c08d03
        docker.io/library/busybox:1.37.0
        docker.io/rancher/local-path-provisioner:v0.0.36
        envoyproxy/gateway:v1.7.2
        ghcr.io/headlamp-k8s/headlamp:v0.42.0
        quay.io/jetstack/cert-manager-cainjector:v1.20.2
        quay.io/jetstack/cert-manager-controller:v1.20.2
        quay.io/jetstack/cert-manager-webhook:v1.20.2
        quay.io/metallb/controller:v0.15.3
        quay.io/metallb/speaker:v0.15.3
        registry.k8s.io/metrics-server/metrics-server:v0.8.1
        registry:2

 • Ensuring node image (kindest/node:v1.35.1) 🖼  ...
HA cluster will use cert-regen resume strategy: probe runtime error: inspect returned invalid IP "invalid IP"
 ✓ Ensuring node image (kindest/node:v1.35.1) 🖼
 • Preparing nodes 📦 📦 📦 📦 📦   ...
 ✓ Preparing nodes 📦 📦 📦 📦 📦 
 • Configuring the external load balancer ⚖️  ...
 ✓ Configuring the external load balancer ⚖️
 • Writing configuration 📜  ...
 ✓ Writing configuration 📜
 • Starting control-plane 🕹️  ...
 ✓ Starting control-plane 🕹️
 • Installing CNI 🔌  ...
 ✓ Installing CNI 🔌
 • Joining more control-plane nodes 🎮  ...
 ✓ Joining more control-plane nodes 🎮
 • Joining worker nodes 🚜  ...
 ✓ Joining worker nodes 🚜

Local Registry:
  Push:        docker push localhost:5001/myimage:latest
  Pull in pods: image: localhost:5001/myimage:latest

 * Skipping NVIDIA GPU (disabled in config)

Dashboard:
  Get token: kubectl -n kube-system get secret kinder-dashboard-token -o jsonpath='{.data.token}' | base64 -d
  Port-forward: kubectl port-forward -n kube-system service/headlamp 8080:80
  Then open: http://localhost:8080

 • Installing Envoy Gateway  ...
 ✓ Installing Envoy Gateway
On darwin, MetalLB LoadBalancer IPs are not directly reachable from the host.
   Use kubectl port-forward to access LoadBalancer services:
   kubectl port-forward svc/<service-name> <local-port>:<service-port>

Addons:
 * Local Registry       installed (1.0s)
 * MetalLB              installed (31.7s)
 * Metrics Server       installed (38.4s)
 * CoreDNS Tuning       installed (14.2s)
 * Dashboard            installed (40.4s)
 * Cert Manager         installed (13.9s)
 * Local Path Provisioner installed (8.0s)
 * NVIDIA GPU           skipped (disabled)
 * Envoy Gateway        installed (35.3s)
Set kubectl context to "kind-uat-573-ipv6"
You can now use your cluster with:

kubectl cluster-info --context kind-uat-573-ipv6

Have a question, bug, or feature request? Let us know! https://kind.sigs.k8s.io/#community 🙂
[19:09:55] uat-573-ipv6: capture pre-resume cert serials
[19:09:55] uat-573-ipv6: kinder pause
failed to capture etcd leader id for HA pause snapshot (continuing): etcdctl endpoint status via crictl exec failed: command "docker exec --privileged uat-573-ipv6-control-plane crictl exec 7662018c6ac8d28f21992815d39ae48c5c640d4ec37ba16dd7d4cdd6dfb5c075 etcdctl --cacert=/etc/kubernetes/pki/etcd/ca.crt --cert=/etc/kubernetes/pki/etcd/peer.crt --key=/etc/kubernetes/pki/etcd/peer.key --endpoints=https://127.0.0.1:2379 endpoint status --cluster --write-out=json" failed with error: exit status 1
 - uat-573-ipv6-worker2 stopped (role: worker, 5.3s)
 - uat-573-ipv6-worker stopped (role: worker, 1.4s)
 - uat-573-ipv6-control-plane stopped (role: control-plane, 30.3s)
 - uat-573-ipv6-control-plane2 stopped (role: control-plane, 30.3s)
 - uat-573-ipv6-control-plane3 stopped (role: control-plane, 30.4s)
 - uat-573-ipv6-external-load-balancer stopped (role: external-load-balancer, 30.2s)
Cluster paused. Total time: 133.5s
[19:12:08] uat-573-ipv6: kinder resume --strategy=cert-regen --wait 15m
 • ✓ uat-573-ipv6-external-load-balancer (role=external-load-balancer, 0.1s)
 • ✓ uat-573-ipv6-control-plane (role=control-plane, 0.1s)
 • ✓ uat-573-ipv6-control-plane2 (role=control-plane, 0.1s)
 • ✓ uat-573-ipv6-control-plane3 (role=control-plane, 0.1s)
⚠ cluster-resume-readiness: etcd leader changed since pause — leader id rotated; previous=8006870075869628416, current=16863074267374206976
 • ✓ uat-573-ipv6-worker2 (role=worker, 0.1s)
 • ✓ uat-573-ipv6-worker (role=worker, 0.1s)
cert regen phase 1: regenerating cert files on all 3 CP nodes
  [phase 1] regenerating certs on uat-573-ipv6-control-plane (1/3)
  [phase 1] regenerating certs on uat-573-ipv6-control-plane2 (2/3)
  [phase 1] regenerating certs on uat-573-ipv6-control-plane3 (3/3)
cert regen phase 1 complete: all 3 CP nodes have fresh cert files
cert regen phase 1.5: waiting for etcd quorum on bootstrap CP (uat-573-ipv6-control-plane)
cert regen phase 1.5: etcd quorum wait failed on uat-573-ipv6-control-plane, attempting force-new-cluster bootstrap: etcd ready-gate timed out after 5m0s at https://[::1]:2379: etcdctl exec failed: command "docker exec --privileged uat-573-ipv6-control-plane crictl exec 61fde56c202be6352a249dd70a5e48cf1ea1ee31505a03294e361dd0c69186dc etcdctl --cacert=/etc/kubernetes/pki/etcd/ca.crt --cert=/etc/kubernetes/pki/etcd/peer.crt --key=/etc/kubernetes/pki/etcd/peer.key '--endpoints=https://[::1]:2379' endpoint health --write-out=json" failed with error: exit status 1
  [force-new-cluster] starting recovery bootstrap for 3 CP nodes
  [force-new-cluster] step 2: stopping all etcd instances (mv-out + crictl stop)
  [force-new-cluster] step 2 complete: all etcd containers stopped
  [force-new-cluster] step 3: injecting --force-new-cluster into uat-573-ipv6-control-plane manifest (at backup path)
  [force-new-cluster] step 4: starting cp1 (uat-573-ipv6-control-plane) with --force-new-cluster (mv-in + kubelet restart)
  [force-new-cluster] step 5: waiting for cp1 etcd to be healthy
  [force-new-cluster] step 5 complete: cp1 etcd healthy (single-member)
  [force-new-cluster] step 5.1: updating cp1 peer URL in WAL: https://[fc00:4d57:1afd:1f1b::b]:2380 → https://[fc00:4d57:1afd:1f1b::a]:2380
  [force-new-cluster] step 5.1 complete: cp1 peer URL updated to https://[fc00:4d57:1afd:1f1b::a]:2380
  [force-new-cluster] step 5.5: removing --force-new-cluster from uat-573-ipv6-control-plane manifest before member joins
  [force-new-cluster] step 5.5: waiting for cp1 etcd healthy after --force-new-cluster removal
  [force-new-cluster] step 5.5 complete: cp1 stable as single-member cluster (no --force-new-cluster)
  [force-new-cluster] step 6 (1/2): adding member uat-573-ipv6-control-plane2 with peer URL https://[fc00:4d57:1afd:1f1b::b]:2380
  [force-new-cluster] step 9 (1/2): waiting for uat-573-ipv6-control-plane2 etcd to be healthy
  [force-new-cluster] step 9 (1/2): uat-573-ipv6-control-plane2 etcd healthy
  [force-new-cluster] step 6 (2/2): adding member uat-573-ipv6-control-plane3 with peer URL https://[fc00:4d57:1afd:1f1b::c]:2380
  [force-new-cluster] step 9 (2/2): waiting for uat-573-ipv6-control-plane3 etcd to be healthy
  [force-new-cluster] step 9 (2/2): uat-573-ipv6-control-plane3 etcd healthy
  [force-new-cluster] steps 6-9 complete: all 2 remaining CPs registered and healthy
  [force-new-cluster] bootstrap recovery complete
cert regen phase 1.5 complete: force-new-cluster bootstrap succeeded, etcd cluster reformed
cert regen phase 2: cycling manifests on all 3 CP nodes
cert regen phase 2a: skipped (force-new-cluster bootstrap already restarted etcd cluster)
cert regen phase 2b: cycling kube-apiserver manifests on all 3 CPs
cert regen phase 2b complete: all 3 kube-apiserver pods healthy
cert regen phase 2 complete: all 3 CP nodes healthy
Cluster resumed. Total time: 502.2s
[19:20:31] uat-573-ipv6: capture post-resume cert serials
[19:20:31] uat-573-ipv6: ok cert serials advanced (pre/post diff)
1,4c1,4
< /etc/kubernetes/pki/etcd/peer.crt: serial=036B791765DA67D3
< /etc/kubernetes/pki/etcd/server.crt: serial=72F65B0FC28C5F9E
< /etc/kubernetes/pki/etcd/healthcheck-client.crt: serial=40E5DE80ABBE2FE2
< /etc/kubernetes/pki/apiserver-etcd-client.crt: serial=1681FBEAA4A3E7B9
---
> /etc/kubernetes/pki/etcd/peer.crt: serial=21BE124840ECE5CC
> /etc/kubernetes/pki/etcd/server.crt: serial=1A31BDDADA4C8EA3
> /etc/kubernetes/pki/etcd/healthcheck-client.crt: serial=56421227148602C5
> /etc/kubernetes/pki/apiserver-etcd-client.crt: serial=07D60562F406F749
[19:20:31] uat-573-ipv6: apiserver healthz from inside cp1 at https://[::1]:6443/healthz
[19:20:31] uat-573-ipv6: ok apiserver healthz returned 200 (SC1/SC3 satisfied)
[19:20:31] uat-573-ipv6: capture kubeconfig + assert all 5 nodes Ready (15m deadline)
[19:20:31] uat-573-ipv6: ok all 5 nodes Ready (SC2 satisfied)
[19:20:31] === fixture uat-573-ipv6: PASS ===
[19:20:31] === fixture: uat-573-dual (loopback=127.0.0.1, expected_nodes=5) ===
[19:20:31] uat-573-dual: kinder create cluster
Creating cluster "uat-573-dual" ...

NOTE: The following addon images will be pulled during cluster creation.
      Pre-load them and use --air-gapped to skip pulls:
        docker.io/envoyproxy/envoy:v1.36.2
        docker.io/envoyproxy/ratelimit:05c08d03
        docker.io/library/busybox:1.37.0
        docker.io/rancher/local-path-provisioner:v0.0.36
        envoyproxy/gateway:v1.7.2
        ghcr.io/headlamp-k8s/headlamp:v0.42.0
        quay.io/jetstack/cert-manager-cainjector:v1.20.2
        quay.io/jetstack/cert-manager-controller:v1.20.2
        quay.io/jetstack/cert-manager-webhook:v1.20.2
        quay.io/metallb/controller:v0.15.3
        quay.io/metallb/speaker:v0.15.3
        registry.k8s.io/metrics-server/metrics-server:v0.8.1
        registry:2

 • Ensuring node image (kindest/node:v1.35.1) 🖼  ...
HA cluster will use cert-regen resume strategy: probe runtime error: inspect returned invalid IP "invalid IP"
 ✓ Ensuring node image (kindest/node:v1.35.1) 🖼
 • Preparing nodes 📦 📦 📦 📦 📦   ...
 ✓ Preparing nodes 📦 📦 📦 📦 📦 
 • Configuring the external load balancer ⚖️  ...
 ✓ Configuring the external load balancer ⚖️
 • Writing configuration 📜  ...
 ✓ Writing configuration 📜
 • Starting control-plane 🕹️  ...
 ✓ Starting control-plane 🕹️
 • Installing CNI 🔌  ...
 ✓ Installing CNI 🔌
 • Joining more control-plane nodes 🎮  ...
 ✓ Joining more control-plane nodes 🎮
 • Joining worker nodes 🚜  ...
 ✓ Joining worker nodes 🚜

Local Registry:
  Push:        docker push localhost:5001/myimage:latest
  Pull in pods: image: localhost:5001/myimage:latest

 * Skipping NVIDIA GPU (disabled in config)

Dashboard:
  Get token: kubectl -n kube-system get secret kinder-dashboard-token -o jsonpath='{.data.token}' | base64 -d
  Port-forward: kubectl port-forward -n kube-system service/headlamp 8080:80
  Then open: http://localhost:8080

 • Installing Envoy Gateway  ...
 ✓ Installing Envoy Gateway
On darwin, MetalLB LoadBalancer IPs are not directly reachable from the host.
   Use kubectl port-forward to access LoadBalancer services:
   kubectl port-forward svc/<service-name> <local-port>:<service-port>

Addons:
 * Local Registry       installed (1.2s)
 * MetalLB              installed (27.6s)
 * Metrics Server       installed (39.4s)
 * CoreDNS Tuning       installed (2.9s)
 * Dashboard            installed (54.4s)
 * Cert Manager         installed (14.0s)
 * Local Path Provisioner installed (8.0s)
 * NVIDIA GPU           skipped (disabled)
 * Envoy Gateway        installed (27.4s)
Set kubectl context to "kind-uat-573-dual"
You can now use your cluster with:

kubectl cluster-info --context kind-uat-573-dual

Have a nice day! 👋
[19:22:43] uat-573-dual: capture pre-resume cert serials
[19:22:43] uat-573-dual: kinder pause
 - uat-573-dual-worker stopped (role: worker, 5.3s)
 - uat-573-dual-worker2 stopped (role: worker, 0.4s)
 - uat-573-dual-control-plane stopped (role: control-plane, 30.3s)
 - uat-573-dual-control-plane2 stopped (role: control-plane, 30.3s)
 - uat-573-dual-control-plane3 stopped (role: control-plane, 30.3s)
 - uat-573-dual-external-load-balancer stopped (role: external-load-balancer, 30.2s)
Cluster paused. Total time: 127.6s
[19:24:50] uat-573-dual: kinder resume --strategy=cert-regen --wait 15m
 • ✓ uat-573-dual-external-load-balancer (role=external-load-balancer, 0.1s)
 • ✓ uat-573-dual-control-plane (role=control-plane, 0.1s)
 • ✓ uat-573-dual-control-plane2 (role=control-plane, 0.1s)
 • ✓ uat-573-dual-control-plane3 (role=control-plane, 0.1s)
 • ✓ uat-573-dual-worker (role=worker, 0.1s)
 • ✓ uat-573-dual-worker2 (role=worker, 0.1s)
cert regen phase 1: regenerating cert files on all 3 CP nodes
  [phase 1] regenerating certs on uat-573-dual-control-plane (1/3)
  [phase 1] regenerating certs on uat-573-dual-control-plane2 (2/3)
  [phase 1] regenerating certs on uat-573-dual-control-plane3 (3/3)
cert regen phase 1 complete: all 3 CP nodes have fresh cert files
cert regen phase 1.5: waiting for etcd quorum on bootstrap CP (uat-573-dual-control-plane)
cert regen phase 1.5: etcd quorum wait failed on uat-573-dual-control-plane, attempting force-new-cluster bootstrap: etcd ready-gate timed out after 5m0s at https://127.0.0.1:2379: etcdctl exec failed: command "docker exec --privileged uat-573-dual-control-plane crictl exec 90bb48c88f9804b512a5a71cf83800a4052f67f2e229924cfc423f4e66587a07 etcdctl --cacert=/etc/kubernetes/pki/etcd/ca.crt --cert=/etc/kubernetes/pki/etcd/peer.crt --key=/etc/kubernetes/pki/etcd/peer.key --endpoints=https://127.0.0.1:2379 endpoint health --write-out=json" failed with error: exit status 1
  [force-new-cluster] starting recovery bootstrap for 3 CP nodes
  [force-new-cluster] step 1: patching etcd/apiserver manifests with 3 etcd / 0 apiserver IP remappings
  [force-new-cluster] step 1 complete: manifests patched
  [force-new-cluster] step 2: stopping all etcd instances (mv-out + crictl stop)
  [force-new-cluster] step 2 complete: all etcd containers stopped
  [force-new-cluster] step 3: injecting --force-new-cluster into uat-573-dual-control-plane manifest (at backup path)
  [force-new-cluster] step 4: starting cp1 (uat-573-dual-control-plane) with --force-new-cluster (mv-in + kubelet restart)
  [force-new-cluster] step 5: waiting for cp1 etcd to be healthy
  [force-new-cluster] step 5 complete: cp1 etcd healthy (single-member)
  [force-new-cluster] step 5.1: updating cp1 peer URL in WAL: https://172.19.0.19:2380 → https://[fc00:4d57:1afd:1f1b::10]:2380
  [force-new-cluster] step 5.1 complete: cp1 peer URL updated to https://[fc00:4d57:1afd:1f1b::10]:2380
  [force-new-cluster] step 5.5: removing --force-new-cluster from uat-573-dual-control-plane manifest before member joins
  [force-new-cluster] step 5.5: waiting for cp1 etcd healthy after --force-new-cluster removal
  [force-new-cluster] step 5.5 complete: cp1 stable as single-member cluster (no --force-new-cluster)
  [force-new-cluster] step 6 (1/2): adding member uat-573-dual-control-plane2 with peer URL https://[fc00:4d57:1afd:1f1b::11]:2380
  [force-new-cluster] step 9 (1/2): waiting for uat-573-dual-control-plane2 etcd to be healthy
  [force-new-cluster] step 9 (1/2): uat-573-dual-control-plane2 etcd healthy
  [force-new-cluster] step 6 (2/2): adding member uat-573-dual-control-plane3 with peer URL https://[fc00:4d57:1afd:1f1b::12]:2380
  [force-new-cluster] step 9 (2/2): waiting for uat-573-dual-control-plane3 etcd to be healthy
  [force-new-cluster] step 9 (2/2): uat-573-dual-control-plane3 etcd healthy
  [force-new-cluster] steps 6-9 complete: all 2 remaining CPs registered and healthy
  [force-new-cluster] bootstrap recovery complete
cert regen phase 1.5 complete: force-new-cluster bootstrap succeeded, etcd cluster reformed
cert regen phase 2: cycling manifests on all 3 CP nodes
cert regen phase 2a: skipped (force-new-cluster bootstrap already restarted etcd cluster)
cert regen phase 2b: cycling kube-apiserver manifests on all 3 CPs
cert regen phase 2b complete: all 3 kube-apiserver pods healthy
cert regen phase 2 complete: all 3 CP nodes healthy
Cluster resumed. Total time: 506.1s
[19:33:16] uat-573-dual: capture post-resume cert serials
[19:33:17] uat-573-dual: ok cert serials advanced (pre/post diff)
1,4c1,4
< /etc/kubernetes/pki/etcd/peer.crt: serial=68848EC98662E14A
< /etc/kubernetes/pki/etcd/server.crt: serial=5D05703DC472DCDC
< /etc/kubernetes/pki/etcd/healthcheck-client.crt: serial=46448A8DC830634B
< /etc/kubernetes/pki/apiserver-etcd-client.crt: serial=7F593692B808B108
---
> /etc/kubernetes/pki/etcd/peer.crt: serial=6BAB2ED19EE67115
> /etc/kubernetes/pki/etcd/server.crt: serial=0CBBA1DD12FC8C35
> /etc/kubernetes/pki/etcd/healthcheck-client.crt: serial=19F03D51E42F099F
> /etc/kubernetes/pki/apiserver-etcd-client.crt: serial=4EDD454029092206
[19:33:17] uat-573-dual: apiserver healthz from inside cp1 at https://127.0.0.1:6443/healthz
[19:33:17] uat-573-dual: ok apiserver healthz returned 200 (SC1/SC3 satisfied)
[19:33:17] uat-573-dual: capture kubeconfig + assert all 5 nodes Ready (15m deadline)
[19:33:17] uat-573-dual: ok all 5 nodes Ready (SC2 satisfied)
[19:33:17] === fixture uat-573-dual: PASS ===
[19:33:17] ALL TESTS PASSED — Phase 57.3 SC1 + SC2 + SC3 satisfied across IPv4 + IPv6 + dual-stack
[19:33:17] cleanup: deleting all 3 fixtures
