[13:50:32] uat-57.3-cert-regen.sh starting; KINDER_BIN=/Users/patrykattc/work/git/kinder/bin/kinder
[13:50:32] === Phase 57.3 cert-regen live UAT ===
[13:50:32] HEAD: fd117511f644d95bf1d9520fecdf99a7aaa4d314
[13:50:32] macOS: 26.3.1
[13:50:32] Docker: 29.4.3
[13:50:32] make build (rebuild against current HEAD)
go build -v -o "/Users/patrykattc/work/git/kinder/bin/kinder" -trimpath -ldflags="-buildid= -w -X=sigs.k8s.io/kind/pkg/internal/kindversion.gitCommit=fd117511f644d95bf1d9520fecdf99a7aaa4d314 -X=sigs.k8s.io/kind/pkg/internal/kindversion.gitCommitCount=141"
[13:50:33]   ok binary marker present: kubeadm certs renew %s failed on %s
[13:50:33]   ok binary marker present: apiserver-etcd-client
[13:50:33]   ok binary marker present: --strategy=
[13:50:33]   ok binary marker present: Cluster state is undefined
[13:50:34]   ok binary marker present: etcd ready-gate timed out
[13:50:34]   ok binary marker present: apiserver healthz timed out
kind v1.5.0 go1.25.7 darwin/arm64
[13:50:34] === fixture: uat-573-ipv4 (loopback=127.0.0.1, expected_nodes=5) ===
[13:50:34] uat-573-ipv4: kinder create cluster
Creating cluster "uat-573-ipv4" ...

NOTE: The following addon images will be pulled during cluster creation.
      Pre-load them and use --air-gapped to skip pulls:
        docker.io/envoyproxy/envoy:v1.36.2
        docker.io/envoyproxy/ratelimit:05c08d03
        docker.io/library/busybox:1.37.0
        docker.io/rancher/local-path-provisioner:v0.0.36
        envoyproxy/gateway:v1.7.2
        ghcr.io/headlamp-k8s/headlamp:v0.42.0
        quay.io/jetstack/cert-manager-cainjector:v1.20.2
        quay.io/jetstack/cert-manager-controller:v1.20.2
        quay.io/jetstack/cert-manager-webhook:v1.20.2
        quay.io/metallb/controller:v0.15.3
        quay.io/metallb/speaker:v0.15.3
        registry.k8s.io/metrics-server/metrics-server:v0.8.1
        registry:2

 • Ensuring node image (kindest/node:v1.35.1) 🖼  ...
HA cluster will use cert-regen resume strategy: probe runtime error: inspect returned invalid IP "invalid IP"
 ✓ Ensuring node image (kindest/node:v1.35.1) 🖼
 • Preparing nodes 📦 📦 📦 📦 📦   ...
 ✓ Preparing nodes 📦 📦 📦 📦 📦 
 • Configuring the external load balancer ⚖️  ...
 ✓ Configuring the external load balancer ⚖️
 • Writing configuration 📜  ...
 ✓ Writing configuration 📜
 • Starting control-plane 🕹️  ...
 ✓ Starting control-plane 🕹️
 • Installing CNI 🔌  ...
 ✓ Installing CNI 🔌
 • Joining more control-plane nodes 🎮  ...
 ✓ Joining more control-plane nodes 🎮
 • Joining worker nodes 🚜  ...
 ✓ Joining worker nodes 🚜

Local Registry:
  Push:        docker push localhost:5001/myimage:latest
  Pull in pods: image: localhost:5001/myimage:latest

 * Skipping NVIDIA GPU (disabled in config)

Dashboard:
  Get token: kubectl -n kube-system get secret kinder-dashboard-token -o jsonpath='{.data.token}' | base64 -d
  Port-forward: kubectl port-forward -n kube-system service/headlamp 8080:80
  Then open: http://localhost:8080

 • Installing Envoy Gateway  ...
 ✓ Installing Envoy Gateway
On darwin, MetalLB LoadBalancer IPs are not directly reachable from the host.
   Use kubectl port-forward to access LoadBalancer services:
   kubectl port-forward svc/<service-name> <local-port>:<service-port>

Addons:
 * Local Registry       installed (1.0s)
 * MetalLB              installed (34.6s)
 * Metrics Server       installed (36.3s)
 * CoreDNS Tuning       installed (2.3s)
 * Dashboard            installed (48.2s)
 * Cert Manager         installed (13.9s)
 * Local Path Provisioner installed (9.1s)
 * NVIDIA GPU           skipped (disabled)
 * Envoy Gateway        installed (24.3s)
Set kubectl context to "kind-uat-573-ipv4"
You can now use your cluster with:

kubectl cluster-info --context kind-uat-573-ipv4

Have a nice day! 👋
[13:52:48] uat-573-ipv4: capture pre-resume cert serials
[13:52:48] uat-573-ipv4: kinder pause
 - uat-573-ipv4-worker stopped (role: worker, 5.3s)
 - uat-573-ipv4-worker2 stopped (role: worker, 0.4s)
 - uat-573-ipv4-control-plane stopped (role: control-plane, 30.3s)
 - uat-573-ipv4-control-plane2 stopped (role: control-plane, 30.3s)
 - uat-573-ipv4-control-plane3 stopped (role: control-plane, 30.4s)
 - uat-573-ipv4-external-load-balancer stopped (role: external-load-balancer, 30.3s)
Cluster paused. Total time: 127.6s
[13:54:56] uat-573-ipv4: kinder resume --strategy=cert-regen --wait 15m
 • ✓ uat-573-ipv4-external-load-balancer (role=external-load-balancer, 0.1s)
 • ✓ uat-573-ipv4-control-plane (role=control-plane, 0.1s)
 • ✓ uat-573-ipv4-control-plane2 (role=control-plane, 0.1s)
 • ✓ uat-573-ipv4-control-plane3 (role=control-plane, 0.1s)
 • ✓ uat-573-ipv4-worker (role=worker, 0.1s)
 • ✓ uat-573-ipv4-worker2 (role=worker, 0.1s)
cert regen phase 1: regenerating cert files on all 3 CP nodes
  [phase 1] regenerating certs on uat-573-ipv4-control-plane (1/3)
  [phase 1] regenerating certs on uat-573-ipv4-control-plane2 (2/3)
  [phase 1] regenerating certs on uat-573-ipv4-control-plane3 (3/3)
cert regen phase 1 complete: all 3 CP nodes have fresh cert files
cert regen phase 1.5: waiting for etcd quorum on bootstrap CP (uat-573-ipv4-control-plane)
cert regen phase 1.5 complete: etcd quorum confirmed on uat-573-ipv4-control-plane
cert regen phase 1.6: verifying and updating etcd member peer URLs
  [phase 1.6] updating etcd member uat-573-ipv4-control-plane (6f1e1de96aea0868) peer URL: https://172.19.0.6:2380 → https://172.19.0.3:2380
  [phase 1.6] updated 1 etcd member peer URLs
cert regen phase 1.6 complete: etcd member peer URLs verified
cert regen phase 2: cycling manifests on all 3 CP nodes
cert regen phase 2a: simultaneous etcd restart (all 3 CPs)
  [phase 2 etcd] simultaneous etcd restart across 3 CPs
=== cert-regen diagnostic dump (failed at: etcd-simultaneous on uat-573-ipv4-control-plane) ===
etcdctl member list:
kubeadm certs check-expiration:
[check-expiration] Reading configuration from the "kubeadm-config" ConfigMap in namespace "kube-system"...
[check-expiration] Use 'kubeadm init phase upload-config kubeadm --config your-config-file' to re-upload it.
[check-expiration] Error reading configuration from the Cluster. Falling back to default configuration

CERTIFICATE                EXPIRES                  RESIDUAL TIME   CERTIFICATE AUTHORITY   EXTERNALLY MANAGED
admin.conf                 May 17, 2027 17:50 UTC   364d            ca                      no      
apiserver                  May 17, 2027 17:54 UTC   364d            ca                      no      
apiserver-etcd-client      May 17, 2027 17:55 UTC   364d            etcd-ca                 no      
apiserver-kubelet-client   May 17, 2027 17:50 UTC   364d            ca                      no      
controller-manager.conf    May 17, 2027 17:50 UTC   364d            ca                      no      
etcd-healthcheck-client    May 17, 2027 17:55 UTC   364d            etcd-ca                 no      
etcd-peer                  May 17, 2027 17:55 UTC   364d            etcd-ca                 no      
etcd-server                May 17, 2027 17:55 UTC   364d            etcd-ca                 no      
front-proxy-client         May 17, 2027 17:50 UTC   364d            front-proxy-ca          no      
scheduler.conf             May 17, 2027 17:50 UTC   364d            ca                      no      
super-admin.conf           May 17, 2027 17:50 UTC   364d            ca                      no      

CERTIFICATE AUTHORITY   EXPIRES                  RESIDUAL TIME   EXTERNALLY MANAGED
ca                      May 14, 2036 17:50 UTC   9y              no      
etcd-ca                 May 14, 2036 17:50 UTC   9y              no      
front-proxy-ca          May 14, 2036 17:50 UTC   9y              no      
kube-apiserver last 20 lines:
cert serials:
/etc/kubernetes/pki/etcd/peer.crt: serial=56FFBB059609D2E6
/etc/kubernetes/pki/etcd/server.crt: serial=4B9DC0DAADC62839
/etc/kubernetes/pki/etcd/healthcheck-client.crt: serial=4BB84EF15F79A626
/etc/kubernetes/pki/apiserver-etcd-client.crt: serial=720003897FF3D27F
Cluster resumed. Total time: 114.6s
ERROR: HA resume cert-regen failed: delete and recreate the cluster: cert regen phase 2a (simultaneous etcd restart) failed. Cluster state is undefined — delete and recreate the cluster: etcd ready-gate failed on uat-573-ipv4-control-plane (1/3) after simultaneous restart: etcd ready-gate timed out after 1m0s at https://127.0.0.1:2379: etcdctl exec failed: command "docker exec --privileged uat-573-ipv4-control-plane crictl exec 7ac46b11865276ea20216907a8a951a08f8614853e9d0e32f12d0f876ccf0649 etcdctl --cacert=/etc/kubernetes/pki/etcd/ca.crt --cert=/etc/kubernetes/pki/etcd/peer.crt --key=/etc/kubernetes/pki/etcd/peer.key --endpoints=https://127.0.0.1:2379 endpoint health --write-out=json" failed with error: exit status 1

Command Output: {"level":"warn","ts":"2026-05-17T17:56:34.276759Z","logger":"client","caller":"v3@v3.6.6/retry_interceptor.go:65","msg":"retrying of unary invoker failed","target":"etcd-endpoints://0x4000334960/127.0.0.1:2379","method":"/etcdserverpb.KV/Range","attempt":0,"error":"rpc error: code = DeadlineExceeded desc = context deadline exceeded while waiting for connections to become ready"}
Error: unhealthy cluster
[{"endpoint":"https://127.0.0.1:2379","health":false,"took":"5.003673336s","error":"context deadline exceeded"}]
execing command in container 7ac46b11865276ea20216907a8a951a08f8614853e9d0e32f12d0f876ccf0649: command terminated with exit code 1
[13:56:50] FAIL: uat-573-ipv4: kinder resume --strategy=cert-regen exited 1 (see /Users/patrykattc/work/git/kinder/.planning/phases/57.3-ha-cluster-cert-regen-recovery/uat-logs/uat-573-ipv4-resume.log)
[13:56:50] cleanup: SKIPPED — clusters preserved for forensics
[13:56:50]   inspect with: docker ps --filter label=io.x-k8s.kind.cluster
[13:56:50]   manual delete: /Users/patrykattc/work/git/kinder/bin/kinder delete cluster --name <name>
