[18:10:47] uat-57.3-cert-regen.sh starting; KINDER_BIN=/Users/patrykattc/work/git/kinder/bin/kinder
[18:10:47] === Phase 57.3 cert-regen live UAT ===
[18:10:47] HEAD: fd117511f644d95bf1d9520fecdf99a7aaa4d314
[18:10:47] macOS: 26.3.1
[18:10:47] Docker: 29.4.3
[18:10:47] make build (rebuild against current HEAD)
go build -v -o "/Users/patrykattc/work/git/kinder/bin/kinder" -trimpath -ldflags="-buildid= -w -X=sigs.k8s.io/kind/pkg/internal/kindversion.gitCommit=fd117511f644d95bf1d9520fecdf99a7aaa4d314 -X=sigs.k8s.io/kind/pkg/internal/kindversion.gitCommitCount=141"
[18:10:48]   ok binary marker present: kubeadm certs renew %s failed on %s
[18:10:48]   ok binary marker present: apiserver-etcd-client
[18:10:48]   ok binary marker present: --strategy=
[18:10:48]   ok binary marker present: Cluster state is undefined
[18:10:48]   ok binary marker present: etcd ready-gate timed out
[18:10:48]   ok binary marker present: apiserver healthz timed out
kind v1.5.0 go1.25.7 darwin/arm64
[18:10:53] === fixture: uat-573-ipv4 (loopback=127.0.0.1, expected_nodes=5) ===
[18:10:53] uat-573-ipv4: kinder create cluster
Creating cluster "uat-573-ipv4" ...

NOTE: The following addon images will be pulled during cluster creation.
      Pre-load them and use --air-gapped to skip pulls:
        docker.io/envoyproxy/envoy:v1.36.2
        docker.io/envoyproxy/ratelimit:05c08d03
        docker.io/library/busybox:1.37.0
        docker.io/rancher/local-path-provisioner:v0.0.36
        envoyproxy/gateway:v1.7.2
        ghcr.io/headlamp-k8s/headlamp:v0.42.0
        quay.io/jetstack/cert-manager-cainjector:v1.20.2
        quay.io/jetstack/cert-manager-controller:v1.20.2
        quay.io/jetstack/cert-manager-webhook:v1.20.2
        quay.io/metallb/controller:v0.15.3
        quay.io/metallb/speaker:v0.15.3
        registry.k8s.io/metrics-server/metrics-server:v0.8.1
        registry:2

 • Ensuring node image (kindest/node:v1.35.1) 🖼  ...
HA cluster will use cert-regen resume strategy: probe runtime error: inspect returned invalid IP "invalid IP"
 ✓ Ensuring node image (kindest/node:v1.35.1) 🖼
 • Preparing nodes 📦 📦 📦 📦 📦   ...
 ✓ Preparing nodes 📦 📦 📦 📦 📦 
 • Configuring the external load balancer ⚖️  ...
 ✓ Configuring the external load balancer ⚖️
 • Writing configuration 📜  ...
 ✓ Writing configuration 📜
 • Starting control-plane 🕹️  ...
 ✓ Starting control-plane 🕹️
 • Installing CNI 🔌  ...
 ✓ Installing CNI 🔌
 • Joining more control-plane nodes 🎮  ...
 ✓ Joining more control-plane nodes 🎮
 • Joining worker nodes 🚜  ...
 ✓ Joining worker nodes 🚜

Local Registry:
  Push:        docker push localhost:5001/myimage:latest
  Pull in pods: image: localhost:5001/myimage:latest

 * Skipping NVIDIA GPU (disabled in config)

Dashboard:
  Get token: kubectl -n kube-system get secret kinder-dashboard-token -o jsonpath='{.data.token}' | base64 -d
  Port-forward: kubectl port-forward -n kube-system service/headlamp 8080:80
  Then open: http://localhost:8080

 • Installing Envoy Gateway  ...
 ✓ Installing Envoy Gateway
On darwin, MetalLB LoadBalancer IPs are not directly reachable from the host.
   Use kubectl port-forward to access LoadBalancer services:
   kubectl port-forward svc/<service-name> <local-port>:<service-port>

Addons:
 * Local Registry       installed (0.9s)
 * MetalLB              installed (26.5s)
 * Metrics Server       installed (39.4s)
 * CoreDNS Tuning       installed (3.0s)
 * Dashboard            installed (55.5s)
 * Cert Manager         installed (15.0s)
 * Local Path Provisioner installed (7.0s)
 * NVIDIA GPU           skipped (disabled)
 * Envoy Gateway        installed (26.4s)
Set kubectl context to "kind-uat-573-ipv4"
You can now use your cluster with:

kubectl cluster-info --context kind-uat-573-ipv4

Have a nice day! 👋
[18:13:11] uat-573-ipv4: capture pre-resume cert serials
[18:13:11] uat-573-ipv4: kinder pause
 - uat-573-ipv4-worker stopped (role: worker, 0.5s)
 - uat-573-ipv4-worker2 stopped (role: worker, 5.3s)
 - uat-573-ipv4-control-plane stopped (role: control-plane, 30.3s)
 - uat-573-ipv4-control-plane2 stopped (role: control-plane, 30.3s)
 - uat-573-ipv4-control-plane3 stopped (role: control-plane, 30.4s)
 - uat-573-ipv4-external-load-balancer stopped (role: external-load-balancer, 30.3s)
Cluster paused. Total time: 127.7s
[18:15:19] uat-573-ipv4: kinder resume --strategy=cert-regen --wait 15m
 • ✓ uat-573-ipv4-external-load-balancer (role=external-load-balancer, 0.1s)
 • ✓ uat-573-ipv4-control-plane (role=control-plane, 0.1s)
 • ✓ uat-573-ipv4-control-plane2 (role=control-plane, 0.1s)
 • ✓ uat-573-ipv4-control-plane3 (role=control-plane, 0.1s)
 • ✓ uat-573-ipv4-worker (role=worker, 0.1s)
 • ✓ uat-573-ipv4-worker2 (role=worker, 0.1s)
cert regen phase 1: regenerating cert files on all 3 CP nodes
  [phase 1] regenerating certs on uat-573-ipv4-control-plane (1/3)
  [phase 1] regenerating certs on uat-573-ipv4-control-plane2 (2/3)
  [phase 1] regenerating certs on uat-573-ipv4-control-plane3 (3/3)
cert regen phase 1 complete: all 3 CP nodes have fresh cert files
cert regen phase 1.5: waiting for etcd quorum on bootstrap CP (uat-573-ipv4-control-plane)
cert regen phase 1.5: etcd quorum wait failed on uat-573-ipv4-control-plane, attempting force-new-cluster bootstrap: etcd ready-gate timed out after 5m0s at https://127.0.0.1:2379: etcdctl exec failed: command "docker exec --privileged uat-573-ipv4-control-plane crictl exec ef96400adab6b597b554a3025bef51d51c9d629f359ae749e3535181eccafea1 etcdctl --cacert=/etc/kubernetes/pki/etcd/ca.crt --cert=/etc/kubernetes/pki/etcd/peer.crt --key=/etc/kubernetes/pki/etcd/peer.key --endpoints=https://127.0.0.1:2379 endpoint health --write-out=json" failed with error: exit status 1
  [force-new-cluster] starting recovery bootstrap for 3 CP nodes
  [force-new-cluster] step 2: stopping all etcd instances (mv-out + crictl stop)
  [force-new-cluster] step 2 complete: all etcd containers stopped
  [force-new-cluster] step 3: injecting --force-new-cluster into uat-573-ipv4-control-plane manifest (at backup path)
  [force-new-cluster] step 4: starting cp1 (uat-573-ipv4-control-plane) with --force-new-cluster (mv-in + kubelet restart)
  [force-new-cluster] step 5: waiting for cp1 etcd to be healthy
  [force-new-cluster] step 5 complete: cp1 etcd healthy (single-member)
  [force-new-cluster] step 5.1: updating cp1 peer URL in WAL: https://172.19.0.7:2380 → https://172.19.0.3:2380
  [force-new-cluster] step 5.1 complete: cp1 peer URL updated to https://172.19.0.3:2380
  [force-new-cluster] step 5.5: removing --force-new-cluster from uat-573-ipv4-control-plane manifest before member joins
  [force-new-cluster] step 5.5: waiting for cp1 etcd healthy after --force-new-cluster removal
  [force-new-cluster] step 5.5 complete: cp1 stable as single-member cluster (no --force-new-cluster)
  [force-new-cluster] step 6 (1/2): adding member uat-573-ipv4-control-plane2 with peer URL https://172.19.0.4:2380
  [force-new-cluster] step 9 (1/2): waiting for uat-573-ipv4-control-plane2 etcd to be healthy
  [force-new-cluster] step 9 (1/2): uat-573-ipv4-control-plane2 etcd healthy
  [force-new-cluster] step 6 (2/2): adding member uat-573-ipv4-control-plane3 with peer URL https://172.19.0.5:2380
  [force-new-cluster] step 9 (2/2): waiting for uat-573-ipv4-control-plane3 etcd to be healthy
  [force-new-cluster] step 9 (2/2): uat-573-ipv4-control-plane3 etcd healthy
  [force-new-cluster] steps 6-9 complete: all 2 remaining CPs registered and healthy
  [force-new-cluster] bootstrap recovery complete
cert regen phase 1.5 complete: force-new-cluster bootstrap succeeded, etcd cluster reformed
cert regen phase 2: cycling manifests on all 3 CP nodes
cert regen phase 2a: skipped (force-new-cluster bootstrap already restarted etcd cluster)
cert regen phase 2b: cycling kube-apiserver manifests on all 3 CPs
cert regen phase 2b complete: all 3 kube-apiserver pods healthy
cert regen phase 2 complete: all 3 CP nodes healthy
Cluster resumed. Total time: 507.9s
[18:23:46] uat-573-ipv4: capture post-resume cert serials
[18:23:47] uat-573-ipv4: ok cert serials advanced (pre/post diff)
1,4c1,4
< /etc/kubernetes/pki/etcd/peer.crt: serial=525E1F55C1AF4A8D
< /etc/kubernetes/pki/etcd/server.crt: serial=5C019C48B09E6CEB
< /etc/kubernetes/pki/etcd/healthcheck-client.crt: serial=78EFF0C1D1F6CAF8
< /etc/kubernetes/pki/apiserver-etcd-client.crt: serial=664238DF43143461
---
> /etc/kubernetes/pki/etcd/peer.crt: serial=21D7730D447F0D
> /etc/kubernetes/pki/etcd/server.crt: serial=62C7D1AD86B978
> /etc/kubernetes/pki/etcd/healthcheck-client.crt: serial=7A51A124DAD9F2C7
> /etc/kubernetes/pki/apiserver-etcd-client.crt: serial=5316E7C00C43A115
[18:23:47] uat-573-ipv4: apiserver healthz from inside cp1 at https://127.0.0.1:6443/healthz
[18:23:47] uat-573-ipv4: ok apiserver healthz returned 200 (SC1/SC3 satisfied)
[18:23:47] uat-573-ipv4: capture kubeconfig + assert all 5 nodes Ready (15m deadline)
[18:23:47] uat-573-ipv4: ok all 5 nodes Ready (SC2 satisfied)
[18:23:47] === fixture uat-573-ipv4: PASS ===
[18:23:47] === fixture: uat-573-ipv6 (loopback=[::1], expected_nodes=5) ===
[18:23:47] uat-573-ipv6: kinder create cluster
Creating cluster "uat-573-ipv6" ...

NOTE: The following addon images will be pulled during cluster creation.
      Pre-load them and use --air-gapped to skip pulls:
        docker.io/envoyproxy/envoy:v1.36.2
        docker.io/envoyproxy/ratelimit:05c08d03
        docker.io/library/busybox:1.37.0
        docker.io/rancher/local-path-provisioner:v0.0.36
        envoyproxy/gateway:v1.7.2
        ghcr.io/headlamp-k8s/headlamp:v0.42.0
        quay.io/jetstack/cert-manager-cainjector:v1.20.2
        quay.io/jetstack/cert-manager-controller:v1.20.2
        quay.io/jetstack/cert-manager-webhook:v1.20.2
        quay.io/metallb/controller:v0.15.3
        quay.io/metallb/speaker:v0.15.3
        registry.k8s.io/metrics-server/metrics-server:v0.8.1
        registry:2

 • Ensuring node image (kindest/node:v1.35.1) 🖼  ...
HA cluster will use cert-regen resume strategy: probe runtime error: inspect returned invalid IP "invalid IP"
 ✓ Ensuring node image (kindest/node:v1.35.1) 🖼
 • Preparing nodes 📦 📦 📦 📦 📦   ...
 ✓ Preparing nodes 📦 📦 📦 📦 📦 
 • Configuring the external load balancer ⚖️  ...
 ✓ Configuring the external load balancer ⚖️
 • Writing configuration 📜  ...
 ✓ Writing configuration 📜
 • Starting control-plane 🕹️  ...
 ✓ Starting control-plane 🕹️
 • Installing CNI 🔌  ...
 ✓ Installing CNI 🔌
 • Joining more control-plane nodes 🎮  ...
 ✓ Joining more control-plane nodes 🎮
 • Joining worker nodes 🚜  ...
 ✓ Joining worker nodes 🚜

Local Registry:
  Push:        docker push localhost:5001/myimage:latest
  Pull in pods: image: localhost:5001/myimage:latest

 * Skipping NVIDIA GPU (disabled in config)

Dashboard:
  Get token: kubectl -n kube-system get secret kinder-dashboard-token -o jsonpath='{.data.token}' | base64 -d
  Port-forward: kubectl port-forward -n kube-system service/headlamp 8080:80
  Then open: http://localhost:8080

 • Installing Envoy Gateway  ...
 ✓ Installing Envoy Gateway
On darwin, MetalLB LoadBalancer IPs are not directly reachable from the host.
   Use kubectl port-forward to access LoadBalancer services:
   kubectl port-forward svc/<service-name> <local-port>:<service-port>

Addons:
 * Local Registry       installed (1.1s)
 * MetalLB              installed (28.6s)
 * Metrics Server       installed (42.3s)
 * CoreDNS Tuning       installed (13.9s)
 * Dashboard            installed (43.5s)
 * Cert Manager         installed (10.9s)
 * Local Path Provisioner installed (8.9s)
 * NVIDIA GPU           skipped (disabled)
 * Envoy Gateway        installed (28.4s)
Set kubectl context to "kind-uat-573-ipv6"
You can now use your cluster with:

kubectl cluster-info --context kind-uat-573-ipv6

Thanks for using kinder! 😊
[18:26:08] uat-573-ipv6: capture pre-resume cert serials
[18:26:08] uat-573-ipv6: kinder pause
failed to capture etcd leader id for HA pause snapshot (continuing): etcdctl endpoint status via crictl exec failed: command "docker exec --privileged uat-573-ipv6-control-plane crictl exec 2f7c3963f918c8e6e4bda3347a777b4b8f79af9d986d3cbccf28ecbad3c9ca53 etcdctl --cacert=/etc/kubernetes/pki/etcd/ca.crt --cert=/etc/kubernetes/pki/etcd/peer.crt --key=/etc/kubernetes/pki/etcd/peer.key --endpoints=https://127.0.0.1:2379 endpoint status --cluster --write-out=json" failed with error: exit status 1
 - uat-573-ipv6-worker2 stopped (role: worker, 1.4s)
 - uat-573-ipv6-worker stopped (role: worker, 5.3s)
 - uat-573-ipv6-control-plane stopped (role: control-plane, 30.3s)
 - uat-573-ipv6-control-plane2 stopped (role: control-plane, 30.4s)
 - uat-573-ipv6-control-plane3 stopped (role: control-plane, 30.3s)
 - uat-573-ipv6-external-load-balancer stopped (role: external-load-balancer, 30.2s)
Cluster paused. Total time: 133.5s
[18:28:22] uat-573-ipv6: kinder resume --strategy=cert-regen --wait 15m
 • ✓ uat-573-ipv6-external-load-balancer (role=external-load-balancer, 0.1s)
 • ✓ uat-573-ipv6-control-plane (role=control-plane, 0.1s)
 • ✓ uat-573-ipv6-control-plane2 (role=control-plane, 0.1s)
 • ✓ uat-573-ipv6-control-plane3 (role=control-plane, 0.1s)
⚠ cluster-resume-readiness: etcd leader changed since pause — leader id rotated; previous=7198075604354111488, current=5056616835617178624
 • ✓ uat-573-ipv6-worker2 (role=worker, 0.1s)
 • ✓ uat-573-ipv6-worker (role=worker, 0.1s)
cert regen phase 1: regenerating cert files on all 3 CP nodes
  [phase 1] regenerating certs on uat-573-ipv6-control-plane (1/3)
  [phase 1] regenerating certs on uat-573-ipv6-control-plane2 (2/3)
  [phase 1] regenerating certs on uat-573-ipv6-control-plane3 (3/3)
cert regen phase 1 complete: all 3 CP nodes have fresh cert files
cert regen phase 1.5: waiting for etcd quorum on bootstrap CP (uat-573-ipv6-control-plane)
cert regen phase 1.5: etcd quorum wait failed on uat-573-ipv6-control-plane, attempting force-new-cluster bootstrap: etcd ready-gate timed out after 5m0s at https://[::1]:2379: etcdctl exec failed: command "docker exec --privileged uat-573-ipv6-control-plane crictl exec 8b2c80e0dfad29d47a4938df53facb009e34458f7885788560f904a18cf69c80 etcdctl --cacert=/etc/kubernetes/pki/etcd/ca.crt --cert=/etc/kubernetes/pki/etcd/peer.crt --key=/etc/kubernetes/pki/etcd/peer.key '--endpoints=https://[::1]:2379' endpoint health --write-out=json" failed with error: exit status 1
  [force-new-cluster] starting recovery bootstrap for 3 CP nodes
  [force-new-cluster] step 2: stopping all etcd instances (mv-out + crictl stop)
  [force-new-cluster] step 2 complete: all etcd containers stopped
  [force-new-cluster] step 3: injecting --force-new-cluster into uat-573-ipv6-control-plane manifest (at backup path)
  [force-new-cluster] step 4: starting cp1 (uat-573-ipv6-control-plane) with --force-new-cluster (mv-in + kubelet restart)
  [force-new-cluster] step 5: waiting for cp1 etcd to be healthy
  [force-new-cluster] step 5 complete: cp1 etcd healthy (single-member)
  [force-new-cluster] step 5.1: updating cp1 peer URL in WAL: https://[fc00:4d57:1afd:1f1b::c]:2380 → https://[fc00:4d57:1afd:1f1b::a]:2380
  [force-new-cluster] step 5.1 complete: cp1 peer URL updated to https://[fc00:4d57:1afd:1f1b::a]:2380
  [force-new-cluster] step 5.5: removing --force-new-cluster from uat-573-ipv6-control-plane manifest before member joins
  [force-new-cluster] step 5.5: waiting for cp1 etcd healthy after --force-new-cluster removal
  [force-new-cluster] step 5.5 complete: cp1 stable as single-member cluster (no --force-new-cluster)
  [force-new-cluster] step 6 (1/2): adding member uat-573-ipv6-control-plane2 with peer URL https://[fc00:4d57:1afd:1f1b::b]:2380
  [force-new-cluster] step 9 (1/2): waiting for uat-573-ipv6-control-plane2 etcd to be healthy
  [force-new-cluster] step 9 (1/2): uat-573-ipv6-control-plane2 etcd healthy
  [force-new-cluster] step 6 (2/2): adding member uat-573-ipv6-control-plane3 with peer URL https://[fc00:4d57:1afd:1f1b::c]:2380
  [force-new-cluster] step 9 (2/2): waiting for uat-573-ipv6-control-plane3 etcd to be healthy
  [force-new-cluster] step 9 (2/2): uat-573-ipv6-control-plane3 etcd healthy
  [force-new-cluster] steps 6-9 complete: all 2 remaining CPs registered and healthy
  [force-new-cluster] bootstrap recovery complete
cert regen phase 1.5 complete: force-new-cluster bootstrap succeeded, etcd cluster reformed
cert regen phase 2: cycling manifests on all 3 CP nodes
cert regen phase 2a: skipped (force-new-cluster bootstrap already restarted etcd cluster)
cert regen phase 2b: cycling kube-apiserver manifests on all 3 CPs
cert regen phase 2b complete: all 3 kube-apiserver pods healthy
cert regen phase 2 complete: all 3 CP nodes healthy
Cluster resumed. Total time: 503.9s
[18:36:46] uat-573-ipv6: capture post-resume cert serials
[18:36:46] uat-573-ipv6: ok cert serials advanced (pre/post diff)
1,4c1,4
< /etc/kubernetes/pki/etcd/peer.crt: serial=438F26341BA2591C
< /etc/kubernetes/pki/etcd/server.crt: serial=096688302B7ED9D9
< /etc/kubernetes/pki/etcd/healthcheck-client.crt: serial=738C729A6F380A37
< /etc/kubernetes/pki/apiserver-etcd-client.crt: serial=499BC12510ECB14C
---
> /etc/kubernetes/pki/etcd/peer.crt: serial=3C69EFA9F93070CA
> /etc/kubernetes/pki/etcd/server.crt: serial=0C2A8DF463853CBC
> /etc/kubernetes/pki/etcd/healthcheck-client.crt: serial=457065041568209D
> /etc/kubernetes/pki/apiserver-etcd-client.crt: serial=23B9686856A655BF
[18:36:46] uat-573-ipv6: apiserver healthz from inside cp1 at https://[::1]:6443/healthz
[18:36:46] uat-573-ipv6: ok apiserver healthz returned 200 (SC1/SC3 satisfied)
[18:36:46] uat-573-ipv6: capture kubeconfig + assert all 5 nodes Ready (15m deadline)
[18:36:46] uat-573-ipv6: ok all 5 nodes Ready (SC2 satisfied)
[18:36:46] === fixture uat-573-ipv6: PASS ===
[18:36:46] === fixture: uat-573-dual (loopback=127.0.0.1, expected_nodes=5) ===
[18:36:46] uat-573-dual: kinder create cluster
Creating cluster "uat-573-dual" ...

NOTE: The following addon images will be pulled during cluster creation.
      Pre-load them and use --air-gapped to skip pulls:
        docker.io/envoyproxy/envoy:v1.36.2
        docker.io/envoyproxy/ratelimit:05c08d03
        docker.io/library/busybox:1.37.0
        docker.io/rancher/local-path-provisioner:v0.0.36
        envoyproxy/gateway:v1.7.2
        ghcr.io/headlamp-k8s/headlamp:v0.42.0
        quay.io/jetstack/cert-manager-cainjector:v1.20.2
        quay.io/jetstack/cert-manager-controller:v1.20.2
        quay.io/jetstack/cert-manager-webhook:v1.20.2
        quay.io/metallb/controller:v0.15.3
        quay.io/metallb/speaker:v0.15.3
        registry.k8s.io/metrics-server/metrics-server:v0.8.1
        registry:2

 • Ensuring node image (kindest/node:v1.35.1) 🖼  ...
HA cluster will use cert-regen resume strategy: probe runtime error: inspect returned invalid IP "invalid IP"
 ✓ Ensuring node image (kindest/node:v1.35.1) 🖼
 • Preparing nodes 📦 📦 📦 📦 📦   ...
 ✓ Preparing nodes 📦 📦 📦 📦 📦 
 • Configuring the external load balancer ⚖️  ...
 ✓ Configuring the external load balancer ⚖️
 • Writing configuration 📜  ...
 ✓ Writing configuration 📜
 • Starting control-plane 🕹️  ...
 ✓ Starting control-plane 🕹️
 • Installing CNI 🔌  ...
 ✓ Installing CNI 🔌
 • Joining more control-plane nodes 🎮  ...
 ✓ Joining more control-plane nodes 🎮
 • Joining worker nodes 🚜  ...
 ✓ Joining worker nodes 🚜

Local Registry:
  Push:        docker push localhost:5001/myimage:latest
  Pull in pods: image: localhost:5001/myimage:latest

 * Skipping NVIDIA GPU (disabled in config)

Dashboard:
  Get token: kubectl -n kube-system get secret kinder-dashboard-token -o jsonpath='{.data.token}' | base64 -d
  Port-forward: kubectl port-forward -n kube-system service/headlamp 8080:80
  Then open: http://localhost:8080

 • Installing Envoy Gateway  ...
 ✓ Installing Envoy Gateway
On darwin, MetalLB LoadBalancer IPs are not directly reachable from the host.
   Use kubectl port-forward to access LoadBalancer services:
   kubectl port-forward svc/<service-name> <local-port>:<service-port>

Addons:
 * Local Registry       installed (1.4s)
 * MetalLB              installed (38.6s)
 * Metrics Server       installed (39.4s)
 * CoreDNS Tuning       installed (3.6s)
 * Dashboard            installed (49.0s)
 * Cert Manager         installed (12.9s)
 * Local Path Provisioner installed (15.0s)
 * NVIDIA GPU           skipped (disabled)
 * Envoy Gateway        installed (29.5s)
Set kubectl context to "kind-uat-573-dual"
You can now use your cluster with:

kubectl cluster-info --context kind-uat-573-dual

Have a question, bug, or feature request? Let us know! https://kind.sigs.k8s.io/#community 🙂
[18:39:05] uat-573-dual: capture pre-resume cert serials
[18:39:05] uat-573-dual: kinder pause
 - uat-573-dual-worker2 stopped (role: worker, 5.3s)
 - uat-573-dual-worker stopped (role: worker, 0.4s)
 - uat-573-dual-control-plane stopped (role: control-plane, 30.3s)
 - uat-573-dual-control-plane2 stopped (role: control-plane, 30.5s)
 - uat-573-dual-control-plane3 stopped (role: control-plane, 30.4s)
 - uat-573-dual-external-load-balancer stopped (role: external-load-balancer, 30.2s)
Cluster paused. Total time: 127.8s
[18:41:13] uat-573-dual: kinder resume --strategy=cert-regen --wait 15m
 • ✓ uat-573-dual-external-load-balancer (role=external-load-balancer, 0.1s)
 • ✓ uat-573-dual-control-plane (role=control-plane, 0.1s)
 • ✓ uat-573-dual-control-plane2 (role=control-plane, 0.1s)
 • ✓ uat-573-dual-control-plane3 (role=control-plane, 0.1s)
 • ✓ uat-573-dual-worker2 (role=worker, 0.1s)
 • ✓ uat-573-dual-worker (role=worker, 0.1s)
cert regen phase 1: regenerating cert files on all 3 CP nodes
  [phase 1] regenerating certs on uat-573-dual-control-plane (1/3)
  [phase 1] regenerating certs on uat-573-dual-control-plane2 (2/3)
  [phase 1] regenerating certs on uat-573-dual-control-plane3 (3/3)
cert regen phase 1 complete: all 3 CP nodes have fresh cert files
cert regen phase 1.5: waiting for etcd quorum on bootstrap CP (uat-573-dual-control-plane)
cert regen phase 1.5: etcd quorum wait failed on uat-573-dual-control-plane, attempting force-new-cluster bootstrap: etcd ready-gate timed out after 5m0s at https://127.0.0.1:2379: etcdctl exec failed: command "docker exec --privileged uat-573-dual-control-plane crictl exec 53c14998f9c730d6da17685a5e0c2f75c24f477fb1df4cff1e6d09ab3e893981 etcdctl --cacert=/etc/kubernetes/pki/etcd/ca.crt --cert=/etc/kubernetes/pki/etcd/peer.crt --key=/etc/kubernetes/pki/etcd/peer.key --endpoints=https://127.0.0.1:2379 endpoint health --write-out=json" failed with error: exit status 1
  [force-new-cluster] starting recovery bootstrap for 3 CP nodes
  [force-new-cluster] step 1: patching etcd/apiserver manifests with 3 IP remappings
  [force-new-cluster] step 1 complete: manifests patched
  [force-new-cluster] step 2: stopping all etcd instances (mv-out + crictl stop)
  [force-new-cluster] step 2 complete: all etcd containers stopped
  [force-new-cluster] step 3: injecting --force-new-cluster into uat-573-dual-control-plane manifest (at backup path)
  [force-new-cluster] step 4: starting cp1 (uat-573-dual-control-plane) with --force-new-cluster (mv-in + kubelet restart)
  [force-new-cluster] step 5: waiting for cp1 etcd to be healthy
  [force-new-cluster] step 5 complete: cp1 etcd healthy (single-member)
  [force-new-cluster] step 5.1: updating cp1 peer URL in WAL: https://172.19.0.18:2380 → https://[fc00:4d57:1afd:1f1b::10]:2380
  [force-new-cluster] step 5.1 complete: cp1 peer URL updated to https://[fc00:4d57:1afd:1f1b::10]:2380
  [force-new-cluster] step 5.5: removing --force-new-cluster from uat-573-dual-control-plane manifest before member joins
  [force-new-cluster] step 5.5: waiting for cp1 etcd healthy after --force-new-cluster removal
  [force-new-cluster] step 5.5 complete: cp1 stable as single-member cluster (no --force-new-cluster)
  [force-new-cluster] step 6 (1/2): adding member uat-573-dual-control-plane2 with peer URL https://[fc00:4d57:1afd:1f1b::11]:2380
  [force-new-cluster] step 9 (1/2): waiting for uat-573-dual-control-plane2 etcd to be healthy
  [force-new-cluster] step 9 (1/2): uat-573-dual-control-plane2 etcd healthy
  [force-new-cluster] step 6 (2/2): adding member uat-573-dual-control-plane3 with peer URL https://[fc00:4d57:1afd:1f1b::12]:2380
  [force-new-cluster] step 9 (2/2): waiting for uat-573-dual-control-plane3 etcd to be healthy
  [force-new-cluster] step 9 (2/2): uat-573-dual-control-plane3 etcd healthy
  [force-new-cluster] steps 6-9 complete: all 2 remaining CPs registered and healthy
  [force-new-cluster] bootstrap recovery complete
cert regen phase 1.5 complete: force-new-cluster bootstrap succeeded, etcd cluster reformed
cert regen phase 2: cycling manifests on all 3 CP nodes
cert regen phase 2a: skipped (force-new-cluster bootstrap already restarted etcd cluster)
cert regen phase 2b: cycling kube-apiserver manifests on all 3 CPs
=== cert-regen diagnostic dump (failed at: apiserver-etcd-client on uat-573-dual-control-plane) ===
etcdctl member list:
+------------------+---------+-----------------------------+----------------------------------------+----------------------------------------+------------+
|        ID        | STATUS  |            NAME             |               PEER ADDRS               |              CLIENT ADDRS              | IS LEARNER |
+------------------+---------+-----------------------------+----------------------------------------+----------------------------------------+------------+
| 8394a1cacef89a06 | started | uat-573-dual-control-plane3 | https://[fc00:4d57:1afd:1f1b::12]:2380 | https://[fc00:4d57:1afd:1f1b::12]:2379 |      false |
| b52174e59f8b6bc3 | started | uat-573-dual-control-plane2 | https://[fc00:4d57:1afd:1f1b::11]:2380 | https://[fc00:4d57:1afd:1f1b::11]:2379 |      false |
| d66bbe0dede792ed | started |  uat-573-dual-control-plane | https://[fc00:4d57:1afd:1f1b::10]:2380 | https://[fc00:4d57:1afd:1f1b::10]:2379 |      false |
+------------------+---------+-----------------------------+----------------------------------------+----------------------------------------+------------+
kubeadm certs check-expiration:
[check-expiration] Reading configuration from the "kubeadm-config" ConfigMap in namespace "kube-system"...
[check-expiration] Use 'kubeadm init phase upload-config kubeadm --config your-config-file' to re-upload it.
[check-expiration] Error reading configuration from the Cluster. Falling back to default configuration

CERTIFICATE                EXPIRES                  RESIDUAL TIME   CERTIFICATE AUTHORITY   EXTERNALLY MANAGED
admin.conf                 May 17, 2027 22:36 UTC   364d            ca                      no      
apiserver                  May 17, 2027 22:41 UTC   364d            ca                      no      
apiserver-etcd-client      May 17, 2027 22:41 UTC   364d            etcd-ca                 no      
apiserver-kubelet-client   May 17, 2027 22:36 UTC   364d            ca                      no      
controller-manager.conf    May 17, 2027 22:36 UTC   364d            ca                      no      
etcd-healthcheck-client    May 17, 2027 22:41 UTC   364d            etcd-ca                 no      
etcd-peer                  May 17, 2027 22:41 UTC   364d            etcd-ca                 no      
etcd-server                May 17, 2027 22:41 UTC   364d            etcd-ca                 no      
front-proxy-client         May 17, 2027 22:36 UTC   364d            front-proxy-ca          no      
scheduler.conf             May 17, 2027 22:36 UTC   364d            ca                      no      
super-admin.conf           May 17, 2027 22:36 UTC   364d            ca                      no      

CERTIFICATE AUTHORITY   EXPIRES                  RESIDUAL TIME   EXTERNALLY MANAGED
ca                      May 14, 2036 22:36 UTC   9y              no      
etcd-ca                 May 14, 2036 22:36 UTC   9y              no      
front-proxy-ca          May 14, 2036 22:36 UTC   9y              no      
kube-apiserver last 20 lines: <kube-apiserver container not running>
cert serials:
/etc/kubernetes/pki/etcd/peer.crt: serial=47357B6AD8DF5AEA
/etc/kubernetes/pki/etcd/server.crt: serial=054C976D5770C0
/etc/kubernetes/pki/etcd/healthcheck-client.crt: serial=21B34914605E2415
/etc/kubernetes/pki/apiserver-etcd-client.crt: serial=390D9D9F56148978
Cluster resumed. Total time: 515.8s
ERROR: HA resume cert-regen failed: delete and recreate the cluster: cert regen phase 2b (apiserver manifest cycle) failed on uat-573-dual-control-plane. Cluster state is undefined — delete and recreate the cluster: apiserver healthz failed on uat-573-dual-control-plane after apiserver-etcd-client renew: apiserver healthz timed out after 2m0s at https://127.0.0.1:6443/healthz: command "docker exec --privileged uat-573-dual-control-plane curl -k -s -o /dev/null -w '%{http_code}' --max-time 5 https://127.0.0.1:6443/healthz" failed with error: exit status 7

Command Output: 000
[18:49:48] FAIL: uat-573-dual: kinder resume --strategy=cert-regen exited 1 (see /Users/patrykattc/work/git/kinder/.planning/phases/57.3-ha-cluster-cert-regen-recovery/uat-logs/uat-573-dual-resume.log)
[18:49:48] cleanup: SKIPPED — clusters preserved for forensics
[18:49:48]   inspect with: docker ps --filter label=io.x-k8s.kind.cluster
[18:49:48]   manual delete: /Users/patrykattc/work/git/kinder/bin/kinder delete cluster --name <name>
