[11:35:31] uat-57.3-cert-regen.sh starting; KINDER_BIN=/Users/patrykattc/work/git/kinder/bin/kinder
[11:35:31] === Phase 57.3 cert-regen live UAT ===
[11:35:31] HEAD: ff70d766c24e1396406660e8d71eb928504c06f7
[11:35:31] macOS: 26.3.1
[11:35:31] Docker: 29.4.3
[11:35:31] make build (rebuild against current HEAD)
go build -v -o "/Users/patrykattc/work/git/kinder/bin/kinder" -trimpath -ldflags="-buildid= -w -X=sigs.k8s.io/kind/pkg/internal/kindversion.gitCommit=ff70d766c24e1396406660e8d71eb928504c06f7 -X=sigs.k8s.io/kind/pkg/internal/kindversion.gitCommitCount=134"
[11:35:32]   ok binary marker present: kubeadm certs renew %s failed on %s
[11:35:32]   ok binary marker present: apiserver-etcd-client
[11:35:32]   ok binary marker present: --strategy=
[11:35:32]   ok binary marker present: Cluster state is undefined
[11:35:32]   ok binary marker present: etcd ready-gate timed out
[11:35:32]   ok binary marker present: apiserver healthz timed out
kind v1.5.0 go1.25.7 darwin/arm64
[11:35:33] === fixture: uat-573-ipv4 (loopback=127.0.0.1, expected_nodes=5) ===
[11:35:33] uat-573-ipv4: kinder create cluster
Creating cluster "uat-573-ipv4" ...

NOTE: The following addon images will be pulled during cluster creation.
      Pre-load them and use --air-gapped to skip pulls:
        docker.io/envoyproxy/envoy:v1.36.2
        docker.io/envoyproxy/ratelimit:05c08d03
        docker.io/library/busybox:1.37.0
        docker.io/rancher/local-path-provisioner:v0.0.36
        envoyproxy/gateway:v1.7.2
        ghcr.io/headlamp-k8s/headlamp:v0.42.0
        quay.io/jetstack/cert-manager-cainjector:v1.20.2
        quay.io/jetstack/cert-manager-controller:v1.20.2
        quay.io/jetstack/cert-manager-webhook:v1.20.2
        quay.io/metallb/controller:v0.15.3
        quay.io/metallb/speaker:v0.15.3
        registry.k8s.io/metrics-server/metrics-server:v0.8.1
        registry:2

 • Ensuring node image (kindest/node:v1.35.1) 🖼  ...
HA cluster will use cert-regen resume strategy: probe runtime error: inspect returned invalid IP "invalid IP"
 ✓ Ensuring node image (kindest/node:v1.35.1) 🖼
 • Preparing nodes 📦 📦 📦 📦 📦   ...
 ✓ Preparing nodes 📦 📦 📦 📦 📦 
 • Configuring the external load balancer ⚖️  ...
 ✓ Configuring the external load balancer ⚖️
 • Writing configuration 📜  ...
 ✓ Writing configuration 📜
 • Starting control-plane 🕹️  ...
 ✓ Starting control-plane 🕹️
 • Installing CNI 🔌  ...
 ✓ Installing CNI 🔌
 • Joining more control-plane nodes 🎮  ...
 ✓ Joining more control-plane nodes 🎮
 • Joining worker nodes 🚜  ...
 ✓ Joining worker nodes 🚜

Local Registry:
  Push:        docker push localhost:5001/myimage:latest
  Pull in pods: image: localhost:5001/myimage:latest

 * Skipping NVIDIA GPU (disabled in config)

Dashboard:
  Get token: kubectl -n kube-system get secret kinder-dashboard-token -o jsonpath='{.data.token}' | base64 -d
  Port-forward: kubectl port-forward -n kube-system service/headlamp 8080:80
  Then open: http://localhost:8080

 • Installing Envoy Gateway  ...
 ✓ Installing Envoy Gateway
On darwin, MetalLB LoadBalancer IPs are not directly reachable from the host.
   Use kubectl port-forward to access LoadBalancer services:
   kubectl port-forward svc/<service-name> <local-port>:<service-port>

Addons:
 * Local Registry       installed (1.0s)
 * MetalLB              installed (27.7s)
 * Metrics Server       installed (45.5s)
 * CoreDNS Tuning       installed (2.1s)
 * Dashboard            installed (47.5s)
 * Cert Manager         installed (12.8s)
 * Local Path Provisioner installed (6.9s)
 * NVIDIA GPU           skipped (disabled)
 * Envoy Gateway        installed (25.3s)
Set kubectl context to "kind-uat-573-ipv4"
You can now use your cluster with:

kubectl cluster-info --context kind-uat-573-ipv4

Thanks for using kinder! 😊
[11:37:40] uat-573-ipv4: capture pre-resume cert serials
[11:37:40] uat-573-ipv4: kinder pause
 - uat-573-ipv4-worker stopped (role: worker, 0.6s)
 - uat-573-ipv4-worker2 stopped (role: worker, 5.3s)
 - uat-573-ipv4-control-plane stopped (role: control-plane, 30.3s)
 - uat-573-ipv4-control-plane2 stopped (role: control-plane, 30.3s)
 - uat-573-ipv4-control-plane3 stopped (role: control-plane, 30.3s)
 - uat-573-ipv4-external-load-balancer stopped (role: external-load-balancer, 30.2s)
Cluster paused. Total time: 127.8s
[11:39:48] uat-573-ipv4: kinder resume --strategy=cert-regen --wait 15m
 • ✓ uat-573-ipv4-external-load-balancer (role=external-load-balancer, 0.1s)
 • ✓ uat-573-ipv4-control-plane (role=control-plane, 0.1s)
 • ✓ uat-573-ipv4-control-plane2 (role=control-plane, 0.1s)
 • ✓ uat-573-ipv4-control-plane3 (role=control-plane, 0.1s)
 • ✓ uat-573-ipv4-worker (role=worker, 0.1s)
 • ✓ uat-573-ipv4-worker2 (role=worker, 0.1s)
cert regen phase 1: regenerating cert files on all 3 CP nodes
  [phase 1] regenerating certs on uat-573-ipv4-control-plane (1/3)
  [phase 1] regenerating certs on uat-573-ipv4-control-plane2 (2/3)
  [phase 1] regenerating certs on uat-573-ipv4-control-plane3 (3/3)
cert regen phase 1 complete: all 3 CP nodes have fresh cert files
cert regen phase 1.5: waiting for etcd quorum on bootstrap CP (uat-573-ipv4-control-plane)
cert regen phase 1.5 complete: etcd quorum confirmed on uat-573-ipv4-control-plane
cert regen phase 1.6: verifying and updating etcd member peer URLs
  [phase 1.6] updating etcd member uat-573-ipv4-control-plane2 (ad0605f568ae6acb) peer URL: https://172.19.0.6:2380 → https://172.19.0.4:2380
  [phase 1.6] updating etcd member uat-573-ipv4-control-plane3 (b2fcec2f3298794c) peer URL: https://172.19.0.7:2380 → https://172.19.0.5:2380
  [phase 1.6] updated 2 etcd member peer URLs
cert regen phase 1.6 complete: etcd member peer URLs verified
cert regen phase 2: cycling manifests on all 3 CP nodes
cert regen phase 2a: simultaneous etcd restart (all 3 CPs)
  [phase 2 etcd] simultaneous etcd restart across 3 CPs
  [phase 2 etcd] simultaneous etcd restart complete: all 3 CPs healthy
cert regen phase 2a complete: etcd cluster restarted simultaneously
cert regen phase 2b: cycling kube-apiserver manifests on all 3 CPs
cert regen phase 2b complete: all 3 kube-apiserver pods healthy
cert regen phase 2 complete: all 3 CP nodes healthy
Cluster resumed. Total time: 313.4s
[11:45:01] uat-573-ipv4: capture post-resume cert serials
[11:45:02] uat-573-ipv4: ok cert serials advanced (pre/post diff)
1,4c1,4
< /etc/kubernetes/pki/etcd/peer.crt: serial=6D63A02E1EB19F22
< /etc/kubernetes/pki/etcd/server.crt: serial=0D4600B5BDC1397B
< /etc/kubernetes/pki/etcd/healthcheck-client.crt: serial=126AAAD8B4672B72
< /etc/kubernetes/pki/apiserver-etcd-client.crt: serial=7D9992510D535302
---
> /etc/kubernetes/pki/etcd/peer.crt: serial=2A5BEE2C5B70D52A
> /etc/kubernetes/pki/etcd/server.crt: serial=479DA93BBC8458B8
> /etc/kubernetes/pki/etcd/healthcheck-client.crt: serial=0EA3A3DC285ED3BD
> /etc/kubernetes/pki/apiserver-etcd-client.crt: serial=0D9F53E29FB1F7B9
[11:45:02] uat-573-ipv4: apiserver healthz from inside cp1 at https://127.0.0.1:6443/healthz
[11:45:02] uat-573-ipv4: ok apiserver healthz returned 200 (SC1/SC3 satisfied)
[11:45:02] uat-573-ipv4: capture kubeconfig + assert all 5 nodes Ready (15m deadline)
[11:45:02] uat-573-ipv4: ok all 5 nodes Ready (SC2 satisfied)
[11:45:02] === fixture uat-573-ipv4: PASS ===
[11:45:02] === fixture: uat-573-ipv6 (loopback=[::1], expected_nodes=5) ===
[11:45:02] uat-573-ipv6: kinder create cluster
Creating cluster "uat-573-ipv6" ...

NOTE: The following addon images will be pulled during cluster creation.
      Pre-load them and use --air-gapped to skip pulls:
        docker.io/envoyproxy/envoy:v1.36.2
        docker.io/envoyproxy/ratelimit:05c08d03
        docker.io/library/busybox:1.37.0
        docker.io/rancher/local-path-provisioner:v0.0.36
        envoyproxy/gateway:v1.7.2
        ghcr.io/headlamp-k8s/headlamp:v0.42.0
        quay.io/jetstack/cert-manager-cainjector:v1.20.2
        quay.io/jetstack/cert-manager-controller:v1.20.2
        quay.io/jetstack/cert-manager-webhook:v1.20.2
        quay.io/metallb/controller:v0.15.3
        quay.io/metallb/speaker:v0.15.3
        registry.k8s.io/metrics-server/metrics-server:v0.8.1
        registry:2

 • Ensuring node image (kindest/node:v1.35.1) 🖼  ...
HA cluster will use cert-regen resume strategy: probe runtime error: inspect returned invalid IP "invalid IP"
 ✓ Ensuring node image (kindest/node:v1.35.1) 🖼
 • Preparing nodes 📦 📦 📦 📦 📦   ...
 ✓ Preparing nodes 📦 📦 📦 📦 📦 
 • Configuring the external load balancer ⚖️  ...
 ✓ Configuring the external load balancer ⚖️
 • Writing configuration 📜  ...
 ✓ Writing configuration 📜
 • Starting control-plane 🕹️  ...
 ✓ Starting control-plane 🕹️
 • Installing CNI 🔌  ...
 ✓ Installing CNI 🔌
 • Joining more control-plane nodes 🎮  ...
 ✓ Joining more control-plane nodes 🎮
 • Joining worker nodes 🚜  ...
 ✓ Joining worker nodes 🚜

Local Registry:
  Push:        docker push localhost:5001/myimage:latest
  Pull in pods: image: localhost:5001/myimage:latest

 * Skipping NVIDIA GPU (disabled in config)

Dashboard:
  Get token: kubectl -n kube-system get secret kinder-dashboard-token -o jsonpath='{.data.token}' | base64 -d
  Port-forward: kubectl port-forward -n kube-system service/headlamp 8080:80
  Then open: http://localhost:8080

 • Installing Envoy Gateway  ...
 ✓ Installing Envoy Gateway
On darwin, MetalLB LoadBalancer IPs are not directly reachable from the host.
   Use kubectl port-forward to access LoadBalancer services:
   kubectl port-forward svc/<service-name> <local-port>:<service-port>

Addons:
 * Local Registry       installed (1.3s)
 * MetalLB              installed (28.6s)
 * Metrics Server       installed (39.3s)
 * CoreDNS Tuning       installed (14.3s)
 * Dashboard            installed (42.9s)
 * Cert Manager         installed (14.0s)
 * Local Path Provisioner installed (7.2s)
 * NVIDIA GPU           skipped (disabled)
 * Envoy Gateway        installed (25.2s)
Set kubectl context to "kind-uat-573-ipv6"
You can now use your cluster with:

kubectl cluster-info --context kind-uat-573-ipv6

Have a nice day! 👋
[11:47:14] uat-573-ipv6: capture pre-resume cert serials
[11:47:14] uat-573-ipv6: kinder pause
failed to capture etcd leader id for HA pause snapshot (continuing): etcdctl endpoint status via crictl exec failed: command "docker exec --privileged uat-573-ipv6-control-plane crictl exec c9ceb74ded254ad15952ff2e5fef2963346d962f3073f84c88786bda152791ee etcdctl --cacert=/etc/kubernetes/pki/etcd/ca.crt --cert=/etc/kubernetes/pki/etcd/peer.crt --key=/etc/kubernetes/pki/etcd/peer.key --endpoints=https://127.0.0.1:2379 endpoint status --cluster --write-out=json" failed with error: exit status 1
 - uat-573-ipv6-worker2 stopped (role: worker, 5.3s)
 - uat-573-ipv6-worker stopped (role: worker, 1.3s)
 - uat-573-ipv6-control-plane stopped (role: control-plane, 30.3s)
 - uat-573-ipv6-control-plane2 stopped (role: control-plane, 30.3s)
 - uat-573-ipv6-control-plane3 stopped (role: control-plane, 30.3s)
 - uat-573-ipv6-external-load-balancer stopped (role: external-load-balancer, 30.2s)
Cluster paused. Total time: 133.6s
[11:49:28] uat-573-ipv6: kinder resume --strategy=cert-regen --wait 15m
 • ✓ uat-573-ipv6-external-load-balancer (role=external-load-balancer, 0.1s)
 • ✓ uat-573-ipv6-control-plane (role=control-plane, 0.1s)
 • ✓ uat-573-ipv6-control-plane2 (role=control-plane, 0.1s)
 • ✓ uat-573-ipv6-control-plane3 (role=control-plane, 0.1s)
⚠ cluster-resume-readiness: etcd leader changed since pause — leader id rotated; previous=14285351119565967360, current=12897443120338728960
 • ✓ uat-573-ipv6-worker2 (role=worker, 0.1s)
 • ✓ uat-573-ipv6-worker (role=worker, 0.1s)
cert regen phase 1: regenerating cert files on all 3 CP nodes
  [phase 1] regenerating certs on uat-573-ipv6-control-plane (1/3)
  [phase 1] regenerating certs on uat-573-ipv6-control-plane2 (2/3)
  [phase 1] regenerating certs on uat-573-ipv6-control-plane3 (3/3)
cert regen phase 1 complete: all 3 CP nodes have fresh cert files
cert regen phase 1.5: waiting for etcd quorum on bootstrap CP (uat-573-ipv6-control-plane)
cert regen phase 1.5: etcd quorum wait failed on uat-573-ipv6-control-plane, attempting force-new-cluster bootstrap: etcd ready-gate timed out after 1m0s at https://[::1]:2379: etcdctl exec failed: command "docker exec --privileged uat-573-ipv6-control-plane crictl exec f04e11d17afa8755f6ce4653709f24656b1ad73147c67083f0d64d0bc7e332fd etcdctl --cacert=/etc/kubernetes/pki/etcd/ca.crt --cert=/etc/kubernetes/pki/etcd/peer.crt --key=/etc/kubernetes/pki/etcd/peer.key '--endpoints=https://[::1]:2379' endpoint health --write-out=json" failed with error: exit status 1
  [force-new-cluster] starting recovery bootstrap for 3 CP nodes
  [force-new-cluster] step 2: stopping all etcd instances (mv-out + crictl stop)
  [force-new-cluster] step 2 complete: all etcd containers stopped
  [force-new-cluster] step 3: injecting --force-new-cluster into uat-573-ipv6-control-plane manifest (at backup path)
  [force-new-cluster] step 4: starting cp1 (uat-573-ipv6-control-plane) with --force-new-cluster
  [force-new-cluster] step 5: waiting for cp1 etcd to be healthy
  [force-new-cluster] step 5 complete: cp1 etcd healthy (single-member)
=== cert-regen diagnostic dump (failed at: force-new-cluster on uat-573-ipv6-control-plane) ===
etcdctl member list: <etcd container not running>
kubeadm certs check-expiration:
[check-expiration] Reading configuration from the "kubeadm-config" ConfigMap in namespace "kube-system"...
[check-expiration] Use 'kubeadm init phase upload-config kubeadm --config your-config-file' to re-upload it.
[check-expiration] Error reading configuration from the Cluster. Falling back to default configuration

CERTIFICATE                EXPIRES                  RESIDUAL TIME   CERTIFICATE AUTHORITY   EXTERNALLY MANAGED
admin.conf                 May 17, 2027 15:45 UTC   364d            ca                      no      
apiserver                  May 17, 2027 15:49 UTC   364d            ca                      no      
apiserver-etcd-client      May 17, 2027 15:49 UTC   364d            etcd-ca                 no      
apiserver-kubelet-client   May 17, 2027 15:45 UTC   364d            ca                      no      
controller-manager.conf    May 17, 2027 15:45 UTC   364d            ca                      no      
etcd-healthcheck-client    May 17, 2027 15:49 UTC   364d            etcd-ca                 no      
etcd-peer                  May 17, 2027 15:49 UTC   364d            etcd-ca                 no      
etcd-server                May 17, 2027 15:49 UTC   364d            etcd-ca                 no      
front-proxy-client         May 17, 2027 15:45 UTC   364d            front-proxy-ca          no      
scheduler.conf             May 17, 2027 15:45 UTC   364d            ca                      no      
super-admin.conf           May 17, 2027 15:45 UTC   364d            ca                      no      

CERTIFICATE AUTHORITY   EXPIRES                  RESIDUAL TIME   EXTERNALLY MANAGED
ca                      May 14, 2036 15:45 UTC   9y              no      
etcd-ca                 May 14, 2036 15:45 UTC   9y              no      
front-proxy-ca          May 14, 2036 15:45 UTC   9y              no      
kube-apiserver last 20 lines:
cert serials:
/etc/kubernetes/pki/etcd/peer.crt: serial=1A19DDEC6D5F2FA7
/etc/kubernetes/pki/etcd/server.crt: serial=2F02165DE4F5B681
/etc/kubernetes/pki/etcd/healthcheck-client.crt: serial=3F03C7B55BFEF8A0
/etc/kubernetes/pki/apiserver-etcd-client.crt: serial=1B7FC6CE9EFB82BA
Cluster resumed. Total time: 172.2s
ERROR: HA resume cert-regen failed: delete and recreate the cluster: cert regen phase 1.5 (force-new-cluster bootstrap) failed on uat-573-ipv6-control-plane. Cluster state is undefined — delete and recreate the cluster: force-new-cluster: get cp1 etcd container ID on uat-573-ipv6-control-plane: no running etcd container on uat-573-ipv6-control-plane
[11:52:20] FAIL: uat-573-ipv6: kinder resume --strategy=cert-regen exited 1 (see /Users/patrykattc/work/git/kinder/.planning/phases/57.3-ha-cluster-cert-regen-recovery/uat-logs/uat-573-ipv6-resume.log)
[11:52:20] cleanup: SKIPPED — clusters preserved for forensics
[11:52:20]   inspect with: docker ps --filter label=io.x-k8s.kind.cluster
[11:52:20]   manual delete: /Users/patrykattc/work/git/kinder/bin/kinder delete cluster --name <name>
